Archive member included because of file (symbol)

.\CortexM0\ARM_GCC_493\Debug\BackBone_Bootloadable.a(cyfitter_cfg.o)
                              .\CortexM0\ARM_GCC_493\Debug\Cm0Start.o (cyfitter_cfg)
.\CortexM0\ARM_GCC_493\Debug\BackBone_Bootloadable.a(ADC.o)
                              .\CortexM0\ARM_GCC_493\Debug\main.o (ADC_Start)
.\CortexM0\ARM_GCC_493\Debug\BackBone_Bootloadable.a(ADC_INT.o)
                              .\CortexM0\ARM_GCC_493\Debug\BackBone_Bootloadable.a(ADC.o) (ADC_ISR)
.\CortexM0\ARM_GCC_493\Debug\BackBone_Bootloadable.a(Disconnect_LED.o)
                              .\CortexM0\ARM_GCC_493\Debug\main.o (Disconnect_LED_Write)
.\CortexM0\ARM_GCC_493\Debug\BackBone_Bootloadable.a(SW2.o)
                              .\CortexM0\ARM_GCC_493\Debug\main.o (SW2_ClearInterrupt)
.\CortexM0\ARM_GCC_493\Debug\BackBone_Bootloadable.a(LowPower_LED.o)
                              .\CortexM0\ARM_GCC_493\Debug\main.o (LowPower_LED_Write)
.\CortexM0\ARM_GCC_493\Debug\BackBone_Bootloadable.a(Advertising_LED.o)
                              .\CortexM0\ARM_GCC_493\Debug\main.o (Advertising_LED_Write)
.\CortexM0\ARM_GCC_493\Debug\BackBone_Bootloadable.a(CyBootAsmGnu.o)
                              .\CortexM0\ARM_GCC_493\Debug\BackBone_Bootloadable.a(cyfitter_cfg.o) (CyDelayCycles)
.\CortexM0\ARM_GCC_493\Debug\BackBone_Bootloadable.a(CyLib.o)
                              .\CortexM0\ARM_GCC_493\Debug\BackBone_Bootloadable.a(cyfitter_cfg.o) (CySysClkWriteImoFreq)
.\CortexM0\ARM_GCC_493\Debug\BackBone_Bootloadable.a(cyPm.o)
                              .\CortexM0\ARM_GCC_493\Debug\main.o (CySysPmSleep)
.\CortexM0\ARM_GCC_493\Debug\BackBone_Bootloadable.a(CyLFClk.o)
                              .\CortexM0\ARM_GCC_493\Debug\BackBone_Bootloadable.a(cyfitter_cfg.o) (CySysClkWcoStart)
.\CortexM0\ARM_GCC_493\Debug\BackBone_Bootloadable.a(MotorPWM.o)
                              .\CortexM0\ARM_GCC_493\Debug\main.o (MotorPWM_Stop)
.\CortexM0\ARM_GCC_493\Debug\BackBone_Bootloadable.a(I2C.o)
                              .\CortexM0\ARM_GCC_493\Debug\i2c_comm.o (I2C_Start)
.\CortexM0\ARM_GCC_493\Debug\BackBone_Bootloadable.a(I2C_I2C.o)
                              .\CortexM0\ARM_GCC_493\Debug\BackBone_Bootloadable.a(I2C.o) (I2C_I2CInit)
.\CortexM0\ARM_GCC_493\Debug\BackBone_Bootloadable.a(I2C_I2C_MASTER.o)
                              .\CortexM0\ARM_GCC_493\Debug\i2c_comm.o (I2C_I2CMasterSendStop)
.\CortexM0\ARM_GCC_493\Debug\BackBone_Bootloadable.a(INVN_INT.o)
                              .\CortexM0\ARM_GCC_493\Debug\inv.o (INVN_INT_ClearInterrupt)
.\CortexM0\ARM_GCC_493\Debug\BackBone_Bootloadable.a(isr_INVN_INT.o)
                              .\CortexM0\ARM_GCC_493\Debug\inv.o (isr_INVN_INT_StartEx)
.\CortexM0\ARM_GCC_493\Debug\BackBone_Bootloadable.a(Timer1ms.o)
                              .\CortexM0\ARM_GCC_493\Debug\timeout.o (Timer1ms_Stop)
.\CortexM0\ARM_GCC_493\Debug\BackBone_Bootloadable.a(isr_Timer1ms.o)
                              .\CortexM0\ARM_GCC_493\Debug\timeout.o (isr_Timer1ms_Stop)
.\CortexM0\ARM_GCC_493\Debug\BackBone_Bootloadable.a(Bootloadable.o)
                              .\CortexM0\ARM_GCC_493\Debug\OTAMandatory.o (Bootloadable_Load)
.\CortexM0\ARM_GCC_493\Debug\BackBone_Bootloadable.a(CyFlash.o)
                              .\CortexM0\ARM_GCC_493\Debug\BackBone_Bootloadable.a(Bootloadable.o) (CySysFlashWriteRow)
.\CortexM0\ARM_GCC_493\Debug\BackBone_Bootloadable.a(I2C_I2C_INT.o)
                              .\CortexM0\ARM_GCC_493\Debug\BackBone_Bootloadable.a(I2C_I2C.o) (I2C_I2C_ISR)
c:/program files (x86)/cypress/psoc creator/3.3/psoc creator/import/gnu/arm/4.9.3/bin/../lib/gcc/arm-none-eabi/4.9.3/armv6-m\libgcc.a(_thumb1_case_uqi.o)
                              .\CortexM0\ARM_GCC_493\Debug\dmp3Default_20648.o (__gnu_thumb1_case_uqi)
c:/program files (x86)/cypress/psoc creator/3.3/psoc creator/import/gnu/arm/4.9.3/bin/../lib/gcc/arm-none-eabi/4.9.3/armv6-m\libgcc.a(_udivsi3.o)
                              .\CortexM0\ARM_GCC_493\Debug\inv_mems_base_driver.o (__aeabi_uidiv)
c:/program files (x86)/cypress/psoc creator/3.3/psoc creator/import/gnu/arm/4.9.3/bin/../lib/gcc/arm-none-eabi/4.9.3/armv6-m\libgcc.a(_divsi3.o)
                              .\CortexM0\ARM_GCC_493\Debug\bas.o (__aeabi_idiv)
c:/program files (x86)/cypress/psoc creator/3.3/psoc creator/import/gnu/arm/4.9.3/bin/../lib/gcc/arm-none-eabi/4.9.3/armv6-m\libgcc.a(_dvmd_tls.o)
                              c:/program files (x86)/cypress/psoc creator/3.3/psoc creator/import/gnu/arm/4.9.3/bin/../lib/gcc/arm-none-eabi/4.9.3/armv6-m\libgcc.a(_udivsi3.o) (__aeabi_idiv0)
c:/program files (x86)/cypress/psoc creator/3.3/psoc creator/import/gnu/arm/4.9.3/bin/../lib/gcc/arm-none-eabi/4.9.3/armv6-m\libgcc.a(_ashrdi3.o)
                              .\CortexM0\ARM_GCC_493\Debug\ml_math_func.o (__aeabi_lasr)
[...]
Memory Configuration

Name             Origin             Length             Attributes
rom              0x00000000         0x00020000         xr
ram              0x20000000         0x00004000         xrw
*default*        0x00000000         0xffffffff

Linker script and memory map

LOAD c:/program files (x86)/cypress/psoc creator/3.3/psoc creator/import/gnu/arm/4.9.3/bin/../lib/gcc/arm-none-eabi/4.9.3/armv6-m/crti.o
LOAD c:/program files (x86)/cypress/psoc creator/3.3/psoc creator/import/gnu/arm/4.9.3/bin/../lib/gcc/arm-none-eabi/4.9.3/armv6-m/crtbegin.o
LOAD c:/program files (x86)/cypress/psoc creator/3.3/psoc creator/import/gnu/arm/4.9.3/bin/../lib/gcc/arm-none-eabi/4.9.3/../../../../arm-none-eabi/lib/armv6-m/crt0.o
START GROUP
LOAD .\CortexM0\ARM_GCC_493\Debug\main.o
LOAD .\CortexM0\ARM_GCC_493\Debug\bas.o
LOAD .\CortexM0\ARM_GCC_493\Debug\debug.o
LOAD .\CortexM0\ARM_GCC_493\Debug\i2c_comm.o
LOAD .\CortexM0\ARM_GCC_493\Debug\inv.o
LOAD .\CortexM0\ARM_GCC_493\Debug\timeout.o
LOAD .\CortexM0\ARM_GCC_493\Debug\BLEApplications.o
LOAD .\CortexM0\ARM_GCC_493\Debug\BackBone.o
LOAD .\CortexM0\ARM_GCC_493\Debug\OTAMandatory.o
LOAD .\CortexM0\ARM_GCC_493\Debug\inv_mems_drv_hook.o
LOAD .\CortexM0\ARM_GCC_493\Debug\inv_mems_interface_mapping.o
LOAD .\CortexM0\ARM_GCC_493\Debug\dmp3Default_20608D.o
LOAD .\CortexM0\ARM_GCC_493\Debug\dmp3Default_20648.o
LOAD .\CortexM0\ARM_GCC_493\Debug\inv_mems_augmented_sensors.o
LOAD .\CortexM0\ARM_GCC_493\Debug\inv_mems_base_control.o
LOAD .\CortexM0\ARM_GCC_493\Debug\inv_mems_base_control_20609.o
LOAD .\CortexM0\ARM_GCC_493\Debug\inv_mems_base_driver.o
LOAD .\CortexM0\ARM_GCC_493\Debug\inv_mems_base_driver_20609.o
LOAD .\CortexM0\ARM_GCC_493\Debug\inv_mems_data_converter.o
LOAD .\CortexM0\ARM_GCC_493\Debug\inv_mems_load_firmware.o
LOAD .\CortexM0\ARM_GCC_493\Debug\inv_mems_mpu_fifo_control.o
LOAD .\CortexM0\ARM_GCC_493\Debug\inv_mems_mpu_selftest.o
LOAD .\CortexM0\ARM_GCC_493\Debug\inv_mems_secondary_transport.o
LOAD .\CortexM0\ARM_GCC_493\Debug\inv_mems_slave_compass.o
LOAD .\CortexM0\ARM_GCC_493\Debug\inv_mems_slave_pressure.o
LOAD .\CortexM0\ARM_GCC_493\Debug\inv_mems_transport.o
LOAD .\CortexM0\ARM_GCC_493\Debug\ml_math_func.o
LOAD .\CortexM0\ARM_GCC_493\Debug\mlmath.o
LOAD .\CortexM0\ARM_GCC_493\Debug\cymetadata.o
LOAD .\CortexM0\ARM_GCC_493\Debug\Cm0Start.o
LOAD .\CortexM0\ARM_GCC_493\Debug\cybootloader.o
LOAD .\CortexM0\ARM_GCC_493\Debug\BackBone_Bootloadable.a
LOAD C:\Program Files (x86)\Cypress\PSoC Creator\3.3\PSoC Creator\psoc\content\cycomponentlibrary\CyComponentLibrary.cylib\CortexM0\ARM_GCC_493\Debug\CyComponentLibrary.a
END GROUP
START GROUP
LOAD c:/program files (x86)/cypress/psoc creator/3.3/psoc creator/import/gnu/arm/4.9.3/bin/../lib/gcc/arm-none-eabi/4.9.3/armv6-m\libgcc.a
LOAD c:/program files (x86)/cypress/psoc creator/3.3/psoc creator/import/gnu/arm/4.9.3/bin/../lib/gcc/arm-none-eabi/4.9.3/../../../../arm-none-eabi/lib/armv6-m\libg_nano.a
LOAD c:/program files (x86)/cypress/psoc creator/3.3/psoc creator/import/gnu/arm/4.9.3/bin/../lib/gcc/arm-none-eabi/4.9.3/../../../../arm-none-eabi/lib/armv6-m\libc_nano.a
END GROUP
START GROUP
LOAD c:/program files (x86)/cypress/psoc creator/3.3/psoc creator/import/gnu/arm/4.9.3/bin/../lib/gcc/arm-none-eabi/4.9.3/armv6-m\libgcc.a
LOAD c:/program files (x86)/cypress/psoc creator/3.3/psoc creator/import/gnu/arm/4.9.3/bin/../lib/gcc/arm-none-eabi/4.9.3/../../../../arm-none-eabi/lib/armv6-m\libc_nano.a
END GROUP
LOAD c:/program files (x86)/cypress/psoc creator/3.3/psoc creator/import/gnu/arm/4.9.3/bin/../lib/gcc/arm-none-eabi/4.9.3/armv6-m/crtend.o
LOAD c:/program files (x86)/cypress/psoc creator/3.3/psoc creator/import/gnu/arm/4.9.3/bin/../lib/gcc/arm-none-eabi/4.9.3/armv6-m/crtn.o
START GROUP
LOAD c:/program files (x86)/cypress/psoc creator/3.3/psoc creator/import/gnu/arm/4.9.3/bin/../lib/gcc/arm-none-eabi/4.9.3/armv6-m\libgcc.a
LOAD c:/program files (x86)/cypress/psoc creator/3.3/psoc creator/import/gnu/arm/4.9.3/bin/../lib/gcc/arm-none-eabi/4.9.3/../../../../arm-none-eabi/lib/armv6-m\libc.a
LOAD c:/program files (x86)/cypress/psoc creator/3.3/psoc creator/import/gnu/arm/4.9.3/bin/../lib/gcc/arm-none-eabi/4.9.3/../../../../arm-none-eabi/lib/armv6-m\libnosys.a
END GROUP
                0x00000000                PROVIDE (Bootloader_Service_Activation__0__PORT, 0x0)
                0x00000000                PROVIDE (Bootloader_Service_Activation__0__PORT, 0x0)
                0x00000000                PROVIDE (Bootloader_Service_Activation__PORT, 0x0)
                0x00000000                PROVIDE (Bootloader_Service_Activation__PORT, 0x0)
                0x00000000                PROVIDE (Bootloading_LED__0__PORT, 0x0)
                0x00000000                PROVIDE (Bootloading_LED__0__PORT, 0x0)
                0x00000000                PROVIDE (Bootloading_LED__PORT, 0x0)
                0x00000000                PROVIDE (Bootloading_LED__PORT, 0x0)
                0x00000000                PROVIDE (CYFLD_TCPWM_COUNTER_ENABLED__OFFSET, 0x0)
                0x00000000                PROVIDE (CYFLD_TCPWM_COUNTER_ENABLED__OFFSET, 0x0)
                0x00000000                PROVIDE (Wakeup_Interrupt__INTC_NUMBER, 0x0)
                0x00000000                PROVIDE (Wakeup_Interrupt__INTC_NUMBER, 0x0)
                0x00000001                PROVIDE (Bootloader__cy_region_num, 0x1)
                0x00000001                PROVIDE (CYDEV_USE_BUNDLED_CMSIS, 0x1)
                0x00000001                PROVIDE (CYDEV_USE_BUNDLED_CMSIS, 0x1)
                0x00000001                PROVIDE (CYFLD_CTBM_ENABLED__SIZE, 0x1)
                0x00000001                PROVIDE (CYFLD_CTBM_ENABLED__SIZE, 0x1)
                0x00000001                PROVIDE (CYFLD_PASS_DSAB_ENABLED__SIZE, 0x1)
                0x00000001                PROVIDE (CYFLD_PASS_DSAB_ENABLED__SIZE, 0x1)
                0x00000001                PROVIDE (CYFLD_SAR_ENABLED__SIZE, 0x1)
                0x00000001                PROVIDE (CYFLD_SAR_ENABLED__SIZE, 0x1)
                0x00000001                PROVIDE (CYFLD_SCB_CTS_ENABLED__SIZE, 0x1)
                0x00000001                PROVIDE (CYFLD_SCB_CTS_ENABLED__SIZE, 0x1)
                0x00000001                PROVIDE (CYFLD_SCB_ENABLED__SIZE, 0x1)
                0x00000001                PROVIDE (CYFLD_SCB_ENABLED__SIZE, 0x1)
                0x00000001                PROVIDE (CYFLD_SCB_PARITY_ENABLED__SIZE, 0x1)
                0x00000001                PROVIDE (CYFLD_SCB_PARITY_ENABLED__SIZE, 0x1)
                0x00000001                PROVIDE (Wakeup_Interrupt__INTC_MASK, 0x1)
                0x00000001                PROVIDE (Wakeup_Interrupt__INTC_MASK, 0x1)
                0x00000003                PROVIDE (Advertising_LED_1__0__PORT, 0x3)
                0x00000003                PROVIDE (Advertising_LED_1__0__PORT, 0x3)
                0x00000003                PROVIDE (Advertising_LED_1__PORT, 0x3)
                0x00000003                PROVIDE (Advertising_LED_1__PORT, 0x3)
                0x00000003                PROVIDE (Advertising_LED_2__0__PORT, 0x3)
                0x00000003                PROVIDE (Advertising_LED_2__0__PORT, 0x3)
                0x00000003                PROVIDE (Advertising_LED_2__PORT, 0x3)
                0x00000003                PROVIDE (Advertising_LED_2__PORT, 0x3)
                0x00000003                PROVIDE (CyBle_bless_isr__INTC_PRIOR_NUM, 0x3)
                0x00000003                PROVIDE (CyBle_bless_isr__INTC_PRIOR_NUM, 0x3)
                0x00000003                PROVIDE (Wakeup_Interrupt__INTC_PRIOR_NUM, 0x3)
                0x00000003                PROVIDE (Wakeup_Interrupt__INTC_PRIOR_NUM, 0x3)
                0x00000004                PROVIDE (Bootloader_Service_Activation__0__SHIFT, 0x4)
                0x00000004                PROVIDE (Bootloader_Service_Activation__0__SHIFT, 0x4)
                0x00000004                PROVIDE (Bootloader_Service_Activation__SHIFT, 0x4)
                0x00000004                PROVIDE (Bootloader_Service_Activation__SHIFT, 0x4)
                0x00000004                PROVIDE (CYFLD_TCPWM_COUNTER_ENABLED__SIZE, 0x4)
                0x00000004                PROVIDE (CYFLD_TCPWM_COUNTER_ENABLED__SIZE, 0x4)
                0x00000005                PROVIDE (Bootloading_LED__0__SHIFT, 0x5)
                0x00000005                PROVIDE (Bootloading_LED__0__SHIFT, 0x5)
                0x00000005                PROVIDE (Bootloading_LED__SHIFT, 0x5)
                0x00000005                PROVIDE (Bootloading_LED__SHIFT, 0x5)
                0x00000005                PROVIDE (CYFLD_SCB_PARITY_ENABLED__OFFSET, 0x5)
                0x00000005                PROVIDE (CYFLD_SCB_PARITY_ENABLED__OFFSET, 0x5)
                0x00000006                PROVIDE (Advertising_LED_1__0__SHIFT, 0x6)
                0x00000006                PROVIDE (Advertising_LED_1__0__SHIFT, 0x6)
                0x00000006                PROVIDE (Advertising_LED_1__SHIFT, 0x6)
                0x00000006                PROVIDE (Advertising_LED_1__SHIFT, 0x6)
                0x00000007                PROVIDE (Advertising_LED_2__0__SHIFT, 0x7)
                0x00000007                PROVIDE (Advertising_LED_2__0__SHIFT, 0x7)
                0x00000007                PROVIDE (Advertising_LED_2__SHIFT, 0x7)
                0x00000007                PROVIDE (Advertising_LED_2__SHIFT, 0x7)
                0x0000000c                PROVIDE (CyBle_bless_isr__INTC_NUMBER, 0xc)
                0x0000000c                PROVIDE (CyBle_bless_isr__INTC_NUMBER, 0xc)
                0x00000010                PROVIDE (Bootloader_Service_Activation__0__HSIOM_SHIFT, 0x10)
                0x00000010                PROVIDE (Bootloader_Service_Activation__0__HSIOM_SHIFT, 0x10)
                0x00000010                PROVIDE (Bootloader_Service_Activation__0__MASK, 0x10)
                0x00000010                PROVIDE (Bootloader_Service_Activation__0__MASK, 0x10)
                0x00000010                PROVIDE (Bootloader_Service_Activation__MASK, 0x10)
                0x00000010                PROVIDE (Bootloader_Service_Activation__MASK, 0x10)
                0x00000014                PROVIDE (Bootloading_LED__0__HSIOM_SHIFT, 0x14)
                0x00000014                PROVIDE (Bootloading_LED__0__HSIOM_SHIFT, 0x14)
                0x00000018                PROVIDE (Advertising_LED_1__0__HSIOM_SHIFT, 0x18)
                0x00000018                PROVIDE (Advertising_LED_1__0__HSIOM_SHIFT, 0x18)
                0x00000019                PROVIDE (CYFLD_SCB_CTS_ENABLED__OFFSET, 0x19)
                0x00000019                PROVIDE (CYFLD_SCB_CTS_ENABLED__OFFSET, 0x19)
                0x0000001c                PROVIDE (Advertising_LED_2__0__HSIOM_SHIFT, 0x1c)
                0x0000001c                PROVIDE (Advertising_LED_2__0__HSIOM_SHIFT, 0x1c)
                0x0000001f                PROVIDE (CYFLD_CTBM_ENABLED__OFFSET, 0x1f)
                0x0000001f                PROVIDE (CYFLD_CTBM_ENABLED__OFFSET, 0x1f)
                0x0000001f                PROVIDE (CYFLD_PASS_DSAB_ENABLED__OFFSET, 0x1f)
                0x0000001f                PROVIDE (CYFLD_PASS_DSAB_ENABLED__OFFSET, 0x1f)
                0x0000001f                PROVIDE (CYFLD_SAR_ENABLED__OFFSET, 0x1f)
                0x0000001f                PROVIDE (CYFLD_SAR_ENABLED__OFFSET, 0x1f)
                0x0000001f                PROVIDE (CYFLD_SCB_ENABLED__OFFSET, 0x1f)
                0x0000001f                PROVIDE (CYFLD_SCB_ENABLED__OFFSET, 0x1f)
                0x00000020                PROVIDE (Bootloading_LED__0__MASK, 0x20)
                0x00000020                PROVIDE (Bootloading_LED__0__MASK, 0x20)
                0x00000020                PROVIDE (Bootloading_LED__MASK, 0x20)
                0x00000020                PROVIDE (Bootloading_LED__MASK, 0x20)
                0x00000040                PROVIDE (Advertising_LED_1__0__MASK, 0x40)
                0x00000040                PROVIDE (Advertising_LED_1__0__MASK, 0x40)
                0x00000040                PROVIDE (Advertising_LED_1__MASK, 0x40)
                0x00000040                PROVIDE (Advertising_LED_1__MASK, 0x40)
                0x00000080                PROVIDE (Advertising_LED_2__0__MASK, 0x80)
                0x00000080                PROVIDE (Advertising_LED_2__0__MASK, 0x80)
                0x00000080                PROVIDE (Advertising_LED_2__MASK, 0x80)
                0x00000080                PROVIDE (Advertising_LED_2__MASK, 0x80)
                0x000000c0                PROVIDE (CyBle_bless_isr__INTC_PRIOR_MASK, 0xc0)
                0x000000c0                PROVIDE (CyBle_bless_isr__INTC_PRIOR_MASK, 0xc0)
                0x000000c0                PROVIDE (Wakeup_Interrupt__INTC_PRIOR_MASK, 0xc0)
                0x000000c0                PROVIDE (Wakeup_Interrupt__INTC_PRIOR_MASK, 0xc0)
                0x000004a8                PROVIDE (Wakeup_Interrupt_Interrupt, 0x4a8)
                0x000004ac                PROVIDE (Wakeup_Interrupt_SetVector, 0x4ac)
                0x000004b8                PROVIDE (Wakeup_Interrupt_SetPriority, 0x4b8)
                0x000004d8                PROVIDE (Wakeup_Interrupt_Enable, 0x4d8)
                0x000004e4                PROVIDE (Wakeup_Interrupt_Disable, 0x4e4)
                0x000004f0                PROVIDE (Wakeup_Interrupt_Start, 0x4f0)
                0x0000050c                PROVIDE (Wakeup_Interrupt_ClearPending, 0x50c)
                0x00000518                PROVIDE (Bootloader_Service_Activation_SetDriveMode, 0x518)
                0x00000530                PROVIDE (Bootloader_Service_Activation_Write, 0x530)
                0x00000548                PROVIDE (Bootloader_Service_Activation_Read, 0x548)
                0x00000558                PROVIDE (Bootloader_Service_Activation_ReadDataReg, 0x558)
                0x00000568                PROVIDE (Bootloader_Service_Activation_SetInterruptMode, 0x568)
                0x0000057c                PROVIDE (Bootloader_Service_Activation_ClearInterrupt, 0x57c)
                0x00000dc0                PROVIDE (CyBle_BasInit, 0xdc0)
                0x00000dc4                PROVIDE (CyBle_BasRegisterAttrCallback, 0xdc4)
                0x00000dd0                PROVIDE (CyBle_BassSetCharacteristicValue, 0xdd0)
                0x00000e20                PROVIDE (CyBle_BassGetCharacteristicValue, 0xe20)
                0x00000e64                PROVIDE (CyBle_BassGetCharacteristicDescriptor, 0xe64)
                0x00000eb8                PROVIDE (CyBle_BassWriteEventHandler, 0xeb8)
                0x00000f44                PROVIDE (CyBle_BassSendNotification, 0xf44)
                0x00000fb0                PROVIDE (CyBle_ChangeAdLocalName, 0xfb0)
                0x00001000                PROVIDE (CyBle_bless_isr__INTC_MASK, 0x1000)
                0x00001000                PROVIDE (CyBle_bless_isr__INTC_MASK, 0x1000)
                0x00001024                PROVIDE (CyBle_ServiceInit, 0x1024)
                0x00001034                PROVIDE (CyBle_Init, 0x1034)
                0x00001058                PROVIDE (CyBle_Start, 0x1058)
                0x000010fc                PROVIDE (CyBle_Stop, 0x10fc)
                0x00001110                PROVIDE (CyBle_GappStartAdvertisement, 0x1110)
                0x000011a0                PROVIDE (CyBle_GappStopAdvertisement, 0x11a0)
                0x000011b8                PROVIDE (CyBle_ChangeAdDeviceAddress, 0x11b8)
                0x000011bc                PROVIDE (CyBle_GapSetLocalName, 0x11bc)
                0x00001208                PROVIDE (CyBle_GapGetLocalName, 0x1208)
                0x0000123c                PROVIDE (CyBle_Get16ByPtr, 0x123c)
                0x00001248                PROVIDE (CyBle_Set16ByPtr, 0x1248)
                0x00001250                PROVIDE (CyBle_GattsWriteEventHandler, 0x1250)
                0x000012a8                PROVIDE (CyBle_GattDisconnectEventHandler, 0x12a8)
                0x000012b8                PROVIDE (CyBle_WriteReqHandler, 0x12b8)
                0x00001310                PROVIDE (CyBle_IsDeviceAddressValid, 0x1310)
                0x00001334                PROVIDE (CyBle_EventHandler, 0x1334)
                0x00001560                PROVIDE (CyBle_DisInit, 0x1560)
                0x00001564                PROVIDE (CyBle_DisRegisterAttrCallback, 0x1564)
                0x00001568                PROVIDE (CyBle_DissSetCharacteristicValue, 0x1568)
                0x000015a0                PROVIDE (CyBle_DissGetCharacteristicValue, 0x15a0)
                0x000015d4                PROVIDE (CyBle_BtsWriteEventHandler, 0x15d4)
                0x00001650                PROVIDE (CyBle_BtssPrepareWriteRequestEventHandler, 0x1650)
                0x00001680                PROVIDE (CyBle_BtssExecuteWriteRequestEventHandler, 0x1680)
                0x000016d0                PROVIDE (CyBLE_CyBtldrCommStart, 0x16d0)
                0x000016d4                PROVIDE (CyBLE_CyBtldrCommStop, 0x16d4)
                0x00001700                PROVIDE (CyBLE_CyBtldrCommWrite, 0x1700)
                0x00001768                PROVIDE (CyBLE_CyBtldrCommRead, 0x1768)
                0x000017cc                PROVIDE (CyBle_CustomInit, 0x17cc)
                0x00001cf8                PROVIDE (CyBLE_Bless_LlRegWrite, 0x1cf8)
                0x00001cfc                PROVIDE (CyBLE_Bless_RfRegWrite, 0x1cfc)
                0x00001d00                PROVIDE (CyBLE_BlessDeviceConfig, 0x1d00)
                0x00001e4c                PROVIDE (CyBle_HalInit, 0x1e4c)
                0x00001e64                PROVIDE (CYBLE_BlessStart, 0x1e64)
                0x00001e74                PROVIDE (CyBLE_GetIpBlockVersion, 0x1e74)
                0x00001e7c                PROVIDE (CyBle_Hal_pairing_local_public_key_handler, 0x1e7c)
                0x00001e80                PROVIDE (CyBle_Hal_pairing_remote_key_handler, 0x1e80)
                0x00001e84                PROVIDE (CyBle_Hal_pairing_dhkey_handler, 0x1e84)
                0x00001e88                PROVIDE (CyBle_Hal_pairing_dhkey_check_handler, 0x1e88)
                0x00001e8c                PROVIDE (CyBle_Hal_pairing_keypress_notification_handler, 0x1e8c)
                0x00001e90                PROVIDE (CyBle_Hal_pairing_rand_handler, 0x1e90)
                0x00001e94                PROVIDE (CyBle_Hal_pairing_confirm_handler, 0x1e94)
                0x00001e98                PROVIDE (CyBle_Hal_pairing_lr_confirming_handler, 0x1e98)
                0x00001e9c                PROVIDE (CyBle_Hal_pairing_sc_tbx_local_pubkey_generate_complete, 0x1e9c)
                0x00001ea0                PROVIDE (CyBle_Hal_pairing_sc_tbx_generate_local_P256_public_key, 0x1ea0)
                0x00001ea4                PROVIDE (CyBle_Hal_se_smp_sc_user_passkey_handler, 0x1ea4)
                0x00001ea8                PROVIDE (CyBle_Hal_EccPointMult, 0x1ea8)
                0x00001eac                PROVIDE (CyBle_bless_isr_SetVector, 0x1eac)
                0x00001eb8                PROVIDE (CyBle_bless_isr_SetPriority, 0x1eb8)
                0x00001ed8                PROVIDE (CyBle_bless_isr_Enable, 0x1ed8)
                0x00001ee8                PROVIDE (CyBle_bless_isr_Disable, 0x1ee8)
                0x00001ef8                PROVIDE (CyBle_bless_isr_StartEx, 0x1ef8)
                0x00001f14                PROVIDE (CyBLE_Bless_Interrupt, 0x1f14)
                0x0000222c                PROVIDE (Bootloader__libc_init_array, 0x222c)
                0x00003110                PROVIDE (CyBle_StackSetFeatureConfig, 0x3110)
                0x000031ec                PROVIDE (CyBle_StackInit, 0x31ec)
                0x00003334                PROVIDE (CyBle_Shutdown, 0x3334)
                0x00003358                PROVIDE (CyBle_SoftReset, 0x3358)
                0x00003390                PROVIDE (CyBle_EnterLPM, 0x3390)
                0x00003398                PROVIDE (CyBle_ExitLPM, 0x3398)
                0x000033a0                PROVIDE (CyBle_ProcessEvents, 0x33a0)
                0x000033a8                PROVIDE (CyBle_SetDeviceAddress, 0x33a8)
                0x000033cc                PROVIDE (CyBle_GetDeviceAddress, 0x33cc)
                0x000033d4                PROVIDE (CyBle_GetRssi, 0x33d4)
                0x000033f8                PROVIDE (CyBle_GetTxPowerLevel, 0x33f8)
                0x0000344c                PROVIDE (CyBle_SetTxPowerLevel, 0x344c)
                0x000034d4                PROVIDE (CyBle_GetBleClockCfgParam, 0x34d4)
                0x000034f4                PROVIDE (CyBle_SetBleClockCfgParam, 0x34f4)
                0x000035b4                PROVIDE (CyBle_GenerateRandomNumber, 0x35b4)
                0x000035d0                PROVIDE (CyBle_SetCeLengthParam, 0x35d0)
                0x0000366c                PROVIDE (CyBle_WriteAuthPayloadTimeout, 0x366c)
                0x000036f0                PROVIDE (CyBle_ReadAuthPayloadTimeout, 0x36f0)
                0x00003754                PROVIDE (CyBle_GetStackLibraryVersion, 0x3754)
                0x0000376e                PROVIDE (CyBle_GetBleSsState, 0x376e)
                0x0000377e                PROVIDE (CyBle_AesEncrypt, 0x377e)
                0x000037dc                PROVIDE (CyBle_AesCcmInit, 0x37dc)
                0x0000384c                PROVIDE (CyBle_AesCcmEncrypt, 0x384c)
                0x00003886                PROVIDE (CyBle_AesCcmDecrypt, 0x3886)
                0x000038cc                PROVIDE (CyBle_SetTxGainMode, 0x38cc)
                0x00003904                PROVIDE (CyBle_SetRxGainMode, 0x3904)
                0x00003924                PROVIDE (CyBle_GattGetMtuSize, 0x3924)
                0x0000393c                PROVIDE (CyBle_GattsEnableAttribute, 0x393c)
                0x00003998                PROVIDE (CyBle_StartTimer, 0x3998)
                0x000039cc                PROVIDE (CyBle_StopTimer, 0x39cc)
                0x000039f4                PROVIDE (CyBle_ControllerGetFeatureHeapReq, 0x39f4)
                0x00003a4c                PROVIDE (CyBle_StackGetFeatureConfig, 0x3a4c)
                0x00003a84                PROVIDE (CyBle_StackValidateInputParams, 0x3a84)
                0x00003d0c                PROVIDE (CyBle_GetHeapMemory, 0x3d0c)
                0x00003d34                PROVIDE (CyBle_GetNumAppBufferPools, 0x3d34)
                0x00003d40                PROVIDE (CyBle_HostStackBufferPoolInit, 0x3d40)
                0x00004230                PROVIDE (CyBle_CheckBleStackTaskStatus, 0x4230)
                0x00004234                PROVIDE (CyBle_CreateBleStackTask, 0x4234)
                0x00004260                PROVIDE (CyBle_SignalBleStackTask, 0x4260)
                0x000042b0                PROVIDE (CyBle_StackTaskHandler, 0x42b0)
                0x00004aa0                PROVIDE (CyBle_EnterDsmMode, 0x4aa0)
                0x00004adc                PROVIDE (CyBle_ExitDsmMode, 0x4adc)
                0x00004b08                PROVIDE (CyBle_GetBleSsOperationalMode, 0x4b08)
                0x00004b14                PROVIDE (CyBle_GetEventCloseState, 0x4b14)
                0x00004b24                PROVIDE (CyBle_GetLpMode, 0x4b24)
                0x00004b4c                PROVIDE (CyBle_GetTxGainMode, 0x4b4c)
                0x00004b78                PROVIDE (CyBle_SetAutoWakeUp, 0x4b78)
                0x00004b84                PROVIDE (CyBle_SetBleSsOperationalMode, 0x4b84)
                0x00004ba4                PROVIDE (CyBle_SetEventCloseState, 0x4ba4)
                0x0000712c                PROVIDE (ll_handle_conn_failed_indication, 0x712c)
                0x0000ad98                PROVIDE (CyBle_BluetoothOnCmptCB, 0xad98)
                0x0000ae4c                PROVIDE (CyBle_HostStackInit, 0xae4c)
                0x0000ae88                PROVIDE (CyBle_HostStackOff, 0xae88)
                0x0000ae98                PROVIDE (CyBle_HostStackOn, 0xae98)
                0x0000aedc                PROVIDE (CyBle_SendEvToApp, 0xaedc)
                0x0000aef0                PROVIDE (CyBle_TimerExpiryHandler, 0xaef0)
                0x0000bfec                PROVIDE (CyBle_L2capCB, 0xbfec)
                0x0000c020                PROVIDE (CyBle_L2capCheckErrCode, 0xc020)
                0x0000c0dc                PROVIDE (CyBle_L2capFreeBuffers, 0xc0dc)
                0x0000c110                PROVIDE (CyBle_L2capInit, 0xc110)
                0x0000c274                PROVIDE (CyBle_L2capLeConnectionParamUpdateRequest, 0xc274)
                0x0000c2a4                PROVIDE (CyBle_L2capMemsetBuffers, 0xc2a4)
                0x0000c2f8                PROVIDE (CyBle_L2capShutdown, 0xc2f8)
                0x0000c304                PROVIDE (CyBle_L2capTxQueueFlowCb, 0xc304)
                0x0000dad0                PROVIDE (CyBle_Dummy_GapHciEvent, 0xdad0)
                0x0000dad4                PROVIDE (CyBle_GapAdvTimerExpiryHandler, 0xdad4)
                0x0000dafc                PROVIDE (CyBle_GapCheckErrCode, 0xdafc)
                0x0000dbd0                PROVIDE (CyBle_GapDisconnect, 0xdbd0)
                0x0000dc00                PROVIDE (CyBle_GapGetBondedDevicesList, 0xdc00)
                0x0000dc90                PROVIDE (CyBle_GapGetPeerConnHandle, 0xdc90)
                0x0000dcc4                PROVIDE (CyBle_GapHciCommandCompleteEvent, 0xdcc4)
                0x0000dd88                PROVIDE (CyBle_GapHciMetaEvent, 0xdd88)
                0x0000de4c                PROVIDE (CyBle_GapInit, 0xde4c)
                0x0000de78                PROVIDE (CyBle_GapSetIdAddress, 0xde78)
                0x0000dea0                PROVIDE (CyBle_GapSetIoCap, 0xdea0)
                0x0000dedc                PROVIDE (CyBle_GapSetLeEventMask, 0xdedc)
                0x0000def4                PROVIDE (CyBle_GapSetScanRspData, 0xdef4)
                0x0000df1c                PROVIDE (CyBle_GapSignData, 0xdf1c)
                0x0000e06c                PROVIDE (CyBle_GapStartAdvertising, 0xe06c)
                0x0000e08c                PROVIDE (CyBle_GapUpdateBdAddress, 0xe08c)
                0x0000e0c0                PROVIDE (CyBle_GappAuthReqReply, 0xe0c0)
                0x0000e140                PROVIDE (CyBle_GappEnterDiscoveryMode, 0xe140)
                0x0000e2a4                PROVIDE (CyBle_GappExitDiscoveryMode, 0xe2a4)
                0x0000e2cc                PROVIDE (CyBle_HciCb, 0xe2cc)
                0x0000e358                PROVIDE (CyBle_SmpCb, 0xe358)
                0x0000e524                PROVIDE (CyBle_GattCB, 0xe524)
                0x0000ebc0                PROVIDE (CyBle_GattDBGet16BitUUID, 0xebc0)
                0x0000ec30                PROVIDE (CyBle_GattInit, 0xec30)
                0x0000ec50                PROVIDE (CyBle_GattResetGlobals, 0xec50)
                0x0000ec6c                PROVIDE (CyBle_GattShutdown, 0xec6c)
                0x0000ec74                PROVIDE (CyBle_SendPDU, 0xec74)
                0x0000ed00                PROVIDE (CyBle_GattClientInit, 0xed00)
                0x0000ed08                PROVIDE (CyBle_GattSendPrepWriteReq, 0xed08)
                0x0000ed98                PROVIDE (CyBle_GattcResetGlobals, 0xed98)
                0x0000ee04                PROVIDE (CyBle_GattcSendSignedWriteCmd, 0xee04)
                0x0000ee44                PROVIDE (CyBle_HandleGattErrorRsp, 0xee44)
                0x0000ee78                PROVIDE (CyBle_HandleGattExecWriteRsp, 0xee78)
                0x0000ee98                PROVIDE (CyBle_HandleGattFindByTypeValRsp, 0xee98)
                0x0000ef60                PROVIDE (CyBle_HandleGattFindInfoRsp, 0xef60)
                0x0000f000                PROVIDE (CyBle_HandleGattPrepWriteRsp, 0xf000)
                0x0000f0a4                PROVIDE (CyBle_HandleGattReadBlobRsp, 0xf0a4)
                0x0000f104                PROVIDE (CyBle_HandleGattReadByGrpTypeRsp, 0xf104)
                0x0000f194                PROVIDE (CyBle_HandleGattReadByTypeRsp, 0xf194)
                0x0000f298                PROVIDE (CyBle_SendGattReadByTypeRspToApp, 0xf298)
                0x0000f2b4                PROVIDE (CyBle_GattEventMemFromApp, 0xf2b4)
                0x0000f2d4                PROVIDE (CyBle_GattFreeWriteQueue, 0xf2d4)
                0x0000f2f8                PROVIDE (CyBle_GattGetRemainingLocalMtuSize, 0xf2f8)
                0x0000f328                PROVIDE (CyBle_GattPrepareWriteEnqueue, 0xf328)
                0x0000f38c                PROVIDE (CyBle_GattServerInit, 0xf38c)
                0x0000f3b4                PROVIDE (CyBle_GattServerShutdown, 0xf3b4)
                0x0000f3c8                PROVIDE (CyBle_GattsErrorRsp, 0xf3c8)
                0x0000f3dc                PROVIDE (CyBle_GattsExchangeMtuRsp, 0xf3dc)
                0x0000f3fc                PROVIDE (CyBle_GattsGetPrepWriteMemFromApp, 0xf3fc)
                0x0000f444                PROVIDE (CyBle_GattsNotification, 0xf444)
                0x0000f468                PROVIDE (CyBle_GattsPrepWriteReqSupport, 0xf468)
                0x0000f478                PROVIDE (CyBle_GattsResetGlobals, 0xf478)
                0x0000f494                PROVIDE (CyBle_GattsSendSignedWriteEvent, 0xf494)
                0x0000f500                PROVIDE (CyBle_GattsWriteRsp, 0xf500)
                0x0000f510                PROVIDE (CyBle_HandleGattExecuteWriteReq, 0xf510)
                0x0000f5d8                PROVIDE (CyBle_HandleGattFindByTypeValReq, 0xf5d8)
                0x0000f654                PROVIDE (CyBle_HandleGattFindInfoReq, 0xf654)
                0x0000f6ec                PROVIDE (CyBle_HandleGattPrepWriteReq, 0xf6ec)
                0x0000f7d0                PROVIDE (CyBle_HandleGattReadByGrpTypeReq, 0xf7d0)
                0x0000f878                PROVIDE (CyBle_HandleGattReadByTypeReq, 0xf878)
                0x0000f95c                PROVIDE (CyBle_HandleGattReadMultiReq, 0xf95c)
                0x0000fa2c                PROVIDE (CyBle_HandleGattReadReq, 0xfa2c)
                0x0000fae0                PROVIDE (CyBle_GattDBAccessHandle, 0xfae0)
                0x0000fbdc                PROVIDE (CyBle_GattDBGetGroupRangeValpair, 0xfbdc)
                0x0000fd74                PROVIDE (CyBle_GattDBGetHandleUUIDValuePair, 0xfd74)
                0x0000ff40                PROVIDE (CyBle_GattsDbRegister, 0xff40)
                0x0000ff70                PROVIDE (CyBle_GattsDisableAttribute, 0xff70)
                0x0000ffdc                PROVIDE (CyBle_GattsReadAttributeValue, 0xffdc)
                0x00010048                PROVIDE (CyBle_GattsWriteAttributeValue, 0x10048)
                0x00011214                PROVIDE (CyBle_SmpGetConfig, 0x11214)
                0x00011220                PROVIDE (CyBle_SmpSetConfig, 0x11220)
                0x00011518                PROVIDE (CyBle_SmpGetFeatureHeapReq, 0x11518)
                0x00011534                PROVIDE (CyBle_SmpHeapInit, 0x11534)
                0x000115a4                PROVIDE (CyBle_SmpIsDeviceSecureConnectionOnly, 0x115a4)
                0x000119f6                PROVIDE (CyBle_SmpScTbGetFeatureHeapReq, 0x119f6)
                0x000119fc                PROVIDE (CyBle_SmpScTbHeapInit, 0x119fc)
                0x00012258                PROVIDE (CyBle_EccGetFeatureHeapReq, 0x12258)
                0x00012260                PROVIDE (CyBle_EccHeapInit, 0x12260)
                0x0001351c                PROVIDE (CyBle_GattDbCheckPermission, 0x1351c)
                0x00013620                PROVIDE (CyBle_GattDbCompareCharValue, 0x13620)
                0x00013664                PROVIDE (CyBle_GattDbFetchAttrType, 0x13664)
                0x00013778                PROVIDE (CyBle_GattDbFetchAttrValue, 0x13778)
                0x00013814                PROVIDE (CyBle_GattDbFindCharHandle, 0x13814)
                0x000138a4                PROVIDE (CyBle_GattDbFindLastGrpEntryInService, 0x138a4)
                0x00013900                PROVIDE (CyBle_GattDbFindNearestServiceHandle, 0x13900)
                0x00013950                PROVIDE (CyBle_GattDbIsCharHandleValid, 0x13950)
                0x00013980                PROVIDE (CyBle_GattDbPackAttrUuidValue, 0x13980)
                0x00013a38                PROVIDE (CyBle_GattDbPackAttrValue, 0x13a38)
                0x00013af4                PROVIDE (CyBle_GattDbPackSerAttrUuidValue, 0x13af4)
                0x00013bf4                PROVIDE (CyBle_IsAttrEnabled, 0x13bf4)
                0x000140f8                PROVIDE (CyBle_Hal_pairing_dhkey_check_handler_wrapper, 0x140f8)
                0x00014114                PROVIDE (CyBle_Hal_pairing_dhkey_handler_wrapper, 0x14114)
                0x00014130                PROVIDE (CyBle_Hal_pairing_keypress_notification_handler_wrapper, 0x14130)
                0x0001414c                PROVIDE (CyBle_Hal_pairing_local_public_key_handler_wrapper, 0x1414c)
                0x00014168                PROVIDE (CyBle_Hal_pairing_remote_key_handler_wrapper, 0x14168)
                0x00014e1c                PROVIDE (CyBle_BleSSInterruptHandler, 0x14e1c)
                0x00015050                PROVIDE (cyBle_bass, 0x15050)
                0x0001506c                PROVIDE (cyBle_gattDB, 0x1506c)
                0x0001542c                PROVIDE (cyBle_attUuid128, 0x1542c)
                0x000154ac                PROVIDE (cyBle_gatts, 0x154ac)
                0x000155f8                PROVIDE (cyBle_diss, 0x155f8)
                0x0001560c                PROVIDE (cyBle_btss, 0x1560c)
                0x00015704                PROVIDE (Bootloader__cy_regions, 0x15704)
                0x00015714                PROVIDE (Bootloader__cy_regions_end, 0x15714)
                0x000f0000                PROVIDE (Bootloader_Service_Activation__0__HSIOM_MASK, 0xf0000)
                0x000f0000                PROVIDE (Bootloader_Service_Activation__0__HSIOM_MASK, 0xf0000)
                0x00f00000                PROVIDE (Bootloading_LED__0__HSIOM_MASK, 0xf00000)
                0x00f00000                PROVIDE (Bootloading_LED__0__HSIOM_MASK, 0xf00000)
                0x0f000000                PROVIDE (Advertising_LED_1__0__HSIOM_MASK, 0xf000000)
                0x0f000000                PROVIDE (Advertising_LED_1__0__HSIOM_MASK, 0xf000000)
                0x200000d0                PROVIDE (cyBle_stackMemoryRam, 0x200000d0)
                0x20000cdc                PROVIDE (cyBle_discoveryData, 0x20000cdc)
                0x20000cfc                PROVIDE (cyBle_scanRspData, 0x20000cfc)
                0x20000d1c                PROVIDE (cyBle_discoveryModeInfo, 0x20000d1c)
                0x20000d30                PROVIDE (cyBle_sflashDeviceAddress, 0x20000d30)
                0x20000d34                PROVIDE (cyBle_deviceAddress, 0x20000d34)
                0x20000d3c                PROVIDE (cyBle_discoveryParam, 0x20000d3c)
                0x20000d4c                PROVIDE (cyBle_attValuesLen, 0x20000d4c)
                0x20000e6c                PROVIDE (cyBle_attValues, 0x20000e6c)
                0x20000fb8                PROVIDE (cyBle_authInfo, 0x20000fb8)
                0x20000fd0                PROVIDE (CyBle_StackState, 0x20000fd0)
                0x2000119c                PROVIDE (CyBle_GattDbTotalEntries, 0x2000119c)
                0x2000119e                PROVIDE (CyBle_GattDbMaxValLength, 0x2000119e)
                0x200011a0                PROVIDE (CyBle_GattDbInternal, 0x200011a0)
                0x20001340                PROVIDE (CyBle_BasApplCallback, 0x20001340)
                0x20001344                PROVIDE (cyBle_initVar, 0x20001344)
                0x20001350                PROVIDE (cyBle_cmdLength, 0x20001350)
                0x20001352                PROVIDE (cyBle_cmdReceivedFlag, 0x20001352)
                0x20002590                PROVIDE (CyBle_ApplCallback, 0x20002590)
                0x20002594                PROVIDE (cyBle_attValuesCCCD, 0x20002594)
                0x200025a4                PROVIDE (cyBle_state, 0x200025a4)
                0x200025a8                PROVIDE (cyBle_busyStatus, 0x200025a8)
                0x200025ac                PROVIDE (cyBle_connHandle, 0x200025ac)
                0x200025ae                PROVIDE (cyBle_advertisingIntervalType, 0x200025ae)
                0x200025af                PROVIDE (cyBle_eventHandlerFlag, 0x200025af)
                0x200025b0                PROVIDE (cyBle_btsBuffPtr, 0x200025b0)
                0x000025b8                BOOTLOADER_RAM_SIZE = 0x25b8
                0x40020000                PROVIDE (Bootloader_Service_Activation__0__HSIOM, 0x40020000)
                0x40020000                PROVIDE (Bootloader_Service_Activation__0__HSIOM, 0x40020000)
                0x40020000                PROVIDE (Bootloading_LED__0__HSIOM, 0x40020000)
                0x40020000                PROVIDE (Bootloading_LED__0__HSIOM, 0x40020000)
                0x40020300                PROVIDE (Advertising_LED_1__0__HSIOM, 0x40020300)
                0x40020300                PROVIDE (Advertising_LED_1__0__HSIOM, 0x40020300)
                0x40020300                PROVIDE (Advertising_LED_2__0__HSIOM, 0x40020300)
                0x40020300                PROVIDE (Advertising_LED_2__0__HSIOM, 0x40020300)
                0x40040000                PROVIDE (Bootloader_Service_Activation__0__DR, 0x40040000)
                0x40040000                PROVIDE (Bootloader_Service_Activation__0__DR, 0x40040000)
                0x40040000                PROVIDE (Bootloader_Service_Activation__DR, 0x40040000)
                0x40040000                PROVIDE (Bootloader_Service_Activation__DR, 0x40040000)
                0x40040000                PROVIDE (Bootloading_LED__0__DR, 0x40040000)
                0x40040000                PROVIDE (Bootloading_LED__0__DR, 0x40040000)
                0x40040000                PROVIDE (Bootloading_LED__DR, 0x40040000)
                0x40040000                PROVIDE (Bootloading_LED__DR, 0x40040000)
                0x40040004                PROVIDE (Bootloader_Service_Activation__0__PS, 0x40040004)
                0x40040004                PROVIDE (Bootloader_Service_Activation__0__PS, 0x40040004)
                0x40040004                PROVIDE (Bootloader_Service_Activation__PS, 0x40040004)
                0x40040004                PROVIDE (Bootloader_Service_Activation__PS, 0x40040004)
                0x40040004                PROVIDE (Bootloading_LED__0__PS, 0x40040004)
                0x40040004                PROVIDE (Bootloading_LED__0__PS, 0x40040004)
                0x40040004                PROVIDE (Bootloading_LED__PS, 0x40040004)
                0x40040004                PROVIDE (Bootloading_LED__PS, 0x40040004)
                0x40040008                PROVIDE (Bootloader_Service_Activation__0__PC, 0x40040008)
                0x40040008                PROVIDE (Bootloader_Service_Activation__0__PC, 0x40040008)
                0x40040008                PROVIDE (Bootloader_Service_Activation__PC, 0x40040008)
                0x40040008                PROVIDE (Bootloader_Service_Activation__PC, 0x40040008)
                0x40040008                PROVIDE (Bootloading_LED__0__PC, 0x40040008)
                0x40040008                PROVIDE (Bootloading_LED__0__PC, 0x40040008)
                0x40040008                PROVIDE (Bootloading_LED__PC, 0x40040008)
                0x40040008                PROVIDE (Bootloading_LED__PC, 0x40040008)
                0x4004000c                PROVIDE (Bootloader_Service_Activation__0__INTCFG, 0x4004000c)
                0x4004000c                PROVIDE (Bootloader_Service_Activation__0__INTCFG, 0x4004000c)
                0x4004000c                PROVIDE (Bootloader_Service_Activation__0__INTR_CFG, 0x4004000c)
                0x4004000c                PROVIDE (Bootloader_Service_Activation__0__INTR_CFG, 0x4004000c)
                0x4004000c                PROVIDE (Bootloader_Service_Activation__INTCFG, 0x4004000c)
                0x4004000c                PROVIDE (Bootloader_Service_Activation__INTCFG, 0x4004000c)
                0x4004000c                PROVIDE (Bootloader_Service_Activation__INTR_CFG, 0x4004000c)
                0x4004000c                PROVIDE (Bootloader_Service_Activation__INTR_CFG, 0x4004000c)
                0x4004000c                PROVIDE (Bootloading_LED__0__INTCFG, 0x4004000c)
                0x4004000c                PROVIDE (Bootloading_LED__0__INTCFG, 0x4004000c)
                0x4004000c                PROVIDE (Bootloading_LED__0__INTR_CFG, 0x4004000c)
                0x4004000c                PROVIDE (Bootloading_LED__0__INTR_CFG, 0x4004000c)
                0x4004000c                PROVIDE (Bootloading_LED__INTCFG, 0x4004000c)
                0x4004000c                PROVIDE (Bootloading_LED__INTCFG, 0x4004000c)
                0x4004000c                PROVIDE (Bootloading_LED__INTR_CFG, 0x4004000c)
                0x4004000c                PROVIDE (Bootloading_LED__INTR_CFG, 0x4004000c)
                0x40040010                PROVIDE (Bootloader_Service_Activation__0__INTR, 0x40040010)
                0x40040010                PROVIDE (Bootloader_Service_Activation__0__INTR, 0x40040010)
                0x40040010                PROVIDE (Bootloader_Service_Activation__0__INTSTAT, 0x40040010)
                0x40040010                PROVIDE (Bootloader_Service_Activation__0__INTSTAT, 0x40040010)
                0x40040010                PROVIDE (Bootloader_Service_Activation__INTR, 0x40040010)
                0x40040010                PROVIDE (Bootloader_Service_Activation__INTR, 0x40040010)
                0x40040010                PROVIDE (Bootloader_Service_Activation__INTSTAT, 0x40040010)
                0x40040010                PROVIDE (Bootloader_Service_Activation__INTSTAT, 0x40040010)
                0x40040010                PROVIDE (Bootloader_Service_Activation__SNAP, 0x40040010)
                0x40040010                PROVIDE (Bootloader_Service_Activation__SNAP, 0x40040010)
                0x40040010                PROVIDE (Bootloading_LED__0__INTR, 0x40040010)
                0x40040010                PROVIDE (Bootloading_LED__0__INTR, 0x40040010)
                0x40040010                PROVIDE (Bootloading_LED__0__INTSTAT, 0x40040010)
                0x40040010                PROVIDE (Bootloading_LED__0__INTSTAT, 0x40040010)
                0x40040010                PROVIDE (Bootloading_LED__INTR, 0x40040010)
                0x40040010                PROVIDE (Bootloading_LED__INTR, 0x40040010)
                0x40040010                PROVIDE (Bootloading_LED__INTSTAT, 0x40040010)
                0x40040010                PROVIDE (Bootloading_LED__INTSTAT, 0x40040010)
                0x40040018                PROVIDE (Bootloader_Service_Activation__0__PC2, 0x40040018)
                0x40040018                PROVIDE (Bootloader_Service_Activation__0__PC2, 0x40040018)
                0x40040018                PROVIDE (Bootloader_Service_Activation__PC2, 0x40040018)
                0x40040018                PROVIDE (Bootloader_Service_Activation__PC2, 0x40040018)
                0x40040018                PROVIDE (Bootloading_LED__0__PC2, 0x40040018)
                0x40040018                PROVIDE (Bootloading_LED__0__PC2, 0x40040018)
                0x40040018                PROVIDE (Bootloading_LED__PC2, 0x40040018)
                0x40040018                PROVIDE (Bootloading_LED__PC2, 0x40040018)
                0x40040040                PROVIDE (Bootloader_Service_Activation__0__DR_SET, 0x40040040)
                0x40040040                PROVIDE (Bootloader_Service_Activation__0__DR_SET, 0x40040040)
                0x40040040                PROVIDE (Bootloader_Service_Activation__DR_SET, 0x40040040)
                0x40040040                PROVIDE (Bootloader_Service_Activation__DR_SET, 0x40040040)
                0x40040040                PROVIDE (Bootloading_LED__0__DR_SET, 0x40040040)
                0x40040040                PROVIDE (Bootloading_LED__0__DR_SET, 0x40040040)
                0x40040040                PROVIDE (Bootloading_LED__DR_SET, 0x40040040)
                0x40040040                PROVIDE (Bootloading_LED__DR_SET, 0x40040040)
                0x40040044                PROVIDE (Bootloader_Service_Activation__0__DR_CLR, 0x40040044)
                0x40040044                PROVIDE (Bootloader_Service_Activation__0__DR_CLR, 0x40040044)
                0x40040044                PROVIDE (Bootloader_Service_Activation__DR_CLR, 0x40040044)
                0x40040044                PROVIDE (Bootloader_Service_Activation__DR_CLR, 0x40040044)
                0x40040044                PROVIDE (Bootloading_LED__0__DR_CLR, 0x40040044)
                0x40040044                PROVIDE (Bootloading_LED__0__DR_CLR, 0x40040044)
                0x40040044                PROVIDE (Bootloading_LED__DR_CLR, 0x40040044)
                0x40040044                PROVIDE (Bootloading_LED__DR_CLR, 0x40040044)
                0x40040048                PROVIDE (Bootloader_Service_Activation__0__DR_INV, 0x40040048)
                0x40040048                PROVIDE (Bootloader_Service_Activation__0__DR_INV, 0x40040048)
                0x40040048                PROVIDE (Bootloader_Service_Activation__DR_INV, 0x40040048)
                0x40040048                PROVIDE (Bootloader_Service_Activation__DR_INV, 0x40040048)
                0x40040048                PROVIDE (Bootloading_LED__0__DR_INV, 0x40040048)
                0x40040048                PROVIDE (Bootloading_LED__0__DR_INV, 0x40040048)
                0x40040048                PROVIDE (Bootloading_LED__DR_INV, 0x40040048)
                0x40040048                PROVIDE (Bootloading_LED__DR_INV, 0x40040048)
                0x40040300                PROVIDE (Advertising_LED_1__0__DR, 0x40040300)
                0x40040300                PROVIDE (Advertising_LED_1__0__DR, 0x40040300)
                0x40040300                PROVIDE (Advertising_LED_1__DR, 0x40040300)
                0x40040300                PROVIDE (Advertising_LED_1__DR, 0x40040300)
                0x40040300                PROVIDE (Advertising_LED_2__0__DR, 0x40040300)
                0x40040300                PROVIDE (Advertising_LED_2__0__DR, 0x40040300)
                0x40040300                PROVIDE (Advertising_LED_2__DR, 0x40040300)
                0x40040300                PROVIDE (Advertising_LED_2__DR, 0x40040300)
                0x40040304                PROVIDE (Advertising_LED_1__0__PS, 0x40040304)
                0x40040304                PROVIDE (Advertising_LED_1__0__PS, 0x40040304)
                0x40040304                PROVIDE (Advertising_LED_1__PS, 0x40040304)
                0x40040304                PROVIDE (Advertising_LED_1__PS, 0x40040304)
                0x40040304                PROVIDE (Advertising_LED_2__0__PS, 0x40040304)
                0x40040304                PROVIDE (Advertising_LED_2__0__PS, 0x40040304)
                0x40040304                PROVIDE (Advertising_LED_2__PS, 0x40040304)
                0x40040304                PROVIDE (Advertising_LED_2__PS, 0x40040304)
                0x40040308                PROVIDE (Advertising_LED_1__0__PC, 0x40040308)
                0x40040308                PROVIDE (Advertising_LED_1__0__PC, 0x40040308)
                0x40040308                PROVIDE (Advertising_LED_1__PC, 0x40040308)
                0x40040308                PROVIDE (Advertising_LED_1__PC, 0x40040308)
                0x40040308                PROVIDE (Advertising_LED_2__0__PC, 0x40040308)
                0x40040308                PROVIDE (Advertising_LED_2__0__PC, 0x40040308)
                0x40040308                PROVIDE (Advertising_LED_2__PC, 0x40040308)
                0x40040308                PROVIDE (Advertising_LED_2__PC, 0x40040308)
                0x4004030c                PROVIDE (Advertising_LED_1__0__INTCFG, 0x4004030c)
                0x4004030c                PROVIDE (Advertising_LED_1__0__INTCFG, 0x4004030c)
                0x4004030c                PROVIDE (Advertising_LED_1__0__INTR_CFG, 0x4004030c)
                0x4004030c                PROVIDE (Advertising_LED_1__0__INTR_CFG, 0x4004030c)
                0x4004030c                PROVIDE (Advertising_LED_1__INTCFG, 0x4004030c)
                0x4004030c                PROVIDE (Advertising_LED_1__INTCFG, 0x4004030c)
                0x4004030c                PROVIDE (Advertising_LED_1__INTR_CFG, 0x4004030c)
                0x4004030c                PROVIDE (Advertising_LED_1__INTR_CFG, 0x4004030c)
                0x4004030c                PROVIDE (Advertising_LED_2__0__INTCFG, 0x4004030c)
                0x4004030c                PROVIDE (Advertising_LED_2__0__INTCFG, 0x4004030c)
                0x4004030c                PROVIDE (Advertising_LED_2__0__INTR_CFG, 0x4004030c)
                0x4004030c                PROVIDE (Advertising_LED_2__0__INTR_CFG, 0x4004030c)
                0x4004030c                PROVIDE (Advertising_LED_2__INTCFG, 0x4004030c)
                0x4004030c                PROVIDE (Advertising_LED_2__INTCFG, 0x4004030c)
                0x4004030c                PROVIDE (Advertising_LED_2__INTR_CFG, 0x4004030c)
                0x4004030c                PROVIDE (Advertising_LED_2__INTR_CFG, 0x4004030c)
                0x40040310                PROVIDE (Advertising_LED_1__0__INTR, 0x40040310)
                0x40040310                PROVIDE (Advertising_LED_1__0__INTR, 0x40040310)
                0x40040310                PROVIDE (Advertising_LED_1__0__INTSTAT, 0x40040310)
                0x40040310                PROVIDE (Advertising_LED_1__0__INTSTAT, 0x40040310)
                0x40040310                PROVIDE (Advertising_LED_1__INTR, 0x40040310)
                0x40040310                PROVIDE (Advertising_LED_1__INTR, 0x40040310)
                0x40040310                PROVIDE (Advertising_LED_1__INTSTAT, 0x40040310)
                0x40040310                PROVIDE (Advertising_LED_1__INTSTAT, 0x40040310)
                0x40040310                PROVIDE (Advertising_LED_2__0__INTR, 0x40040310)
                0x40040310                PROVIDE (Advertising_LED_2__0__INTR, 0x40040310)
                0x40040310                PROVIDE (Advertising_LED_2__0__INTSTAT, 0x40040310)
                0x40040310                PROVIDE (Advertising_LED_2__0__INTSTAT, 0x40040310)
                0x40040310                PROVIDE (Advertising_LED_2__INTR, 0x40040310)
                0x40040310                PROVIDE (Advertising_LED_2__INTR, 0x40040310)
                0x40040310                PROVIDE (Advertising_LED_2__INTSTAT, 0x40040310)
                0x40040310                PROVIDE (Advertising_LED_2__INTSTAT, 0x40040310)
                0x40040318                PROVIDE (Advertising_LED_1__0__PC2, 0x40040318)
                0x40040318                PROVIDE (Advertising_LED_1__0__PC2, 0x40040318)
                0x40040318                PROVIDE (Advertising_LED_1__PC2, 0x40040318)
                0x40040318                PROVIDE (Advertising_LED_1__PC2, 0x40040318)
                0x40040318                PROVIDE (Advertising_LED_2__0__PC2, 0x40040318)
                0x40040318                PROVIDE (Advertising_LED_2__0__PC2, 0x40040318)
                0x40040318                PROVIDE (Advertising_LED_2__PC2, 0x40040318)
                0x40040318                PROVIDE (Advertising_LED_2__PC2, 0x40040318)
                0x40040340                PROVIDE (Advertising_LED_1__0__DR_SET, 0x40040340)
                0x40040340                PROVIDE (Advertising_LED_1__0__DR_SET, 0x40040340)
                0x40040340                PROVIDE (Advertising_LED_1__DR_SET, 0x40040340)
                0x40040340                PROVIDE (Advertising_LED_1__DR_SET, 0x40040340)
                0x40040340                PROVIDE (Advertising_LED_2__0__DR_SET, 0x40040340)
                0x40040340                PROVIDE (Advertising_LED_2__0__DR_SET, 0x40040340)
                0x40040340                PROVIDE (Advertising_LED_2__DR_SET, 0x40040340)
                0x40040340                PROVIDE (Advertising_LED_2__DR_SET, 0x40040340)
                0x40040344                PROVIDE (Advertising_LED_1__0__DR_CLR, 0x40040344)
                0x40040344                PROVIDE (Advertising_LED_1__0__DR_CLR, 0x40040344)
                0x40040344                PROVIDE (Advertising_LED_1__DR_CLR, 0x40040344)
                0x40040344                PROVIDE (Advertising_LED_1__DR_CLR, 0x40040344)
                0x40040344                PROVIDE (Advertising_LED_2__0__DR_CLR, 0x40040344)
                0x40040344                PROVIDE (Advertising_LED_2__0__DR_CLR, 0x40040344)
                0x40040344                PROVIDE (Advertising_LED_2__DR_CLR, 0x40040344)
                0x40040344                PROVIDE (Advertising_LED_2__DR_CLR, 0x40040344)
                0x40040348                PROVIDE (Advertising_LED_1__0__DR_INV, 0x40040348)
                0x40040348                PROVIDE (Advertising_LED_1__0__DR_INV, 0x40040348)
                0x40040348                PROVIDE (Advertising_LED_1__DR_INV, 0x40040348)
                0x40040348                PROVIDE (Advertising_LED_1__DR_INV, 0x40040348)
                0x40040348                PROVIDE (Advertising_LED_2__0__DR_INV, 0x40040348)
                0x40040348                PROVIDE (Advertising_LED_2__0__DR_INV, 0x40040348)
                0x40040348                PROVIDE (Advertising_LED_2__DR_INV, 0x40040348)
                0x40040348                PROVIDE (Advertising_LED_2__DR_INV, 0x40040348)
                0x400f5000                PROVIDE (Bootloader_Service_Activation__0__PA__CFG0, 0x400f5000)
                0x400f5000                PROVIDE (Bootloader_Service_Activation__0__PA__CFG0, 0x400f5000)
                0x400f5000                PROVIDE (Bootloader_Service_Activation__PA__CFG0, 0x400f5000)
                0x400f5000                PROVIDE (Bootloader_Service_Activation__PA__CFG0, 0x400f5000)
                0x400f5000                PROVIDE (Bootloading_LED__0__PA__CFG0, 0x400f5000)
                0x400f5000                PROVIDE (Bootloading_LED__0__PA__CFG0, 0x400f5000)
                0x400f5000                PROVIDE (Bootloading_LED__PA__CFG0, 0x400f5000)
                0x400f5000                PROVIDE (Bootloading_LED__PA__CFG0, 0x400f5000)
                0x400f5001                PROVIDE (Bootloader_Service_Activation__0__PA__CFG1, 0x400f5001)
                0x400f5001                PROVIDE (Bootloader_Service_Activation__0__PA__CFG1, 0x400f5001)
                0x400f5001                PROVIDE (Bootloader_Service_Activation__PA__CFG1, 0x400f5001)
                0x400f5001                PROVIDE (Bootloader_Service_Activation__PA__CFG1, 0x400f5001)
                0x400f5001                PROVIDE (Bootloading_LED__0__PA__CFG1, 0x400f5001)
                0x400f5001                PROVIDE (Bootloading_LED__0__PA__CFG1, 0x400f5001)
                0x400f5001                PROVIDE (Bootloading_LED__PA__CFG1, 0x400f5001)
                0x400f5001                PROVIDE (Bootloading_LED__PA__CFG1, 0x400f5001)
                0x400f5002                PROVIDE (Bootloader_Service_Activation__0__PA__CFG2, 0x400f5002)
                0x400f5002                PROVIDE (Bootloader_Service_Activation__0__PA__CFG2, 0x400f5002)
                0x400f5002                PROVIDE (Bootloader_Service_Activation__PA__CFG2, 0x400f5002)
                0x400f5002                PROVIDE (Bootloader_Service_Activation__PA__CFG2, 0x400f5002)
                0x400f5002                PROVIDE (Bootloading_LED__0__PA__CFG2, 0x400f5002)
                0x400f5002                PROVIDE (Bootloading_LED__0__PA__CFG2, 0x400f5002)
                0x400f5002                PROVIDE (Bootloading_LED__PA__CFG2, 0x400f5002)
                0x400f5002                PROVIDE (Bootloading_LED__PA__CFG2, 0x400f5002)
                0x400f5003                PROVIDE (Bootloader_Service_Activation__0__PA__CFG3, 0x400f5003)
                0x400f5003                PROVIDE (Bootloader_Service_Activation__0__PA__CFG3, 0x400f5003)
                0x400f5003                PROVIDE (Bootloader_Service_Activation__PA__CFG3, 0x400f5003)
                0x400f5003                PROVIDE (Bootloader_Service_Activation__PA__CFG3, 0x400f5003)
                0x400f5003                PROVIDE (Bootloading_LED__0__PA__CFG3, 0x400f5003)
                0x400f5003                PROVIDE (Bootloading_LED__0__PA__CFG3, 0x400f5003)
                0x400f5003                PROVIDE (Bootloading_LED__PA__CFG3, 0x400f5003)
                0x400f5003                PROVIDE (Bootloading_LED__PA__CFG3, 0x400f5003)
                0x400f5004                PROVIDE (Bootloader_Service_Activation__0__PA__CFG4, 0x400f5004)
                0x400f5004                PROVIDE (Bootloader_Service_Activation__0__PA__CFG4, 0x400f5004)
                0x400f5004                PROVIDE (Bootloader_Service_Activation__PA__CFG4, 0x400f5004)
                0x400f5004                PROVIDE (Bootloader_Service_Activation__PA__CFG4, 0x400f5004)
                0x400f5004                PROVIDE (Bootloading_LED__0__PA__CFG4, 0x400f5004)
                0x400f5004                PROVIDE (Bootloading_LED__0__PA__CFG4, 0x400f5004)
                0x400f5004                PROVIDE (Bootloading_LED__PA__CFG4, 0x400f5004)
                0x400f5004                PROVIDE (Bootloading_LED__PA__CFG4, 0x400f5004)
                0x400f5005                PROVIDE (Bootloader_Service_Activation__0__PA__CFG5, 0x400f5005)
                0x400f5005                PROVIDE (Bootloader_Service_Activation__0__PA__CFG5, 0x400f5005)
                0x400f5005                PROVIDE (Bootloader_Service_Activation__PA__CFG5, 0x400f5005)
                0x400f5005                PROVIDE (Bootloader_Service_Activation__PA__CFG5, 0x400f5005)
                0x400f5005                PROVIDE (Bootloading_LED__0__PA__CFG5, 0x400f5005)
                0x400f5005                PROVIDE (Bootloading_LED__0__PA__CFG5, 0x400f5005)
                0x400f5005                PROVIDE (Bootloading_LED__PA__CFG5, 0x400f5005)
                0x400f5005                PROVIDE (Bootloading_LED__PA__CFG5, 0x400f5005)
                0x400f5006                PROVIDE (Bootloader_Service_Activation__0__PA__CFG6, 0x400f5006)
                0x400f5006                PROVIDE (Bootloader_Service_Activation__0__PA__CFG6, 0x400f5006)
                0x400f5006                PROVIDE (Bootloader_Service_Activation__PA__CFG6, 0x400f5006)
                0x400f5006                PROVIDE (Bootloader_Service_Activation__PA__CFG6, 0x400f5006)
                0x400f5006                PROVIDE (Bootloading_LED__0__PA__CFG6, 0x400f5006)
                0x400f5006                PROVIDE (Bootloading_LED__0__PA__CFG6, 0x400f5006)
                0x400f5006                PROVIDE (Bootloading_LED__PA__CFG6, 0x400f5006)
                0x400f5006                PROVIDE (Bootloading_LED__PA__CFG6, 0x400f5006)
                0x400f5007                PROVIDE (Bootloader_Service_Activation__0__PA__CFG7, 0x400f5007)
                0x400f5007                PROVIDE (Bootloader_Service_Activation__0__PA__CFG7, 0x400f5007)
                0x400f5007                PROVIDE (Bootloader_Service_Activation__PA__CFG7, 0x400f5007)
                0x400f5007                PROVIDE (Bootloader_Service_Activation__PA__CFG7, 0x400f5007)
                0x400f5007                PROVIDE (Bootloading_LED__0__PA__CFG7, 0x400f5007)
                0x400f5007                PROVIDE (Bootloading_LED__0__PA__CFG7, 0x400f5007)
                0x400f5007                PROVIDE (Bootloading_LED__PA__CFG7, 0x400f5007)
                0x400f5007                PROVIDE (Bootloading_LED__PA__CFG7, 0x400f5007)
                0x400f5008                PROVIDE (Bootloader_Service_Activation__0__PA__CFG8, 0x400f5008)
                0x400f5008                PROVIDE (Bootloader_Service_Activation__0__PA__CFG8, 0x400f5008)
                0x400f5008                PROVIDE (Bootloader_Service_Activation__PA__CFG8, 0x400f5008)
                0x400f5008                PROVIDE (Bootloader_Service_Activation__PA__CFG8, 0x400f5008)
                0x400f5008                PROVIDE (Bootloading_LED__0__PA__CFG8, 0x400f5008)
                0x400f5008                PROVIDE (Bootloading_LED__0__PA__CFG8, 0x400f5008)
                0x400f5008                PROVIDE (Bootloading_LED__PA__CFG8, 0x400f5008)
                0x400f5008                PROVIDE (Bootloading_LED__PA__CFG8, 0x400f5008)
                0x400f5009                PROVIDE (Bootloader_Service_Activation__0__PA__CFG9, 0x400f5009)
                0x400f5009                PROVIDE (Bootloader_Service_Activation__0__PA__CFG9, 0x400f5009)
                0x400f5009                PROVIDE (Bootloader_Service_Activation__PA__CFG9, 0x400f5009)
                0x400f5009                PROVIDE (Bootloader_Service_Activation__PA__CFG9, 0x400f5009)
                0x400f5009                PROVIDE (Bootloading_LED__0__PA__CFG9, 0x400f5009)
                0x400f5009                PROVIDE (Bootloading_LED__0__PA__CFG9, 0x400f5009)
                0x400f5009                PROVIDE (Bootloading_LED__PA__CFG9, 0x400f5009)
                0x400f5009                PROVIDE (Bootloading_LED__PA__CFG9, 0x400f5009)
                0x400f500a                PROVIDE (Bootloader_Service_Activation__0__PA__CFG10, 0x400f500a)
                0x400f500a                PROVIDE (Bootloader_Service_Activation__0__PA__CFG10, 0x400f500a)
                0x400f500a                PROVIDE (Bootloader_Service_Activation__PA__CFG10, 0x400f500a)
                0x400f500a                PROVIDE (Bootloader_Service_Activation__PA__CFG10, 0x400f500a)
                0x400f500a                PROVIDE (Bootloading_LED__0__PA__CFG10, 0x400f500a)
                0x400f500a                PROVIDE (Bootloading_LED__0__PA__CFG10, 0x400f500a)
                0x400f500a                PROVIDE (Bootloading_LED__PA__CFG10, 0x400f500a)
                0x400f500a                PROVIDE (Bootloading_LED__PA__CFG10, 0x400f500a)
                0x400f500b                PROVIDE (Bootloader_Service_Activation__0__PA__CFG11, 0x400f500b)
                0x400f500b                PROVIDE (Bootloader_Service_Activation__0__PA__CFG11, 0x400f500b)
                0x400f500b                PROVIDE (Bootloader_Service_Activation__PA__CFG11, 0x400f500b)
                0x400f500b                PROVIDE (Bootloader_Service_Activation__PA__CFG11, 0x400f500b)
                0x400f500b                PROVIDE (Bootloading_LED__0__PA__CFG11, 0x400f500b)
                0x400f500b                PROVIDE (Bootloading_LED__0__PA__CFG11, 0x400f500b)
                0x400f500b                PROVIDE (Bootloading_LED__PA__CFG11, 0x400f500b)
                0x400f500b                PROVIDE (Bootloading_LED__PA__CFG11, 0x400f500b)
                0x400f500c                PROVIDE (Bootloader_Service_Activation__0__PA__CFG12, 0x400f500c)
                0x400f500c                PROVIDE (Bootloader_Service_Activation__0__PA__CFG12, 0x400f500c)
                0x400f500c                PROVIDE (Bootloader_Service_Activation__PA__CFG12, 0x400f500c)
                0x400f500c                PROVIDE (Bootloader_Service_Activation__PA__CFG12, 0x400f500c)
                0x400f500c                PROVIDE (Bootloading_LED__0__PA__CFG12, 0x400f500c)
                0x400f500c                PROVIDE (Bootloading_LED__0__PA__CFG12, 0x400f500c)
                0x400f500c                PROVIDE (Bootloading_LED__PA__CFG12, 0x400f500c)
                0x400f500c                PROVIDE (Bootloading_LED__PA__CFG12, 0x400f500c)
                0x400f500d                PROVIDE (Bootloader_Service_Activation__0__PA__CFG13, 0x400f500d)
                0x400f500d                PROVIDE (Bootloader_Service_Activation__0__PA__CFG13, 0x400f500d)
                0x400f500d                PROVIDE (Bootloader_Service_Activation__PA__CFG13, 0x400f500d)
                0x400f500d                PROVIDE (Bootloader_Service_Activation__PA__CFG13, 0x400f500d)
                0x400f500d                PROVIDE (Bootloading_LED__0__PA__CFG13, 0x400f500d)
                0x400f500d                PROVIDE (Bootloading_LED__0__PA__CFG13, 0x400f500d)
                0x400f500d                PROVIDE (Bootloading_LED__PA__CFG13, 0x400f500d)
                0x400f500d                PROVIDE (Bootloading_LED__PA__CFG13, 0x400f500d)
                0x400f500e                PROVIDE (Bootloader_Service_Activation__0__PA__CFG14, 0x400f500e)
                0x400f500e                PROVIDE (Bootloader_Service_Activation__0__PA__CFG14, 0x400f500e)
                0x400f500e                PROVIDE (Bootloader_Service_Activation__PA__CFG14, 0x400f500e)
                0x400f500e                PROVIDE (Bootloader_Service_Activation__PA__CFG14, 0x400f500e)
                0x400f500e                PROVIDE (Bootloading_LED__0__PA__CFG14, 0x400f500e)
                0x400f500e                PROVIDE (Bootloading_LED__0__PA__CFG14, 0x400f500e)
                0x400f500e                PROVIDE (Bootloading_LED__PA__CFG14, 0x400f500e)
                0x400f500e                PROVIDE (Bootloading_LED__PA__CFG14, 0x400f500e)
                0x400f5030                PROVIDE (Advertising_LED_1__0__PA__CFG0, 0x400f5030)
                0x400f5030                PROVIDE (Advertising_LED_1__0__PA__CFG0, 0x400f5030)
                0x400f5030                PROVIDE (Advertising_LED_1__PA__CFG0, 0x400f5030)
                0x400f5030                PROVIDE (Advertising_LED_1__PA__CFG0, 0x400f5030)
                0x400f5030                PROVIDE (Advertising_LED_2__0__PA__CFG0, 0x400f5030)
                0x400f5030                PROVIDE (Advertising_LED_2__0__PA__CFG0, 0x400f5030)
                0x400f5030                PROVIDE (Advertising_LED_2__PA__CFG0, 0x400f5030)
                0x400f5030                PROVIDE (Advertising_LED_2__PA__CFG0, 0x400f5030)
                0x400f5031                PROVIDE (Advertising_LED_1__0__PA__CFG1, 0x400f5031)
                0x400f5031                PROVIDE (Advertising_LED_1__0__PA__CFG1, 0x400f5031)
                0x400f5031                PROVIDE (Advertising_LED_1__PA__CFG1, 0x400f5031)
                0x400f5031                PROVIDE (Advertising_LED_1__PA__CFG1, 0x400f5031)
                0x400f5031                PROVIDE (Advertising_LED_2__0__PA__CFG1, 0x400f5031)
                0x400f5031                PROVIDE (Advertising_LED_2__0__PA__CFG1, 0x400f5031)
                0x400f5031                PROVIDE (Advertising_LED_2__PA__CFG1, 0x400f5031)
                0x400f5031                PROVIDE (Advertising_LED_2__PA__CFG1, 0x400f5031)
                0x400f5032                PROVIDE (Advertising_LED_1__0__PA__CFG2, 0x400f5032)
                0x400f5032                PROVIDE (Advertising_LED_1__0__PA__CFG2, 0x400f5032)
                0x400f5032                PROVIDE (Advertising_LED_1__PA__CFG2, 0x400f5032)
                0x400f5032                PROVIDE (Advertising_LED_1__PA__CFG2, 0x400f5032)
                0x400f5032                PROVIDE (Advertising_LED_2__0__PA__CFG2, 0x400f5032)
                0x400f5032                PROVIDE (Advertising_LED_2__0__PA__CFG2, 0x400f5032)
                0x400f5032                PROVIDE (Advertising_LED_2__PA__CFG2, 0x400f5032)
                0x400f5032                PROVIDE (Advertising_LED_2__PA__CFG2, 0x400f5032)
                0x400f5033                PROVIDE (Advertising_LED_1__0__PA__CFG3, 0x400f5033)
                0x400f5033                PROVIDE (Advertising_LED_1__0__PA__CFG3, 0x400f5033)
                0x400f5033                PROVIDE (Advertising_LED_1__PA__CFG3, 0x400f5033)
                0x400f5033                PROVIDE (Advertising_LED_1__PA__CFG3, 0x400f5033)
                0x400f5033                PROVIDE (Advertising_LED_2__0__PA__CFG3, 0x400f5033)
                0x400f5033                PROVIDE (Advertising_LED_2__0__PA__CFG3, 0x400f5033)
                0x400f5033                PROVIDE (Advertising_LED_2__PA__CFG3, 0x400f5033)
                0x400f5033                PROVIDE (Advertising_LED_2__PA__CFG3, 0x400f5033)
                0x400f5034                PROVIDE (Advertising_LED_1__0__PA__CFG4, 0x400f5034)
                0x400f5034                PROVIDE (Advertising_LED_1__0__PA__CFG4, 0x400f5034)
                0x400f5034                PROVIDE (Advertising_LED_1__PA__CFG4, 0x400f5034)
                0x400f5034                PROVIDE (Advertising_LED_1__PA__CFG4, 0x400f5034)
                0x400f5034                PROVIDE (Advertising_LED_2__0__PA__CFG4, 0x400f5034)
                0x400f5034                PROVIDE (Advertising_LED_2__0__PA__CFG4, 0x400f5034)
                0x400f5034                PROVIDE (Advertising_LED_2__PA__CFG4, 0x400f5034)
                0x400f5034                PROVIDE (Advertising_LED_2__PA__CFG4, 0x400f5034)
                0x400f5035                PROVIDE (Advertising_LED_1__0__PA__CFG5, 0x400f5035)
                0x400f5035                PROVIDE (Advertising_LED_1__0__PA__CFG5, 0x400f5035)
                0x400f5035                PROVIDE (Advertising_LED_1__PA__CFG5, 0x400f5035)
                0x400f5035                PROVIDE (Advertising_LED_1__PA__CFG5, 0x400f5035)
                0x400f5035                PROVIDE (Advertising_LED_2__0__PA__CFG5, 0x400f5035)
                0x400f5035                PROVIDE (Advertising_LED_2__0__PA__CFG5, 0x400f5035)
                0x400f5035                PROVIDE (Advertising_LED_2__PA__CFG5, 0x400f5035)
                0x400f5035                PROVIDE (Advertising_LED_2__PA__CFG5, 0x400f5035)
                0x400f5036                PROVIDE (Advertising_LED_1__0__PA__CFG6, 0x400f5036)
                0x400f5036                PROVIDE (Advertising_LED_1__0__PA__CFG6, 0x400f5036)
                0x400f5036                PROVIDE (Advertising_LED_1__PA__CFG6, 0x400f5036)
                0x400f5036                PROVIDE (Advertising_LED_1__PA__CFG6, 0x400f5036)
                0x400f5036                PROVIDE (Advertising_LED_2__0__PA__CFG6, 0x400f5036)
                0x400f5036                PROVIDE (Advertising_LED_2__0__PA__CFG6, 0x400f5036)
                0x400f5036                PROVIDE (Advertising_LED_2__PA__CFG6, 0x400f5036)
                0x400f5036                PROVIDE (Advertising_LED_2__PA__CFG6, 0x400f5036)
                0x400f5037                PROVIDE (Advertising_LED_1__0__PA__CFG7, 0x400f5037)
                0x400f5037                PROVIDE (Advertising_LED_1__0__PA__CFG7, 0x400f5037)
                0x400f5037                PROVIDE (Advertising_LED_1__PA__CFG7, 0x400f5037)
                0x400f5037                PROVIDE (Advertising_LED_1__PA__CFG7, 0x400f5037)
                0x400f5037                PROVIDE (Advertising_LED_2__0__PA__CFG7, 0x400f5037)
                0x400f5037                PROVIDE (Advertising_LED_2__0__PA__CFG7, 0x400f5037)
                0x400f5037                PROVIDE (Advertising_LED_2__PA__CFG7, 0x400f5037)
                0x400f5037                PROVIDE (Advertising_LED_2__PA__CFG7, 0x400f5037)
                0x400f5038                PROVIDE (Advertising_LED_1__0__PA__CFG8, 0x400f5038)
                0x400f5038                PROVIDE (Advertising_LED_1__0__PA__CFG8, 0x400f5038)
                0x400f5038                PROVIDE (Advertising_LED_1__PA__CFG8, 0x400f5038)
                0x400f5038                PROVIDE (Advertising_LED_1__PA__CFG8, 0x400f5038)
                0x400f5038                PROVIDE (Advertising_LED_2__0__PA__CFG8, 0x400f5038)
                0x400f5038                PROVIDE (Advertising_LED_2__0__PA__CFG8, 0x400f5038)
                0x400f5038                PROVIDE (Advertising_LED_2__PA__CFG8, 0x400f5038)
                0x400f5038                PROVIDE (Advertising_LED_2__PA__CFG8, 0x400f5038)
                0x400f5039                PROVIDE (Advertising_LED_1__0__PA__CFG9, 0x400f5039)
                0x400f5039                PROVIDE (Advertising_LED_1__0__PA__CFG9, 0x400f5039)
                0x400f5039                PROVIDE (Advertising_LED_1__PA__CFG9, 0x400f5039)
                0x400f5039                PROVIDE (Advertising_LED_1__PA__CFG9, 0x400f5039)
                0x400f5039                PROVIDE (Advertising_LED_2__0__PA__CFG9, 0x400f5039)
                0x400f5039                PROVIDE (Advertising_LED_2__0__PA__CFG9, 0x400f5039)
                0x400f5039                PROVIDE (Advertising_LED_2__PA__CFG9, 0x400f5039)
                0x400f5039                PROVIDE (Advertising_LED_2__PA__CFG9, 0x400f5039)
                0x400f503a                PROVIDE (Advertising_LED_1__0__PA__CFG10, 0x400f503a)
                0x400f503a                PROVIDE (Advertising_LED_1__0__PA__CFG10, 0x400f503a)
                0x400f503a                PROVIDE (Advertising_LED_1__PA__CFG10, 0x400f503a)
                0x400f503a                PROVIDE (Advertising_LED_1__PA__CFG10, 0x400f503a)
                0x400f503a                PROVIDE (Advertising_LED_2__0__PA__CFG10, 0x400f503a)
                0x400f503a                PROVIDE (Advertising_LED_2__0__PA__CFG10, 0x400f503a)
                0x400f503a                PROVIDE (Advertising_LED_2__PA__CFG10, 0x400f503a)
                0x400f503a                PROVIDE (Advertising_LED_2__PA__CFG10, 0x400f503a)
                0x400f503b                PROVIDE (Advertising_LED_1__0__PA__CFG11, 0x400f503b)
                0x400f503b                PROVIDE (Advertising_LED_1__0__PA__CFG11, 0x400f503b)
                0x400f503b                PROVIDE (Advertising_LED_1__PA__CFG11, 0x400f503b)
                0x400f503b                PROVIDE (Advertising_LED_1__PA__CFG11, 0x400f503b)
                0x400f503b                PROVIDE (Advertising_LED_2__0__PA__CFG11, 0x400f503b)
                0x400f503b                PROVIDE (Advertising_LED_2__0__PA__CFG11, 0x400f503b)
                0x400f503b                PROVIDE (Advertising_LED_2__PA__CFG11, 0x400f503b)
                0x400f503b                PROVIDE (Advertising_LED_2__PA__CFG11, 0x400f503b)
                0x400f503c                PROVIDE (Advertising_LED_1__0__PA__CFG12, 0x400f503c)
                0x400f503c                PROVIDE (Advertising_LED_1__0__PA__CFG12, 0x400f503c)
                0x400f503c                PROVIDE (Advertising_LED_1__PA__CFG12, 0x400f503c)
                0x400f503c                PROVIDE (Advertising_LED_1__PA__CFG12, 0x400f503c)
                0x400f503c                PROVIDE (Advertising_LED_2__0__PA__CFG12, 0x400f503c)
                0x400f503c                PROVIDE (Advertising_LED_2__0__PA__CFG12, 0x400f503c)
                0x400f503c                PROVIDE (Advertising_LED_2__PA__CFG12, 0x400f503c)
                0x400f503c                PROVIDE (Advertising_LED_2__PA__CFG12, 0x400f503c)
                0x400f503d                PROVIDE (Advertising_LED_1__0__PA__CFG13, 0x400f503d)
                0x400f503d                PROVIDE (Advertising_LED_1__0__PA__CFG13, 0x400f503d)
                0x400f503d                PROVIDE (Advertising_LED_1__PA__CFG13, 0x400f503d)
                0x400f503d                PROVIDE (Advertising_LED_1__PA__CFG13, 0x400f503d)
                0x400f503d                PROVIDE (Advertising_LED_2__0__PA__CFG13, 0x400f503d)
                0x400f503d                PROVIDE (Advertising_LED_2__0__PA__CFG13, 0x400f503d)
                0x400f503d                PROVIDE (Advertising_LED_2__PA__CFG13, 0x400f503d)
                0x400f503d                PROVIDE (Advertising_LED_2__PA__CFG13, 0x400f503d)
                0x400f503e                PROVIDE (Advertising_LED_1__0__PA__CFG14, 0x400f503e)
                0x400f503e                PROVIDE (Advertising_LED_1__0__PA__CFG14, 0x400f503e)
                0x400f503e                PROVIDE (Advertising_LED_1__PA__CFG14, 0x400f503e)
                0x400f503e                PROVIDE (Advertising_LED_1__PA__CFG14, 0x400f503e)
                0x400f503e                PROVIDE (Advertising_LED_2__0__PA__CFG14, 0x400f503e)
                0x400f503e                PROVIDE (Advertising_LED_2__0__PA__CFG14, 0x400f503e)
                0x400f503e                PROVIDE (Advertising_LED_2__PA__CFG14, 0x400f503e)
                0x400f503e                PROVIDE (Advertising_LED_2__PA__CFG14, 0x400f503e)
                0x402e0000                PROVIDE (CyBle_cy_m0s8_ble__CFG1, 0x402e0000)
                0x402e0000                PROVIDE (CyBle_cy_m0s8_ble__CFG1, 0x402e0000)
                0x402e0004                PROVIDE (CyBle_cy_m0s8_ble__CFG2, 0x402e0004)
                0x402e0004                PROVIDE (CyBle_cy_m0s8_ble__CFG2, 0x402e0004)
                0x402e0008                PROVIDE (CyBle_cy_m0s8_ble__MODEM, 0x402e0008)
                0x402e0008                PROVIDE (CyBle_cy_m0s8_ble__MODEM, 0x402e0008)
                0x402e000c                PROVIDE (CyBle_cy_m0s8_ble__FSM, 0x402e000c)
                0x402e000c                PROVIDE (CyBle_cy_m0s8_ble__FSM, 0x402e000c)
                0x402e0010                PROVIDE (CyBle_cy_m0s8_ble__DBUS, 0x402e0010)
                0x402e0010                PROVIDE (CyBle_cy_m0s8_ble__DBUS, 0x402e0010)
                0x402e0014                PROVIDE (CyBle_cy_m0s8_ble__CFGCTRL, 0x402e0014)
                0x402e0014                PROVIDE (CyBle_cy_m0s8_ble__CFGCTRL, 0x402e0014)
                0x402e0018                PROVIDE (CyBle_cy_m0s8_ble__RSSI, 0x402e0018)
                0x402e0018                PROVIDE (CyBle_cy_m0s8_ble__RSSI, 0x402e0018)
                0x402e0024                PROVIDE (CyBle_cy_m0s8_ble__RMAP, 0x402e0024)
                0x402e0024                PROVIDE (CyBle_cy_m0s8_ble__RMAP, 0x402e0024)
                0x402e0028                PROVIDE (CyBle_cy_m0s8_ble__KVCAL, 0x402e0028)
                0x402e0028                PROVIDE (CyBle_cy_m0s8_ble__KVCAL, 0x402e0028)
                0x402e002c                PROVIDE (CyBle_cy_m0s8_ble__CFG_1_FCAL, 0x402e002c)
                0x402e002c                PROVIDE (CyBle_cy_m0s8_ble__CFG_1_FCAL, 0x402e002c)
                0x402e0030                PROVIDE (CyBle_cy_m0s8_ble__CFG_2_FCAL, 0x402e0030)
                0x402e0030                PROVIDE (CyBle_cy_m0s8_ble__CFG_2_FCAL, 0x402e0030)
                0x402e0034                PROVIDE (CyBle_cy_m0s8_ble__CFG_3_FCAL, 0x402e0034)
                0x402e0034                PROVIDE (CyBle_cy_m0s8_ble__CFG_3_FCAL, 0x402e0034)
                0x402e0038                PROVIDE (CyBle_cy_m0s8_ble__CFG_4_FCAL, 0x402e0038)
                0x402e0038                PROVIDE (CyBle_cy_m0s8_ble__CFG_4_FCAL, 0x402e0038)
                0x402e003c                PROVIDE (CyBle_cy_m0s8_ble__CFG_5_FCAL, 0x402e003c)
                0x402e003c                PROVIDE (CyBle_cy_m0s8_ble__CFG_5_FCAL, 0x402e003c)
                0x402e0040                PROVIDE (CyBle_cy_m0s8_ble__CFG_6_FCAL, 0x402e0040)
                0x402e0040                PROVIDE (CyBle_cy_m0s8_ble__CFG_6_FCAL, 0x402e0040)
                0x402e0044                PROVIDE (CyBle_cy_m0s8_ble__FCAL_TEST, 0x402e0044)
                0x402e0044                PROVIDE (CyBle_cy_m0s8_ble__FCAL_TEST, 0x402e0044)
                0x402e0048                PROVIDE (CyBle_cy_m0s8_ble__TEST, 0x402e0048)
                0x402e0048                PROVIDE (CyBle_cy_m0s8_ble__TEST, 0x402e0048)
                0x402e004c                PROVIDE (CyBle_cy_m0s8_ble__FPD_TEST, 0x402e004c)
                0x402e004c                PROVIDE (CyBle_cy_m0s8_ble__FPD_TEST, 0x402e004c)
                0x402e0050                PROVIDE (CyBle_cy_m0s8_ble__SY, 0x402e0050)
                0x402e0050                PROVIDE (CyBle_cy_m0s8_ble__SY, 0x402e0050)
                0x402e0054                PROVIDE (CyBle_cy_m0s8_ble__TEST2_SY, 0x402e0054)
                0x402e0054                PROVIDE (CyBle_cy_m0s8_ble__TEST2_SY, 0x402e0054)
                0x402e0058                PROVIDE (CyBle_cy_m0s8_ble__TX, 0x402e0058)
                0x402e0058                PROVIDE (CyBle_cy_m0s8_ble__TX, 0x402e0058)
                0x402e005c                PROVIDE (CyBle_cy_m0s8_ble__RX, 0x402e005c)
                0x402e005c                PROVIDE (CyBle_cy_m0s8_ble__RX, 0x402e005c)
                0x402e0060                PROVIDE (CyBle_cy_m0s8_ble__DIAG1, 0x402e0060)
                0x402e0060                PROVIDE (CyBle_cy_m0s8_ble__DIAG1, 0x402e0060)
                0x402e0064                PROVIDE (CyBle_cy_m0s8_ble__IM, 0x402e0064)
                0x402e0064                PROVIDE (CyBle_cy_m0s8_ble__IM, 0x402e0064)
                0x402e0068                PROVIDE (CyBle_cy_m0s8_ble__LDO_BYPASS, 0x402e0068)
                0x402e0068                PROVIDE (CyBle_cy_m0s8_ble__LDO_BYPASS, 0x402e0068)
                0x402e006c                PROVIDE (CyBle_cy_m0s8_ble__LDO, 0x402e006c)
                0x402e006c                PROVIDE (CyBle_cy_m0s8_ble__LDO, 0x402e006c)
                0x402e0070                PROVIDE (CyBle_cy_m0s8_ble__BB_BUMP1, 0x402e0070)
                0x402e0070                PROVIDE (CyBle_cy_m0s8_ble__BB_BUMP1, 0x402e0070)
                0x402e0074                PROVIDE (CyBle_cy_m0s8_ble__BB_BUMP2, 0x402e0074)
                0x402e0074                PROVIDE (CyBle_cy_m0s8_ble__BB_BUMP2, 0x402e0074)
                0x402e0078                PROVIDE (CyBle_cy_m0s8_ble__BB_XO, 0x402e0078)
                0x402e0078                PROVIDE (CyBle_cy_m0s8_ble__BB_XO, 0x402e0078)
                0x402e007c                PROVIDE (CyBle_cy_m0s8_ble__BB_XO_CAPTRIM, 0x402e007c)
                0x402e007c                PROVIDE (CyBle_cy_m0s8_ble__BB_XO_CAPTRIM, 0x402e007c)
                0x402e0080                PROVIDE (CyBle_cy_m0s8_ble__SY_BUMP1, 0x402e0080)
                0x402e0080                PROVIDE (CyBle_cy_m0s8_ble__SY_BUMP1, 0x402e0080)
                0x402e0084                PROVIDE (CyBle_cy_m0s8_ble__SY_BUMP2, 0x402e0084)
                0x402e0084                PROVIDE (CyBle_cy_m0s8_ble__SY_BUMP2, 0x402e0084)
                0x402e0088                PROVIDE (CyBle_cy_m0s8_ble__TX_BUMP1, 0x402e0088)
                0x402e0088                PROVIDE (CyBle_cy_m0s8_ble__TX_BUMP1, 0x402e0088)
                0x402e008c                PROVIDE (CyBle_cy_m0s8_ble__TX_BUMP2, 0x402e008c)
                0x402e008c                PROVIDE (CyBle_cy_m0s8_ble__TX_BUMP2, 0x402e008c)
                0x402e0090                PROVIDE (CyBle_cy_m0s8_ble__RX_BUMP1, 0x402e0090)
                0x402e0090                PROVIDE (CyBle_cy_m0s8_ble__RX_BUMP1, 0x402e0090)
                0x402e0094                PROVIDE (CyBle_cy_m0s8_ble__RX_BUMP2, 0x402e0094)
                0x402e0094                PROVIDE (CyBle_cy_m0s8_ble__RX_BUMP2, 0x402e0094)
                0x402e0098                PROVIDE (CyBle_cy_m0s8_ble__ADC_BUMP1, 0x402e0098)
                0x402e0098                PROVIDE (CyBle_cy_m0s8_ble__ADC_BUMP1, 0x402e0098)
                0x402e009c                PROVIDE (CyBle_cy_m0s8_ble__ADC_BUMP2, 0x402e009c)
                0x402e009c                PROVIDE (CyBle_cy_m0s8_ble__ADC_BUMP2, 0x402e009c)
                0x402e00a0                PROVIDE (CyBle_cy_m0s8_ble__BALUN, 0x402e00a0)
                0x402e00a0                PROVIDE (CyBle_cy_m0s8_ble__BALUN, 0x402e00a0)
                0x402e00a4                PROVIDE (CyBle_cy_m0s8_ble__CTR1, 0x402e00a4)
                0x402e00a4                PROVIDE (CyBle_cy_m0s8_ble__CTR1, 0x402e00a4)
                0x402e00a8                PROVIDE (CyBle_cy_m0s8_ble__AGC, 0x402e00a8)
                0x402e00a8                PROVIDE (CyBle_cy_m0s8_ble__AGC, 0x402e00a8)
                0x402e00ac                PROVIDE (CyBle_cy_m0s8_ble__THRSHD1, 0x402e00ac)
                0x402e00ac                PROVIDE (CyBle_cy_m0s8_ble__THRSHD1, 0x402e00ac)
                0x402e00b0                PROVIDE (CyBle_cy_m0s8_ble__THRSHD2, 0x402e00b0)
                0x402e00b0                PROVIDE (CyBle_cy_m0s8_ble__THRSHD2, 0x402e00b0)
                0x402e00b4                PROVIDE (CyBle_cy_m0s8_ble__THRSHD3, 0x402e00b4)
                0x402e00b4                PROVIDE (CyBle_cy_m0s8_ble__THRSHD3, 0x402e00b4)
                0x402e00b8                PROVIDE (CyBle_cy_m0s8_ble__THRSHD4, 0x402e00b8)
                0x402e00b8                PROVIDE (CyBle_cy_m0s8_ble__THRSHD4, 0x402e00b8)
                0x402e00bc                PROVIDE (CyBle_cy_m0s8_ble__THRSHD5, 0x402e00bc)
                0x402e00bc                PROVIDE (CyBle_cy_m0s8_ble__THRSHD5, 0x402e00bc)
                0x402e00c0                PROVIDE (CyBle_cy_m0s8_ble__DC, 0x402e00c0)
                0x402e00c0                PROVIDE (CyBle_cy_m0s8_ble__DC, 0x402e00c0)
                0x402e00c4                PROVIDE (CyBle_cy_m0s8_ble__IQMIS, 0x402e00c4)
                0x402e00c4                PROVIDE (CyBle_cy_m0s8_ble__IQMIS, 0x402e00c4)
                0x402e00c8                PROVIDE (CyBle_cy_m0s8_ble__DCCAL, 0x402e00c8)
                0x402e00c8                PROVIDE (CyBle_cy_m0s8_ble__DCCAL, 0x402e00c8)
                0x402e00cc                PROVIDE (CyBle_cy_m0s8_ble__RCCAL, 0x402e00cc)
                0x402e00cc                PROVIDE (CyBle_cy_m0s8_ble__RCCAL, 0x402e00cc)
                0x402e00d0                PROVIDE (CyBle_cy_m0s8_ble__DSM1, 0x402e00d0)
                0x402e00d0                PROVIDE (CyBle_cy_m0s8_ble__DSM1, 0x402e00d0)
                0x402e00d4                PROVIDE (CyBle_cy_m0s8_ble__DSM2, 0x402e00d4)
                0x402e00d4                PROVIDE (CyBle_cy_m0s8_ble__DSM2, 0x402e00d4)
                0x402e00d8                PROVIDE (CyBle_cy_m0s8_ble__DSM3, 0x402e00d8)
                0x402e00d8                PROVIDE (CyBle_cy_m0s8_ble__DSM3, 0x402e00d8)
                0x402e00dc                PROVIDE (CyBle_cy_m0s8_ble__DSM4, 0x402e00dc)
                0x402e00dc                PROVIDE (CyBle_cy_m0s8_ble__DSM4, 0x402e00dc)
                0x402e00e0                PROVIDE (CyBle_cy_m0s8_ble__DSM5, 0x402e00e0)
                0x402e00e0                PROVIDE (CyBle_cy_m0s8_ble__DSM5, 0x402e00e0)
                0x402e00e4                PROVIDE (CyBle_cy_m0s8_ble__DSM6, 0x402e00e4)
                0x402e00e4                PROVIDE (CyBle_cy_m0s8_ble__DSM6, 0x402e00e4)
                0x402e00e8                PROVIDE (CyBle_cy_m0s8_ble__MONI, 0x402e00e8)
                0x402e00e8                PROVIDE (CyBle_cy_m0s8_ble__MONI, 0x402e00e8)
                0x402e00ec                PROVIDE (CyBle_cy_m0s8_ble__DBG_BB, 0x402e00ec)
                0x402e00ec                PROVIDE (CyBle_cy_m0s8_ble__DBG_BB, 0x402e00ec)
                0x402e00f0                PROVIDE (CyBle_cy_m0s8_ble__DBG_1, 0x402e00f0)
                0x402e00f0                PROVIDE (CyBle_cy_m0s8_ble__DBG_1, 0x402e00f0)
                0x402e00f4                PROVIDE (CyBle_cy_m0s8_ble__DBG_2, 0x402e00f4)
                0x402e00f4                PROVIDE (CyBle_cy_m0s8_ble__DBG_2, 0x402e00f4)
                0x402e00f8                PROVIDE (CyBle_cy_m0s8_ble__DBG_3, 0x402e00f8)
                0x402e00f8                PROVIDE (CyBle_cy_m0s8_ble__DBG_3, 0x402e00f8)
                0x402e0100                PROVIDE (CyBle_cy_m0s8_ble__READ_IQ_1, 0x402e0100)
                0x402e0100                PROVIDE (CyBle_cy_m0s8_ble__READ_IQ_1, 0x402e0100)
                0x402e0104                PROVIDE (CyBle_cy_m0s8_ble__READ_IQ_2, 0x402e0104)
                0x402e0104                PROVIDE (CyBle_cy_m0s8_ble__READ_IQ_2, 0x402e0104)
                0x402e0108                PROVIDE (CyBle_cy_m0s8_ble__READ_IQ_3, 0x402e0108)
                0x402e0108                PROVIDE (CyBle_cy_m0s8_ble__READ_IQ_3, 0x402e0108)
                0x402e010c                PROVIDE (CyBle_cy_m0s8_ble__READ_IQ_4, 0x402e010c)
                0x402e010c                PROVIDE (CyBle_cy_m0s8_ble__READ_IQ_4, 0x402e010c)
                0x402e1000                PROVIDE (CyBle_cy_m0s8_ble__COMMAND_REGISTER, 0x402e1000)
                0x402e1000                PROVIDE (CyBle_cy_m0s8_ble__COMMAND_REGISTER, 0x402e1000)
                0x402e1008                PROVIDE (CyBle_cy_m0s8_ble__EVENT_INTR, 0x402e1008)
                0x402e1008                PROVIDE (CyBle_cy_m0s8_ble__EVENT_INTR, 0x402e1008)
                0x402e1010                PROVIDE (CyBle_cy_m0s8_ble__EVENT_ENABLE, 0x402e1010)
                0x402e1010                PROVIDE (CyBle_cy_m0s8_ble__EVENT_ENABLE, 0x402e1010)
                0x402e1018                PROVIDE (CyBle_cy_m0s8_ble__ADV_PARAMS, 0x402e1018)
                0x402e1018                PROVIDE (CyBle_cy_m0s8_ble__ADV_PARAMS, 0x402e1018)
                0x402e101c                PROVIDE (CyBle_cy_m0s8_ble__ADV_INTERVAL_TIMEOUT, 0x402e101c)
                0x402e101c                PROVIDE (CyBle_cy_m0s8_ble__ADV_INTERVAL_TIMEOUT, 0x402e101c)
                0x402e1020                PROVIDE (CyBle_cy_m0s8_ble__ADV_INTR, 0x402e1020)
                0x402e1020                PROVIDE (CyBle_cy_m0s8_ble__ADV_INTR, 0x402e1020)
                0x402e1024                PROVIDE (CyBle_cy_m0s8_ble__ADV_NEXT_INSTANT, 0x402e1024)
                0x402e1024                PROVIDE (CyBle_cy_m0s8_ble__ADV_NEXT_INSTANT, 0x402e1024)
                0x402e1028                PROVIDE (CyBle_cy_m0s8_ble__SCAN_INTERVAL, 0x402e1028)
                0x402e1028                PROVIDE (CyBle_cy_m0s8_ble__SCAN_INTERVAL, 0x402e1028)
                0x402e102c                PROVIDE (CyBle_cy_m0s8_ble__SCAN_WINDOW, 0x402e102c)
                0x402e102c                PROVIDE (CyBle_cy_m0s8_ble__SCAN_WINDOW, 0x402e102c)
                0x402e1030                PROVIDE (CyBle_cy_m0s8_ble__SCAN_PARAM, 0x402e1030)
                0x402e1030                PROVIDE (CyBle_cy_m0s8_ble__SCAN_PARAM, 0x402e1030)
                0x402e1038                PROVIDE (CyBle_cy_m0s8_ble__SCAN_INTR, 0x402e1038)
                0x402e1038                PROVIDE (CyBle_cy_m0s8_ble__SCAN_INTR, 0x402e1038)
                0x402e103c                PROVIDE (CyBle_cy_m0s8_ble__SCAN_NEXT_INSTANT, 0x402e103c)
                0x402e103c                PROVIDE (CyBle_cy_m0s8_ble__SCAN_NEXT_INSTANT, 0x402e103c)
                0x402e1040                PROVIDE (CyBle_cy_m0s8_ble__INIT_INTERVAL, 0x402e1040)
                0x402e1040                PROVIDE (CyBle_cy_m0s8_ble__INIT_INTERVAL, 0x402e1040)
                0x402e1044                PROVIDE (CyBle_cy_m0s8_ble__INIT_WINDOW, 0x402e1044)
                0x402e1044                PROVIDE (CyBle_cy_m0s8_ble__INIT_WINDOW, 0x402e1044)
                0x402e1048                PROVIDE (CyBle_cy_m0s8_ble__INIT_PARAM, 0x402e1048)
                0x402e1048                PROVIDE (CyBle_cy_m0s8_ble__INIT_PARAM, 0x402e1048)
                0x402e1050                PROVIDE (CyBle_cy_m0s8_ble__INIT_INTR, 0x402e1050)
                0x402e1050                PROVIDE (CyBle_cy_m0s8_ble__INIT_INTR, 0x402e1050)
                0x402e1054                PROVIDE (CyBle_cy_m0s8_ble__INIT_NEXT_INSTANT, 0x402e1054)
                0x402e1054                PROVIDE (CyBle_cy_m0s8_ble__INIT_NEXT_INSTANT, 0x402e1054)
                0x402e1058                PROVIDE (CyBle_cy_m0s8_ble__DEVICE_RAND_ADDR_L, 0x402e1058)
                0x402e1058                PROVIDE (CyBle_cy_m0s8_ble__DEVICE_RAND_ADDR_L, 0x402e1058)
                0x402e105c                PROVIDE (CyBle_cy_m0s8_ble__DEVICE_RAND_ADDR_M, 0x402e105c)
                0x402e105c                PROVIDE (CyBle_cy_m0s8_ble__DEVICE_RAND_ADDR_M, 0x402e105c)
                0x402e1060                PROVIDE (CyBle_cy_m0s8_ble__DEVICE_RAND_ADDR_H, 0x402e1060)
                0x402e1060                PROVIDE (CyBle_cy_m0s8_ble__DEVICE_RAND_ADDR_H, 0x402e1060)
                0x402e1068                PROVIDE (CyBle_cy_m0s8_ble__PEER_ADDR_L, 0x402e1068)
                0x402e1068                PROVIDE (CyBle_cy_m0s8_ble__PEER_ADDR_L, 0x402e1068)
                0x402e106c                PROVIDE (CyBle_cy_m0s8_ble__PEER_ADDR_M, 0x402e106c)
                0x402e106c                PROVIDE (CyBle_cy_m0s8_ble__PEER_ADDR_M, 0x402e106c)
                0x402e1070                PROVIDE (CyBle_cy_m0s8_ble__PEER_ADDR_H, 0x402e1070)
                0x402e1070                PROVIDE (CyBle_cy_m0s8_ble__PEER_ADDR_H, 0x402e1070)
                0x402e1078                PROVIDE (CyBle_cy_m0s8_ble__WL_ADDR_TYPE, 0x402e1078)
                0x402e1078                PROVIDE (CyBle_cy_m0s8_ble__WL_ADDR_TYPE, 0x402e1078)
                0x402e107c                PROVIDE (CyBle_cy_m0s8_ble__WL_ENABLE, 0x402e107c)
                0x402e107c                PROVIDE (CyBle_cy_m0s8_ble__WL_ENABLE, 0x402e107c)
                0x402e1080                PROVIDE (CyBle_cy_m0s8_ble__TRANSMIT_WINDOW_OFFSET, 0x402e1080)
                0x402e1080                PROVIDE (CyBle_cy_m0s8_ble__TRANSMIT_WINDOW_OFFSET, 0x402e1080)
                0x402e1084                PROVIDE (CyBle_cy_m0s8_ble__TRANSMIT_WINDOW_SIZE, 0x402e1084)
                0x402e1084                PROVIDE (CyBle_cy_m0s8_ble__TRANSMIT_WINDOW_SIZE, 0x402e1084)
                0x402e1088                PROVIDE (CyBle_cy_m0s8_ble__DATA_CHANNELS_L0, 0x402e1088)
                0x402e1088                PROVIDE (CyBle_cy_m0s8_ble__DATA_CHANNELS_L0, 0x402e1088)
                0x402e108c                PROVIDE (CyBle_cy_m0s8_ble__DATA_CHANNELS_M0, 0x402e108c)
                0x402e108c                PROVIDE (CyBle_cy_m0s8_ble__DATA_CHANNELS_M0, 0x402e108c)
                0x402e1090                PROVIDE (CyBle_cy_m0s8_ble__DATA_CHANNELS_H0, 0x402e1090)
                0x402e1090                PROVIDE (CyBle_cy_m0s8_ble__DATA_CHANNELS_H0, 0x402e1090)
                0x402e1098                PROVIDE (CyBle_cy_m0s8_ble__DATA_CHANNELS_L1, 0x402e1098)