Archive member included because of file (symbol)

.\CortexM0\ARM_GCC_493\Debug\BackBone_Bootloadable.a(cyfitter_cfg.o)
                              .\CortexM0\ARM_GCC_493\Debug\Cm0Start.o (cyfitter_cfg)
.\CortexM0\ARM_GCC_493\Debug\BackBone_Bootloadable.a(ADC.o)
                              .\CortexM0\ARM_GCC_493\Debug\main.o (ADC_Start)
.\CortexM0\ARM_GCC_493\Debug\BackBone_Bootloadable.a(ADC_INT.o)
                              .\CortexM0\ARM_GCC_493\Debug\BackBone_Bootloadable.a(ADC.o) (ADC_ISR)
.\CortexM0\ARM_GCC_493\Debug\BackBone_Bootloadable.a(CyBootAsmGnu.o)
                              .\CortexM0\ARM_GCC_493\Debug\BackBone_Bootloadable.a(cyfitter_cfg.o) (CyDelayCycles)
.\CortexM0\ARM_GCC_493\Debug\BackBone_Bootloadable.a(CyLib.o)
                              .\CortexM0\ARM_GCC_493\Debug\BackBone_Bootloadable.a(ADC.o) (CyIntSetVector)
.\CortexM0\ARM_GCC_493\Debug\BackBone_Bootloadable.a(cyPm.o)
                              .\CortexM0\ARM_GCC_493\Debug\main.o (CySysPmSleep)
.\CortexM0\ARM_GCC_493\Debug\BackBone_Bootloadable.a(CyLFClk.o)
                              .\CortexM0\ARM_GCC_493\Debug\BackBone_Bootloadable.a(cyfitter_cfg.o) (CySysClkWcoStart)
.\CortexM0\ARM_GCC_493\Debug\BackBone_Bootloadable.a(MotorPWM.o)
                              .\CortexM0\ARM_GCC_493\Debug\BLEApplications.o (MotorPWM_Stop)
.\CortexM0\ARM_GCC_493\Debug\BackBone_Bootloadable.a(I2C.o)
                              .\CortexM0\ARM_GCC_493\Debug\i2c_comm.o (I2C_Start)
.\CortexM0\ARM_GCC_493\Debug\BackBone_Bootloadable.a(I2C_I2C.o)
                              .\CortexM0\ARM_GCC_493\Debug\BackBone_Bootloadable.a(I2C.o) (I2C_I2CInit)
.\CortexM0\ARM_GCC_493\Debug\BackBone_Bootloadable.a(I2C_I2C_MASTER.o)
                              .\CortexM0\ARM_GCC_493\Debug\i2c_comm.o (I2C_I2CMasterSendStop)
.\CortexM0\ARM_GCC_493\Debug\BackBone_Bootloadable.a(INVN_INT.o)
                              .\CortexM0\ARM_GCC_493\Debug\inv.o (INVN_INT_ClearInterrupt)
.\CortexM0\ARM_GCC_493\Debug\BackBone_Bootloadable.a(isr_INVN_INT.o)
                              .\CortexM0\ARM_GCC_493\Debug\inv.o (isr_INVN_INT_StartEx)
.\CortexM0\ARM_GCC_493\Debug\BackBone_Bootloadable.a(Timer1ms.o)
                              .\CortexM0\ARM_GCC_493\Debug\timeout.o (Timer1ms_Stop)
.\CortexM0\ARM_GCC_493\Debug\BackBone_Bootloadable.a(isr_Timer1ms.o)
                              .\CortexM0\ARM_GCC_493\Debug\timeout.o (isr_Timer1ms_Stop)
.\CortexM0\ARM_GCC_493\Debug\BackBone_Bootloadable.a(Bootloadable.o)
                              .\CortexM0\ARM_GCC_493\Debug\OTAMandatory.o (Bootloadable_Load)
.\CortexM0\ARM_GCC_493\Debug\BackBone_Bootloadable.a(CyFlash.o)
                              .\CortexM0\ARM_GCC_493\Debug\BackBone_Bootloadable.a(Bootloadable.o) (CySysFlashWriteRow)
.\CortexM0\ARM_GCC_493\Debug\BackBone_Bootloadable.a(I2C_I2C_INT.o)
                              .\CortexM0\ARM_GCC_493\Debug\BackBone_Bootloadable.a(I2C_I2C.o) (I2C_I2C_ISR)
c:/program files (x86)/cypress/psoc creator/3.3/psoc creator/import/gnu/arm/4.9.3/bin/../lib/gcc/arm-none-eabi/4.9.3/armv6-m\libgcc.a(_thumb1_case_uqi.o)
                              .\CortexM0\ARM_GCC_493\Debug\dmp3Default_20648.o (__gnu_thumb1_case_uqi)
c:/program files (x86)/cypress/psoc creator/3.3/psoc creator/import/gnu/arm/4.9.3/bin/../lib/gcc/arm-none-eabi/4.9.3/armv6-m\libgcc.a(_udivsi3.o)
                              .\CortexM0\ARM_GCC_493\Debug\inv_mems_base_driver.o (__aeabi_uidiv)
c:/program files (x86)/cypress/psoc creator/3.3/psoc creator/import/gnu/arm/4.9.3/bin/../lib/gcc/arm-none-eabi/4.9.3/armv6-m\libgcc.a(_divsi3.o)
                              .\CortexM0\ARM_GCC_493\Debug\bas.o (__aeabi_idiv)
c:/program files (x86)/cypress/psoc creator/3.3/psoc creator/import/gnu/arm/4.9.3/bin/../lib/gcc/arm-none-eabi/4.9.3/armv6-m\libgcc.a(_dvmd_tls.o)
                              c:/program files (x86)/cypress/psoc creator/3.3/psoc creator/import/gnu/arm/4.9.3/bin/../lib/gcc/arm-none-eabi/4.9.3/armv6-m\libgcc.a(_udivsi3.o) (__aeabi_idiv0)
c:/program files (x86)/cypress/psoc creator/3.3/psoc creator/import/gnu/arm/4.9.3/bin/../lib/gcc/arm-none-eabi/4.9.3/armv6-m\libgcc.a(_ashrdi3.o)
                              .\CortexM0\ARM_GCC_493\Debug\ml_math_func.o (__aeabi_lasr)
c:/program files (x86)/cypress/psoc creator/3.3/psoc creator/import/gnu/arm/4.9.3/bin/../lib/gcc/arm-none-eabi/4.9.3/armv6-m\libgcc.a(_arm_cmpdf2.o)
                              .\CortexM0\ARM_GCC_493\Debug\ml_math_func.o (__aeabi_dcmplt)
c:/program files (x86)/cypress/psoc creator/3.3/psoc creator/import/gnu/arm/4.9.3/bin/../lib/gcc/arm-none-eabi/4.9.3/armv6-m\libgcc.a(_arm_cmpsf2.o)
                              .\CortexM0\ARM_GCC_493\Debug\ml_math_func.o (__aeabi_fcmpeq)
c:/program files (x86)/cypress/psoc creator/3.3/psoc creator/import/gnu/arm/4.9.3/bin/../lib/gcc/arm-none-eabi/4.9.3/armv6-m\libgcc.a(_aeabi_ldivmod.o)
                              .\CortexM0\ARM_GCC_493\Debug\inv.o (__aeabi_ldivmod)
[...]
Memory Configuration

Name             Origin             Length             Attributes
rom              0x00000000         0x00040000         xr
ram              0x20000000         0x00008000         xrw
*default*        0x00000000         0xffffffff

Linker script and memory map

LOAD c:/program files (x86)/cypress/psoc creator/3.3/psoc creator/import/gnu/arm/4.9.3/bin/../lib/gcc/arm-none-eabi/4.9.3/armv6-m/crti.o
LOAD c:/program files (x86)/cypress/psoc creator/3.3/psoc creator/import/gnu/arm/4.9.3/bin/../lib/gcc/arm-none-eabi/4.9.3/armv6-m/crtbegin.o
LOAD c:/program files (x86)/cypress/psoc creator/3.3/psoc creator/import/gnu/arm/4.9.3/bin/../lib/gcc/arm-none-eabi/4.9.3/../../../../arm-none-eabi/lib/armv6-m/crt0.o
START GROUP
LOAD .\CortexM0\ARM_GCC_493\Debug\main.o
LOAD .\CortexM0\ARM_GCC_493\Debug\bas.o
LOAD .\CortexM0\ARM_GCC_493\Debug\debug.o
LOAD .\CortexM0\ARM_GCC_493\Debug\i2c_comm.o
LOAD .\CortexM0\ARM_GCC_493\Debug\inv.o
LOAD .\CortexM0\ARM_GCC_493\Debug\timeout.o
LOAD .\CortexM0\ARM_GCC_493\Debug\BLEApplications.o
LOAD .\CortexM0\ARM_GCC_493\Debug\BackBone.o
LOAD .\CortexM0\ARM_GCC_493\Debug\OTAMandatory.o
LOAD .\CortexM0\ARM_GCC_493\Debug\inv_mems_drv_hook.o
LOAD .\CortexM0\ARM_GCC_493\Debug\inv_mems_interface_mapping.o
LOAD .\CortexM0\ARM_GCC_493\Debug\dmp3Default_20608D.o
LOAD .\CortexM0\ARM_GCC_493\Debug\dmp3Default_20648.o
LOAD .\CortexM0\ARM_GCC_493\Debug\inv_mems_augmented_sensors.o
LOAD .\CortexM0\ARM_GCC_493\Debug\inv_mems_base_control.o
LOAD .\CortexM0\ARM_GCC_493\Debug\inv_mems_base_control_20609.o
LOAD .\CortexM0\ARM_GCC_493\Debug\inv_mems_base_driver.o
LOAD .\CortexM0\ARM_GCC_493\Debug\inv_mems_base_driver_20609.o
LOAD .\CortexM0\ARM_GCC_493\Debug\inv_mems_data_converter.o
LOAD .\CortexM0\ARM_GCC_493\Debug\inv_mems_load_firmware.o
LOAD .\CortexM0\ARM_GCC_493\Debug\inv_mems_mpu_fifo_control.o
LOAD .\CortexM0\ARM_GCC_493\Debug\inv_mems_mpu_selftest.o
LOAD .\CortexM0\ARM_GCC_493\Debug\inv_mems_secondary_transport.o
LOAD .\CortexM0\ARM_GCC_493\Debug\inv_mems_slave_compass.o
LOAD .\CortexM0\ARM_GCC_493\Debug\inv_mems_slave_pressure.o
LOAD .\CortexM0\ARM_GCC_493\Debug\inv_mems_transport.o
LOAD .\CortexM0\ARM_GCC_493\Debug\ml_math_func.o
LOAD .\CortexM0\ARM_GCC_493\Debug\mlmath.o
LOAD .\CortexM0\ARM_GCC_493\Debug\cymetadata.o
LOAD .\CortexM0\ARM_GCC_493\Debug\Cm0Start.o
LOAD .\CortexM0\ARM_GCC_493\Debug\cybootloader.o
LOAD .\CortexM0\ARM_GCC_493\Debug\BackBone_Bootloadable.a
LOAD C:\Program Files (x86)\Cypress\PSoC Creator\3.3\PSoC Creator\psoc\content\cycomponentlibrary\CyComponentLibrary.cylib\CortexM0\ARM_GCC_493\Debug\CyComponentLibrary.a
END GROUP
START GROUP
LOAD c:/program files (x86)/cypress/psoc creator/3.3/psoc creator/import/gnu/arm/4.9.3/bin/../lib/gcc/arm-none-eabi/4.9.3/armv6-m\libgcc.a
LOAD c:/program files (x86)/cypress/psoc creator/3.3/psoc creator/import/gnu/arm/4.9.3/bin/../lib/gcc/arm-none-eabi/4.9.3/../../../../arm-none-eabi/lib/armv6-m\libg_nano.a
LOAD c:/program files (x86)/cypress/psoc creator/3.3/psoc creator/import/gnu/arm/4.9.3/bin/../lib/gcc/arm-none-eabi/4.9.3/../../../../arm-none-eabi/lib/armv6-m\libc_nano.a
END GROUP
START GROUP
LOAD c:/program files (x86)/cypress/psoc creator/3.3/psoc creator/import/gnu/arm/4.9.3/bin/../lib/gcc/arm-none-eabi/4.9.3/armv6-m\libgcc.a
LOAD c:/program files (x86)/cypress/psoc creator/3.3/psoc creator/import/gnu/arm/4.9.3/bin/../lib/gcc/arm-none-eabi/4.9.3/../../../../arm-none-eabi/lib/armv6-m\libc_nano.a
END GROUP
LOAD c:/program files (x86)/cypress/psoc creator/3.3/psoc creator/import/gnu/arm/4.9.3/bin/../lib/gcc/arm-none-eabi/4.9.3/armv6-m/crtend.o
LOAD c:/program files (x86)/cypress/psoc creator/3.3/psoc creator/import/gnu/arm/4.9.3/bin/../lib/gcc/arm-none-eabi/4.9.3/armv6-m/crtn.o
START GROUP
LOAD c:/program files (x86)/cypress/psoc creator/3.3/psoc creator/import/gnu/arm/4.9.3/bin/../lib/gcc/arm-none-eabi/4.9.3/armv6-m\libgcc.a
LOAD c:/program files (x86)/cypress/psoc creator/3.3/psoc creator/import/gnu/arm/4.9.3/bin/../lib/gcc/arm-none-eabi/4.9.3/../../../../arm-none-eabi/lib/armv6-m\libc.a
LOAD c:/program files (x86)/cypress/psoc creator/3.3/psoc creator/import/gnu/arm/4.9.3/bin/../lib/gcc/arm-none-eabi/4.9.3/../../../../arm-none-eabi/lib/armv6-m\libnosys.a
END GROUP
                0x00000000                PROVIDE (Bootloader_Service_Activation__0__PORT, 0x0)
                0x00000000                PROVIDE (Bootloader_Service_Activation__0__PORT, 0x0)
                0x00000000                PROVIDE (Bootloader_Service_Activation__PORT, 0x0)
                0x00000000                PROVIDE (Bootloader_Service_Activation__PORT, 0x0)
                0x00000000                PROVIDE (Bootloading_LED__0__PORT, 0x0)
                0x00000000                PROVIDE (Bootloading_LED__0__PORT, 0x0)
                0x00000000                PROVIDE (Bootloading_LED__PORT, 0x0)
                0x00000000                PROVIDE (Bootloading_LED__PORT, 0x0)
                0x00000000                PROVIDE (CYFLD_TCPWM_COUNTER_ENABLED__OFFSET, 0x0)
                0x00000000                PROVIDE (CYFLD_TCPWM_COUNTER_ENABLED__OFFSET, 0x0)
                0x00000000                PROVIDE (Wakeup_Interrupt__INTC_NUMBER, 0x0)
                0x00000000                PROVIDE (Wakeup_Interrupt__INTC_NUMBER, 0x0)
                0x00000001                PROVIDE (Bootloader__cy_region_num, 0x1)
                0x00000001                PROVIDE (CYDEV_USE_BUNDLED_CMSIS, 0x1)
                0x00000001                PROVIDE (CYDEV_USE_BUNDLED_CMSIS, 0x1)
                0x00000001                PROVIDE (CYFLD_CTBM_ENABLED__SIZE, 0x1)
                0x00000001                PROVIDE (CYFLD_CTBM_ENABLED__SIZE, 0x1)
                0x00000001                PROVIDE (CYFLD_PASS_DSAB_ENABLED__SIZE, 0x1)
                0x00000001                PROVIDE (CYFLD_PASS_DSAB_ENABLED__SIZE, 0x1)
                0x00000001                PROVIDE (CYFLD_SAR_ENABLED__SIZE, 0x1)
                0x00000001                PROVIDE (CYFLD_SAR_ENABLED__SIZE, 0x1)
                0x00000001                PROVIDE (CYFLD_SCB_CTS_ENABLED__SIZE, 0x1)
                0x00000001                PROVIDE (CYFLD_SCB_CTS_ENABLED__SIZE, 0x1)
                0x00000001                PROVIDE (CYFLD_SCB_ENABLED__SIZE, 0x1)
                0x00000001                PROVIDE (CYFLD_SCB_ENABLED__SIZE, 0x1)
                0x00000001                PROVIDE (CYFLD_SCB_PARITY_ENABLED__SIZE, 0x1)
                0x00000001                PROVIDE (CYFLD_SCB_PARITY_ENABLED__SIZE, 0x1)
                0x00000001                PROVIDE (Wakeup_Interrupt__INTC_MASK, 0x1)
                0x00000001                PROVIDE (Wakeup_Interrupt__INTC_MASK, 0x1)
                0x00000003                PROVIDE (Advertising_LED_1__0__PORT, 0x3)
                0x00000003                PROVIDE (Advertising_LED_1__0__PORT, 0x3)
                0x00000003                PROVIDE (Advertising_LED_1__PORT, 0x3)
                0x00000003                PROVIDE (Advertising_LED_1__PORT, 0x3)
                0x00000003                PROVIDE (Advertising_LED_2__0__PORT, 0x3)
                0x00000003                PROVIDE (Advertising_LED_2__0__PORT, 0x3)
                0x00000003                PROVIDE (Advertising_LED_2__PORT, 0x3)
                0x00000003                PROVIDE (Advertising_LED_2__PORT, 0x3)
                0x00000003                PROVIDE (CyBle_bless_isr__INTC_PRIOR_NUM, 0x3)
                0x00000003                PROVIDE (CyBle_bless_isr__INTC_PRIOR_NUM, 0x3)
                0x00000003                PROVIDE (Wakeup_Interrupt__INTC_PRIOR_NUM, 0x3)
                0x00000003                PROVIDE (Wakeup_Interrupt__INTC_PRIOR_NUM, 0x3)
                0x00000004                PROVIDE (Bootloader_Service_Activation__0__SHIFT, 0x4)
                0x00000004                PROVIDE (Bootloader_Service_Activation__0__SHIFT, 0x4)
                0x00000004                PROVIDE (Bootloader_Service_Activation__SHIFT, 0x4)
                0x00000004                PROVIDE (Bootloader_Service_Activation__SHIFT, 0x4)
                0x00000004                PROVIDE (CYFLD_TCPWM_COUNTER_ENABLED__SIZE, 0x4)
                0x00000004                PROVIDE (CYFLD_TCPWM_COUNTER_ENABLED__SIZE, 0x4)
                0x00000005                PROVIDE (Bootloading_LED__0__SHIFT, 0x5)
                0x00000005                PROVIDE (Bootloading_LED__0__SHIFT, 0x5)
                0x00000005                PROVIDE (Bootloading_LED__SHIFT, 0x5)
                0x00000005                PROVIDE (Bootloading_LED__SHIFT, 0x5)
                0x00000005                PROVIDE (CYFLD_SCB_PARITY_ENABLED__OFFSET, 0x5)
                0x00000005                PROVIDE (CYFLD_SCB_PARITY_ENABLED__OFFSET, 0x5)
                0x00000006                PROVIDE (Advertising_LED_1__0__SHIFT, 0x6)
                0x00000006                PROVIDE (Advertising_LED_1__0__SHIFT, 0x6)
                0x00000006                PROVIDE (Advertising_LED_1__SHIFT, 0x6)
                0x00000006                PROVIDE (Advertising_LED_1__SHIFT, 0x6)
                0x00000007                PROVIDE (Advertising_LED_2__0__SHIFT, 0x7)
                0x00000007                PROVIDE (Advertising_LED_2__0__SHIFT, 0x7)
                0x00000007                PROVIDE (Advertising_LED_2__SHIFT, 0x7)
                0x00000007                PROVIDE (Advertising_LED_2__SHIFT, 0x7)
                0x0000000c                PROVIDE (CyBle_bless_isr__INTC_NUMBER, 0xc)
                0x0000000c                PROVIDE (CyBle_bless_isr__INTC_NUMBER, 0xc)
                0x00000010                PROVIDE (Bootloader_Service_Activation__0__HSIOM_SHIFT, 0x10)
                0x00000010                PROVIDE (Bootloader_Service_Activation__0__HSIOM_SHIFT, 0x10)
                0x00000010                PROVIDE (Bootloader_Service_Activation__0__MASK, 0x10)
                0x00000010                PROVIDE (Bootloader_Service_Activation__0__MASK, 0x10)
                0x00000010                PROVIDE (Bootloader_Service_Activation__MASK, 0x10)
                0x00000010                PROVIDE (Bootloader_Service_Activation__MASK, 0x10)
                0x00000014                PROVIDE (Bootloading_LED__0__HSIOM_SHIFT, 0x14)
                0x00000014                PROVIDE (Bootloading_LED__0__HSIOM_SHIFT, 0x14)
                0x00000018                PROVIDE (Advertising_LED_1__0__HSIOM_SHIFT, 0x18)
                0x00000018                PROVIDE (Advertising_LED_1__0__HSIOM_SHIFT, 0x18)
                0x00000019                PROVIDE (CYFLD_SCB_CTS_ENABLED__OFFSET, 0x19)
                0x00000019                PROVIDE (CYFLD_SCB_CTS_ENABLED__OFFSET, 0x19)
                0x0000001c                PROVIDE (Advertising_LED_2__0__HSIOM_SHIFT, 0x1c)
                0x0000001c                PROVIDE (Advertising_LED_2__0__HSIOM_SHIFT, 0x1c)
                0x0000001f                PROVIDE (CYFLD_CTBM_ENABLED__OFFSET, 0x1f)
                0x0000001f                PROVIDE (CYFLD_CTBM_ENABLED__OFFSET, 0x1f)
                0x0000001f                PROVIDE (CYFLD_PASS_DSAB_ENABLED__OFFSET, 0x1f)
                0x0000001f                PROVIDE (CYFLD_PASS_DSAB_ENABLED__OFFSET, 0x1f)
                0x0000001f                PROVIDE (CYFLD_SAR_ENABLED__OFFSET, 0x1f)
                0x0000001f                PROVIDE (CYFLD_SAR_ENABLED__OFFSET, 0x1f)
                0x0000001f                PROVIDE (CYFLD_SCB_ENABLED__OFFSET, 0x1f)
                0x0000001f                PROVIDE (CYFLD_SCB_ENABLED__OFFSET, 0x1f)
                0x00000020                PROVIDE (Bootloading_LED__0__MASK, 0x20)
                0x00000020                PROVIDE (Bootloading_LED__0__MASK, 0x20)
                0x00000020                PROVIDE (Bootloading_LED__MASK, 0x20)
                0x00000020                PROVIDE (Bootloading_LED__MASK, 0x20)
                0x00000040                PROVIDE (Advertising_LED_1__0__MASK, 0x40)
                0x00000040                PROVIDE (Advertising_LED_1__0__MASK, 0x40)
                0x00000040                PROVIDE (Advertising_LED_1__MASK, 0x40)
                0x00000040                PROVIDE (Advertising_LED_1__MASK, 0x40)
                0x00000080                PROVIDE (Advertising_LED_2__0__MASK, 0x80)
                0x00000080                PROVIDE (Advertising_LED_2__0__MASK, 0x80)
                0x00000080                PROVIDE (Advertising_LED_2__MASK, 0x80)
                0x00000080                PROVIDE (Advertising_LED_2__MASK, 0x80)
                0x000000c0                PROVIDE (CyBle_bless_isr__INTC_PRIOR_MASK, 0xc0)
                0x000000c0                PROVIDE (CyBle_bless_isr__INTC_PRIOR_MASK, 0xc0)
                0x000000c0                PROVIDE (Wakeup_Interrupt__INTC_PRIOR_MASK, 0xc0)
                0x000000c0                PROVIDE (Wakeup_Interrupt__INTC_PRIOR_MASK, 0xc0)
                0x00000ce0                PROVIDE (CyBle_BasInit, 0xce0)
                0x00000ce4                PROVIDE (CyBle_BasRegisterAttrCallback, 0xce4)
                0x00000cf0                PROVIDE (CyBle_BassSetCharacteristicValue, 0xcf0)
                0x00000d40                PROVIDE (CyBle_BassGetCharacteristicValue, 0xd40)
                0x00000d84                PROVIDE (CyBle_BassGetCharacteristicDescriptor, 0xd84)
                0x00000dd8                PROVIDE (CyBle_BassWriteEventHandler, 0xdd8)
                0x00000e64                PROVIDE (CyBle_BassSendNotification, 0xe64)
                0x00000ed0                PROVIDE (CyBle_ChangeAdLocalName, 0xed0)
                0x00000f44                PROVIDE (CyBle_ServiceInit, 0xf44)
                0x00000f54                PROVIDE (CyBle_Init, 0xf54)
                0x00000f78                PROVIDE (CyBle_Start, 0xf78)
                0x00001000                PROVIDE (CyBle_bless_isr__INTC_MASK, 0x1000)
                0x00001000                PROVIDE (CyBle_bless_isr__INTC_MASK, 0x1000)
                0x0000101c                PROVIDE (CyBle_Stop, 0x101c)
                0x00001030                PROVIDE (CyBle_GappStartAdvertisement, 0x1030)
                0x000010c0                PROVIDE (CyBle_GappStopAdvertisement, 0x10c0)
                0x000010d8                PROVIDE (CyBle_ChangeAdDeviceAddress, 0x10d8)
                0x000010dc                PROVIDE (CyBle_GapSetLocalName, 0x10dc)
                0x00001128                PROVIDE (CyBle_GapGetLocalName, 0x1128)
                0x0000115c                PROVIDE (CyBle_Get16ByPtr, 0x115c)
                0x00001168                PROVIDE (CyBle_Set16ByPtr, 0x1168)
                0x00001170                PROVIDE (CyBle_GattsWriteEventHandler, 0x1170)
                0x000011c8                PROVIDE (CyBle_GattDisconnectEventHandler, 0x11c8)
                0x000011d8                PROVIDE (CyBle_WriteReqHandler, 0x11d8)
                0x00001230                PROVIDE (CyBle_IsDeviceAddressValid, 0x1230)
                0x00001254                PROVIDE (CyBle_EventHandler, 0x1254)
                0x00001480                PROVIDE (CyBle_DisInit, 0x1480)
                0x00001484                PROVIDE (CyBle_DisRegisterAttrCallback, 0x1484)
                0x00001488                PROVIDE (CyBle_DissSetCharacteristicValue, 0x1488)
                0x000014c0                PROVIDE (CyBle_DissGetCharacteristicValue, 0x14c0)
                0x000014f4                PROVIDE (CyBle_BtsWriteEventHandler, 0x14f4)
                0x00001574                PROVIDE (CyBle_BtssPrepareWriteRequestEventHandler, 0x1574)
                0x000015a4                PROVIDE (CyBle_BtssExecuteWriteRequestEventHandler, 0x15a4)
                0x000015f4                PROVIDE (CyBLE_CyBtldrCommStart, 0x15f4)
                0x000015f8                PROVIDE (CyBLE_CyBtldrCommStop, 0x15f8)
                0x00001624                PROVIDE (CyBLE_CyBtldrCommWrite, 0x1624)
                0x00001690                PROVIDE (CyBLE_CyBtldrCommRead, 0x1690)
                0x000016f4                PROVIDE (CyBle_CustomInit, 0x16f4)
                0x00001b74                PROVIDE (CyBLE_Bless_LlRegWrite, 0x1b74)
                0x00001b78                PROVIDE (CyBLE_Bless_RfRegWrite, 0x1b78)
                0x00001b7c                PROVIDE (CyBLE_BlessDeviceConfig, 0x1b7c)
                0x00001cc8                PROVIDE (CyBle_HalInit, 0x1cc8)
                0x00001ce0                PROVIDE (CYBLE_BlessStart, 0x1ce0)
                0x00001cf0                PROVIDE (CyBLE_GetIpBlockVersion, 0x1cf0)
                0x00001cf8                PROVIDE (CyBle_Hal_pairing_local_public_key_handler, 0x1cf8)
                0x00001cfc                PROVIDE (CyBle_Hal_pairing_remote_key_handler, 0x1cfc)
                0x00001d00                PROVIDE (CyBle_Hal_pairing_dhkey_handler, 0x1d00)
                0x00001d04                PROVIDE (CyBle_Hal_pairing_dhkey_check_handler, 0x1d04)
                0x00001d08                PROVIDE (CyBle_Hal_pairing_keypress_notification_handler, 0x1d08)
                0x00001d0c                PROVIDE (CyBle_Hal_pairing_rand_handler, 0x1d0c)
                0x00001d10                PROVIDE (CyBle_Hal_pairing_confirm_handler, 0x1d10)
                0x00001d14                PROVIDE (CyBle_Hal_pairing_lr_confirming_handler, 0x1d14)
                0x00001d18                PROVIDE (CyBle_Hal_pairing_sc_tbx_local_pubkey_generate_complete, 0x1d18)
                0x00001d1c                PROVIDE (CyBle_Hal_pairing_sc_tbx_generate_local_P256_public_key, 0x1d1c)
                0x00001d20                PROVIDE (CyBle_Hal_se_smp_sc_user_passkey_handler, 0x1d20)
                0x00001d24                PROVIDE (CyBle_Hal_EccPointMult, 0x1d24)
                0x00001d28                PROVIDE (CyBle_bless_isr_SetVector, 0x1d28)
                0x00001d34                PROVIDE (CyBle_bless_isr_SetPriority, 0x1d34)
                0x00001d54                PROVIDE (CyBle_bless_isr_Enable, 0x1d54)
                0x00001d64                PROVIDE (CyBle_bless_isr_Disable, 0x1d64)
                0x00001d74                PROVIDE (CyBle_bless_isr_StartEx, 0x1d74)
                0x00001d90                PROVIDE (CyBLE_Bless_Interrupt, 0x1d90)
                0x000020a8                PROVIDE (Bootloader__libc_init_array, 0x20a8)
                0x00002f8c                PROVIDE (CyBle_StackSetFeatureConfig, 0x2f8c)
                0x00003068                PROVIDE (CyBle_StackInit, 0x3068)
                0x000031b0                PROVIDE (CyBle_Shutdown, 0x31b0)
                0x000031d4                PROVIDE (CyBle_SoftReset, 0x31d4)
                0x0000320c                PROVIDE (CyBle_EnterLPM, 0x320c)
                0x00003214                PROVIDE (CyBle_ExitLPM, 0x3214)
                0x0000321c                PROVIDE (CyBle_ProcessEvents, 0x321c)
                0x00003224                PROVIDE (CyBle_SetDeviceAddress, 0x3224)
                0x00003248                PROVIDE (CyBle_GetDeviceAddress, 0x3248)
                0x00003250                PROVIDE (CyBle_GetRssi, 0x3250)
                0x00003274                PROVIDE (CyBle_GetTxPowerLevel, 0x3274)
                0x000032c8                PROVIDE (CyBle_SetTxPowerLevel, 0x32c8)
                0x00003350                PROVIDE (CyBle_GetBleClockCfgParam, 0x3350)
                0x00003370                PROVIDE (CyBle_SetBleClockCfgParam, 0x3370)
                0x00003430                PROVIDE (CyBle_GenerateRandomNumber, 0x3430)
                0x0000344c                PROVIDE (CyBle_SetCeLengthParam, 0x344c)
                0x000034e8                PROVIDE (CyBle_WriteAuthPayloadTimeout, 0x34e8)
                0x0000356c                PROVIDE (CyBle_ReadAuthPayloadTimeout, 0x356c)
                0x000035d0                PROVIDE (CyBle_GetStackLibraryVersion, 0x35d0)
                0x000035ea                PROVIDE (CyBle_GetBleSsState, 0x35ea)
                0x000035fa                PROVIDE (CyBle_AesEncrypt, 0x35fa)
                0x00003658                PROVIDE (CyBle_AesCcmInit, 0x3658)
                0x000036c8                PROVIDE (CyBle_AesCcmEncrypt, 0x36c8)
                0x00003702                PROVIDE (CyBle_AesCcmDecrypt, 0x3702)
                0x00003748                PROVIDE (CyBle_SetTxGainMode, 0x3748)
                0x00003780                PROVIDE (CyBle_SetRxGainMode, 0x3780)
                0x000037a0                PROVIDE (CyBle_GattGetMtuSize, 0x37a0)
                0x000037b8                PROVIDE (CyBle_GattsEnableAttribute, 0x37b8)
                0x00003814                PROVIDE (CyBle_StartTimer, 0x3814)
                0x00003848                PROVIDE (CyBle_StopTimer, 0x3848)
                0x00003870                PROVIDE (CyBle_ControllerGetFeatureHeapReq, 0x3870)
                0x000038c8                PROVIDE (CyBle_StackGetFeatureConfig, 0x38c8)
                0x00003900                PROVIDE (CyBle_StackValidateInputParams, 0x3900)
                0x00003b88                PROVIDE (CyBle_GetHeapMemory, 0x3b88)
                0x00003bb0                PROVIDE (CyBle_GetNumAppBufferPools, 0x3bb0)
                0x00003bbc                PROVIDE (CyBle_HostStackBufferPoolInit, 0x3bbc)
                0x000040ac                PROVIDE (CyBle_CheckBleStackTaskStatus, 0x40ac)
                0x000040b0                PROVIDE (CyBle_CreateBleStackTask, 0x40b0)
                0x000040dc                PROVIDE (CyBle_SignalBleStackTask, 0x40dc)
                0x0000412c                PROVIDE (CyBle_StackTaskHandler, 0x412c)
                0x0000491c                PROVIDE (CyBle_EnterDsmMode, 0x491c)
                0x00004958                PROVIDE (CyBle_ExitDsmMode, 0x4958)
                0x00004984                PROVIDE (CyBle_GetBleSsOperationalMode, 0x4984)
                0x00004990                PROVIDE (CyBle_GetEventCloseState, 0x4990)
                0x000049a0                PROVIDE (CyBle_GetLpMode, 0x49a0)
                0x000049c8                PROVIDE (CyBle_GetTxGainMode, 0x49c8)
                0x000049f4                PROVIDE (CyBle_SetAutoWakeUp, 0x49f4)
                0x00004a00                PROVIDE (CyBle_SetBleSsOperationalMode, 0x4a00)
                0x00004a20                PROVIDE (CyBle_SetEventCloseState, 0x4a20)
                0x00006fa8                PROVIDE (ll_handle_conn_failed_indication, 0x6fa8)
                0x0000ac14                PROVIDE (CyBle_BluetoothOnCmptCB, 0xac14)
                0x0000acc8                PROVIDE (CyBle_HostStackInit, 0xacc8)
                0x0000ad04                PROVIDE (CyBle_HostStackOff, 0xad04)
                0x0000ad14                PROVIDE (CyBle_HostStackOn, 0xad14)
                0x0000ad58                PROVIDE (CyBle_SendEvToApp, 0xad58)
                0x0000ad6c                PROVIDE (CyBle_TimerExpiryHandler, 0xad6c)
                0x0000be68                PROVIDE (CyBle_L2capCB, 0xbe68)
                0x0000be9c                PROVIDE (CyBle_L2capCheckErrCode, 0xbe9c)
                0x0000bf58                PROVIDE (CyBle_L2capFreeBuffers, 0xbf58)
                0x0000bf8c                PROVIDE (CyBle_L2capInit, 0xbf8c)
                0x0000c0f0                PROVIDE (CyBle_L2capLeConnectionParamUpdateRequest, 0xc0f0)
                0x0000c120                PROVIDE (CyBle_L2capMemsetBuffers, 0xc120)
                0x0000c174                PROVIDE (CyBle_L2capShutdown, 0xc174)
                0x0000c180                PROVIDE (CyBle_L2capTxQueueFlowCb, 0xc180)
                0x0000d94c                PROVIDE (CyBle_Dummy_GapHciEvent, 0xd94c)
                0x0000d950                PROVIDE (CyBle_GapAdvTimerExpiryHandler, 0xd950)
                0x0000d978                PROVIDE (CyBle_GapCheckErrCode, 0xd978)
                0x0000da4c                PROVIDE (CyBle_GapDisconnect, 0xda4c)
                0x0000da7c                PROVIDE (CyBle_GapGetBondedDevicesList, 0xda7c)
                0x0000db0c                PROVIDE (CyBle_GapGetPeerConnHandle, 0xdb0c)
                0x0000db40                PROVIDE (CyBle_GapHciCommandCompleteEvent, 0xdb40)
                0x0000dc04                PROVIDE (CyBle_GapHciMetaEvent, 0xdc04)
                0x0000dcc8                PROVIDE (CyBle_GapInit, 0xdcc8)
                0x0000dcf4                PROVIDE (CyBle_GapSetIdAddress, 0xdcf4)
                0x0000dd1c                PROVIDE (CyBle_GapSetIoCap, 0xdd1c)
                0x0000dd58                PROVIDE (CyBle_GapSetLeEventMask, 0xdd58)
                0x0000dd70                PROVIDE (CyBle_GapSetScanRspData, 0xdd70)
                0x0000dd98                PROVIDE (CyBle_GapSignData, 0xdd98)
                0x0000dee8                PROVIDE (CyBle_GapStartAdvertising, 0xdee8)
                0x0000df08                PROVIDE (CyBle_GapUpdateBdAddress, 0xdf08)
                0x0000df3c                PROVIDE (CyBle_GappAuthReqReply, 0xdf3c)
                0x0000dfbc                PROVIDE (CyBle_GappEnterDiscoveryMode, 0xdfbc)
                0x0000e120                PROVIDE (CyBle_GappExitDiscoveryMode, 0xe120)
                0x0000e148                PROVIDE (CyBle_HciCb, 0xe148)
                0x0000e1d4                PROVIDE (CyBle_SmpCb, 0xe1d4)
                0x0000e3a0                PROVIDE (CyBle_GattCB, 0xe3a0)
                0x0000ea3c                PROVIDE (CyBle_GattDBGet16BitUUID, 0xea3c)
                0x0000eaac                PROVIDE (CyBle_GattInit, 0xeaac)
                0x0000eacc                PROVIDE (CyBle_GattResetGlobals, 0xeacc)
                0x0000eae8                PROVIDE (CyBle_GattShutdown, 0xeae8)
                0x0000eaf0                PROVIDE (CyBle_SendPDU, 0xeaf0)
                0x0000eb7c                PROVIDE (CyBle_GattClientInit, 0xeb7c)
                0x0000eb84                PROVIDE (CyBle_GattSendPrepWriteReq, 0xeb84)
                0x0000ec14                PROVIDE (CyBle_GattcResetGlobals, 0xec14)
                0x0000ec80                PROVIDE (CyBle_GattcSendSignedWriteCmd, 0xec80)
                0x0000ecc0                PROVIDE (CyBle_HandleGattErrorRsp, 0xecc0)
                0x0000ecf4                PROVIDE (CyBle_HandleGattExecWriteRsp, 0xecf4)
                0x0000ed14                PROVIDE (CyBle_HandleGattFindByTypeValRsp, 0xed14)
                0x0000eddc                PROVIDE (CyBle_HandleGattFindInfoRsp, 0xeddc)
                0x0000ee7c                PROVIDE (CyBle_HandleGattPrepWriteRsp, 0xee7c)
                0x0000ef20                PROVIDE (CyBle_HandleGattReadBlobRsp, 0xef20)
                0x0000ef80                PROVIDE (CyBle_HandleGattReadByGrpTypeRsp, 0xef80)
                0x0000f010                PROVIDE (CyBle_HandleGattReadByTypeRsp, 0xf010)
                0x0000f114                PROVIDE (CyBle_SendGattReadByTypeRspToApp, 0xf114)
                0x0000f130                PROVIDE (CyBle_GattEventMemFromApp, 0xf130)
                0x0000f150                PROVIDE (CyBle_GattFreeWriteQueue, 0xf150)
                0x0000f174                PROVIDE (CyBle_GattGetRemainingLocalMtuSize, 0xf174)
                0x0000f1a4                PROVIDE (CyBle_GattPrepareWriteEnqueue, 0xf1a4)
                0x0000f208                PROVIDE (CyBle_GattServerInit, 0xf208)
                0x0000f230                PROVIDE (CyBle_GattServerShutdown, 0xf230)
                0x0000f244                PROVIDE (CyBle_GattsErrorRsp, 0xf244)
                0x0000f258                PROVIDE (CyBle_GattsExchangeMtuRsp, 0xf258)
                0x0000f278                PROVIDE (CyBle_GattsGetPrepWriteMemFromApp, 0xf278)
                0x0000f2c0                PROVIDE (CyBle_GattsNotification, 0xf2c0)
                0x0000f2e4                PROVIDE (CyBle_GattsPrepWriteReqSupport, 0xf2e4)
                0x0000f2f4                PROVIDE (CyBle_GattsResetGlobals, 0xf2f4)
                0x0000f310                PROVIDE (CyBle_GattsSendSignedWriteEvent, 0xf310)
                0x0000f37c                PROVIDE (CyBle_GattsWriteRsp, 0xf37c)
                0x0000f38c                PROVIDE (CyBle_HandleGattExecuteWriteReq, 0xf38c)
                0x0000f454                PROVIDE (CyBle_HandleGattFindByTypeValReq, 0xf454)
                0x0000f4d0                PROVIDE (CyBle_HandleGattFindInfoReq, 0xf4d0)
                0x0000f568                PROVIDE (CyBle_HandleGattPrepWriteReq, 0xf568)
                0x0000f64c                PROVIDE (CyBle_HandleGattReadByGrpTypeReq, 0xf64c)
                0x0000f6f4                PROVIDE (CyBle_HandleGattReadByTypeReq, 0xf6f4)
                0x0000f7d8                PROVIDE (CyBle_HandleGattReadMultiReq, 0xf7d8)
                0x0000f8a8                PROVIDE (CyBle_HandleGattReadReq, 0xf8a8)
                0x0000f95c                PROVIDE (CyBle_GattDBAccessHandle, 0xf95c)
                0x0000fa58                PROVIDE (CyBle_GattDBGetGroupRangeValpair, 0xfa58)
                0x0000fbf0                PROVIDE (CyBle_GattDBGetHandleUUIDValuePair, 0xfbf0)
                0x0000fdbc                PROVIDE (CyBle_GattsDbRegister, 0xfdbc)
                0x0000fdec                PROVIDE (CyBle_GattsDisableAttribute, 0xfdec)
                0x0000fe58                PROVIDE (CyBle_GattsReadAttributeValue, 0xfe58)
                0x0000fec4                PROVIDE (CyBle_GattsWriteAttributeValue, 0xfec4)
                0x00011090                PROVIDE (CyBle_SmpGetConfig, 0x11090)
                0x0001109c                PROVIDE (CyBle_SmpSetConfig, 0x1109c)
                0x00011394                PROVIDE (CyBle_SmpGetFeatureHeapReq, 0x11394)
                0x000113b0                PROVIDE (CyBle_SmpHeapInit, 0x113b0)
                0x00011420                PROVIDE (CyBle_SmpIsDeviceSecureConnectionOnly, 0x11420)
                0x00011872                PROVIDE (CyBle_SmpScTbGetFeatureHeapReq, 0x11872)
                0x00011878                PROVIDE (CyBle_SmpScTbHeapInit, 0x11878)
                0x000120d4                PROVIDE (CyBle_EccGetFeatureHeapReq, 0x120d4)
                0x000120dc                PROVIDE (CyBle_EccHeapInit, 0x120dc)
                0x00013398                PROVIDE (CyBle_GattDbCheckPermission, 0x13398)
                0x0001349c                PROVIDE (CyBle_GattDbCompareCharValue, 0x1349c)
                0x000134e0                PROVIDE (CyBle_GattDbFetchAttrType, 0x134e0)
                0x000135f4                PROVIDE (CyBle_GattDbFetchAttrValue, 0x135f4)
                0x00013690                PROVIDE (CyBle_GattDbFindCharHandle, 0x13690)
                0x00013720                PROVIDE (CyBle_GattDbFindLastGrpEntryInService, 0x13720)
                0x0001377c                PROVIDE (CyBle_GattDbFindNearestServiceHandle, 0x1377c)
                0x000137cc                PROVIDE (CyBle_GattDbIsCharHandleValid, 0x137cc)
                0x000137fc                PROVIDE (CyBle_GattDbPackAttrUuidValue, 0x137fc)
                0x000138b4                PROVIDE (CyBle_GattDbPackAttrValue, 0x138b4)
                0x00013970                PROVIDE (CyBle_GattDbPackSerAttrUuidValue, 0x13970)
                0x00013a70                PROVIDE (CyBle_IsAttrEnabled, 0x13a70)
                0x00013f74                PROVIDE (CyBle_Hal_pairing_dhkey_check_handler_wrapper, 0x13f74)
                0x00013f90                PROVIDE (CyBle_Hal_pairing_dhkey_handler_wrapper, 0x13f90)
                0x00013fac                PROVIDE (CyBle_Hal_pairing_keypress_notification_handler_wrapper, 0x13fac)
                0x00013fc8                PROVIDE (CyBle_Hal_pairing_local_public_key_handler_wrapper, 0x13fc8)
                0x00013fe4                PROVIDE (CyBle_Hal_pairing_remote_key_handler_wrapper, 0x13fe4)
                0x00014c98                PROVIDE (CyBle_BleSSInterruptHandler, 0x14c98)
                0x00014ecc                PROVIDE (cyBle_bass, 0x14ecc)
                0x00014ee8                PROVIDE (cyBle_gattDB, 0x14ee8)
                0x00015348                PROVIDE (cyBle_attUuid128, 0x15348)
                0x000153e8                PROVIDE (cyBle_gatts, 0x153e8)
                0x00015534                PROVIDE (cyBle_diss, 0x15534)
                0x00015548                PROVIDE (cyBle_btss, 0x15548)
                0x00015640                PROVIDE (Bootloader__cy_regions, 0x15640)
                0x00015650                PROVIDE (Bootloader__cy_regions_end, 0x15650)
                0x000f0000                PROVIDE (Bootloader_Service_Activation__0__HSIOM_MASK, 0xf0000)
                0x000f0000                PROVIDE (Bootloader_Service_Activation__0__HSIOM_MASK, 0xf0000)
                0x00f00000                PROVIDE (Bootloading_LED__0__HSIOM_MASK, 0xf00000)
                0x00f00000                PROVIDE (Bootloading_LED__0__HSIOM_MASK, 0xf00000)
                0x0f000000                PROVIDE (Advertising_LED_1__0__HSIOM_MASK, 0xf000000)
                0x0f000000                PROVIDE (Advertising_LED_1__0__HSIOM_MASK, 0xf000000)
                0x200000d0                PROVIDE (cyBle_stackMemoryRam, 0x200000d0)
                0x20000cdc                PROVIDE (cyBle_discoveryData, 0x20000cdc)
                0x20000cfc                PROVIDE (cyBle_scanRspData, 0x20000cfc)
                0x20000d1c                PROVIDE (cyBle_discoveryModeInfo, 0x20000d1c)
                0x20000d30                PROVIDE (cyBle_sflashDeviceAddress, 0x20000d30)
                0x20000d34                PROVIDE (cyBle_deviceAddress, 0x20000d34)
                0x20000d3c                PROVIDE (cyBle_discoveryParam, 0x20000d3c)
                0x20000d4c                PROVIDE (cyBle_attValuesLen, 0x20000d4c)
                0x20000eac                PROVIDE (cyBle_attValues, 0x20000eac)
                0x2000101c                PROVIDE (cyBle_authInfo, 0x2000101c)
                0x20001034                PROVIDE (CyBle_StackState, 0x20001034)
                0x20001200                PROVIDE (CyBle_GattDbTotalEntries, 0x20001200)
                0x20001202                PROVIDE (CyBle_GattDbMaxValLength, 0x20001202)
                0x20001204                PROVIDE (CyBle_GattDbInternal, 0x20001204)
                0x200013a8                PROVIDE (CyBle_BasApplCallback, 0x200013a8)
                0x200013ac                PROVIDE (cyBle_initVar, 0x200013ac)
                0x200013b8                PROVIDE (cyBle_cmdLength, 0x200013b8)
                0x200013ba                PROVIDE (cyBle_cmdReceivedFlag, 0x200013ba)
                0x200025e4                PROVIDE (CyBle_ApplCallback, 0x200025e4)
                0x200025e8                PROVIDE (cyBle_attValuesCCCD, 0x200025e8)
                0x200025fc                PROVIDE (cyBle_state, 0x200025fc)
                0x20002600                PROVIDE (cyBle_busyStatus, 0x20002600)
                0x20002604                PROVIDE (cyBle_connHandle, 0x20002604)
                0x20002606                PROVIDE (cyBle_advertisingIntervalType, 0x20002606)
                0x20002607                PROVIDE (cyBle_eventHandlerFlag, 0x20002607)
                0x20002608                PROVIDE (cyBle_btsBuffPtr, 0x20002608)
                0x00002610                BOOTLOADER_RAM_SIZE = 0x2610
                0x40020000                PROVIDE (Bootloader_Service_Activation__0__HSIOM, 0x40020000)
                0x40020000                PROVIDE (Bootloader_Service_Activation__0__HSIOM, 0x40020000)
                0x40020000                PROVIDE (Bootloading_LED__0__HSIOM, 0x40020000)
                0x40020000                PROVIDE (Bootloading_LED__0__HSIOM, 0x40020000)
                0x40020300                PROVIDE (Advertising_LED_1__0__HSIOM, 0x40020300)
                0x40020300                PROVIDE (Advertising_LED_1__0__HSIOM, 0x40020300)
                0x40020300                PROVIDE (Advertising_LED_2__0__HSIOM, 0x40020300)
                0x40020300                PROVIDE (Advertising_LED_2__0__HSIOM, 0x40020300)
                0x40040000                PROVIDE (Bootloader_Service_Activation__0__DR, 0x40040000)
                0x40040000                PROVIDE (Bootloader_Service_Activation__0__DR, 0x40040000)
                0x40040000                PROVIDE (Bootloader_Service_Activation__DR, 0x40040000)
                0x40040000                PROVIDE (Bootloader_Service_Activation__DR, 0x40040000)
                0x40040000                PROVIDE (Bootloading_LED__0__DR, 0x40040000)
                0x40040000                PROVIDE (Bootloading_LED__0__DR, 0x40040000)
                0x40040000                PROVIDE (Bootloading_LED__DR, 0x40040000)
                0x40040000                PROVIDE (Bootloading_LED__DR, 0x40040000)
                0x40040004                PROVIDE (Bootloader_Service_Activation__0__PS, 0x40040004)
                0x40040004                PROVIDE (Bootloader_Service_Activation__0__PS, 0x40040004)
                0x40040004                PROVIDE (Bootloader_Service_Activation__PS, 0x40040004)
                0x40040004                PROVIDE (Bootloader_Service_Activation__PS, 0x40040004)
                0x40040004                PROVIDE (Bootloading_LED__0__PS, 0x40040004)
                0x40040004                PROVIDE (Bootloading_LED__0__PS, 0x40040004)
                0x40040004                PROVIDE (Bootloading_LED__PS, 0x40040004)
                0x40040004                PROVIDE (Bootloading_LED__PS, 0x40040004)
                0x40040008                PROVIDE (Bootloader_Service_Activation__0__PC, 0x40040008)
                0x40040008                PROVIDE (Bootloader_Service_Activation__0__PC, 0x40040008)
                0x40040008                PROVIDE (Bootloader_Service_Activation__PC, 0x40040008)
                0x40040008                PROVIDE (Bootloader_Service_Activation__PC, 0x40040008)
                0x40040008                PROVIDE (Bootloading_LED__0__PC, 0x40040008)
                0x40040008                PROVIDE (Bootloading_LED__0__PC, 0x40040008)
                0x40040008                PROVIDE (Bootloading_LED__PC, 0x40040008)
                0x40040008                PROVIDE (Bootloading_LED__PC, 0x40040008)
                0x4004000c                PROVIDE (Bootloader_Service_Activation__0__INTCFG, 0x4004000c)
                0x4004000c                PROVIDE (Bootloader_Service_Activation__0__INTCFG, 0x4004000c)
                0x4004000c                PROVIDE (Bootloader_Service_Activation__0__INTR_CFG, 0x4004000c)
                0x4004000c                PROVIDE (Bootloader_Service_Activation__0__INTR_CFG, 0x4004000c)
                0x4004000c                PROVIDE (Bootloader_Service_Activation__INTCFG, 0x4004000c)
                0x4004000c                PROVIDE (Bootloader_Service_Activation__INTCFG, 0x4004000c)
                0x4004000c                PROVIDE (Bootloader_Service_Activation__INTR_CFG, 0x4004000c)
                0x4004000c                PROVIDE (Bootloader_Service_Activation__INTR_CFG, 0x4004000c)
                0x4004000c                PROVIDE (Bootloading_LED__0__INTCFG, 0x4004000c)
                0x4004000c                PROVIDE (Bootloading_LED__0__INTCFG, 0x4004000c)
                0x4004000c                PROVIDE (Bootloading_LED__0__INTR_CFG, 0x4004000c)
                0x4004000c                PROVIDE (Bootloading_LED__0__INTR_CFG, 0x4004000c)
                0x4004000c                PROVIDE (Bootloading_LED__INTCFG, 0x4004000c)
                0x4004000c                PROVIDE (Bootloading_LED__INTCFG, 0x4004000c)
                0x4004000c                PROVIDE (Bootloading_LED__INTR_CFG, 0x4004000c)
                0x4004000c                PROVIDE (Bootloading_LED__INTR_CFG, 0x4004000c)
                0x40040010                PROVIDE (Bootloader_Service_Activation__0__INTR, 0x40040010)
                0x40040010                PROVIDE (Bootloader_Service_Activation__0__INTR, 0x40040010)
                0x40040010                PROVIDE (Bootloader_Service_Activation__0__INTSTAT, 0x40040010)
                0x40040010                PROVIDE (Bootloader_Service_Activation__0__INTSTAT, 0x40040010)
                0x40040010                PROVIDE (Bootloader_Service_Activation__INTR, 0x40040010)
                0x40040010                PROVIDE (Bootloader_Service_Activation__INTR, 0x40040010)
                0x40040010                PROVIDE (Bootloader_Service_Activation__INTSTAT, 0x40040010)
                0x40040010                PROVIDE (Bootloader_Service_Activation__INTSTAT, 0x40040010)
                0x40040010                PROVIDE (Bootloader_Service_Activation__SNAP, 0x40040010)
                0x40040010                PROVIDE (Bootloader_Service_Activation__SNAP, 0x40040010)
                0x40040010                PROVIDE (Bootloading_LED__0__INTR, 0x40040010)
                0x40040010                PROVIDE (Bootloading_LED__0__INTR, 0x40040010)
                0x40040010                PROVIDE (Bootloading_LED__0__INTSTAT, 0x40040010)
                0x40040010                PROVIDE (Bootloading_LED__0__INTSTAT, 0x40040010)
                0x40040010                PROVIDE (Bootloading_LED__INTR, 0x40040010)
                0x40040010                PROVIDE (Bootloading_LED__INTR, 0x40040010)
                0x40040010                PROVIDE (Bootloading_LED__INTSTAT, 0x40040010)
                0x40040010                PROVIDE (Bootloading_LED__INTSTAT, 0x40040010)
                0x40040018                PROVIDE (Bootloader_Service_Activation__0__PC2, 0x40040018)
                0x40040018                PROVIDE (Bootloader_Service_Activation__0__PC2, 0x40040018)
                0x40040018                PROVIDE (Bootloader_Service_Activation__PC2, 0x40040018)
                0x40040018                PROVIDE (Bootloader_Service_Activation__PC2, 0x40040018)
                0x40040018                PROVIDE (Bootloading_LED__0__PC2, 0x40040018)
                0x40040018                PROVIDE (Bootloading_LED__0__PC2, 0x40040018)
                0x40040018                PROVIDE (Bootloading_LED__PC2, 0x40040018)
                0x40040018                PROVIDE (Bootloading_LED__PC2, 0x40040018)
                0x40040040                PROVIDE (Bootloader_Service_Activation__0__DR_SET, 0x40040040)
                0x40040040                PROVIDE (Bootloader_Service_Activation__0__DR_SET, 0x40040040)
                0x40040040                PROVIDE (Bootloader_Service_Activation__DR_SET, 0x40040040)
                0x40040040                PROVIDE (Bootloader_Service_Activation__DR_SET, 0x40040040)
                0x40040040                PROVIDE (Bootloading_LED__0__DR_SET, 0x40040040)
                0x40040040                PROVIDE (Bootloading_LED__0__DR_SET, 0x40040040)
                0x40040040                PROVIDE (Bootloading_LED__DR_SET, 0x40040040)
                0x40040040                PROVIDE (Bootloading_LED__DR_SET, 0x40040040)
                0x40040044                PROVIDE (Bootloader_Service_Activation__0__DR_CLR, 0x40040044)
                0x40040044                PROVIDE (Bootloader_Service_Activation__0__DR_CLR, 0x40040044)
                0x40040044                PROVIDE (Bootloader_Service_Activation__DR_CLR, 0x40040044)
                0x40040044                PROVIDE (Bootloader_Service_Activation__DR_CLR, 0x40040044)
                0x40040044                PROVIDE (Bootloading_LED__0__DR_CLR, 0x40040044)
                0x40040044                PROVIDE (Bootloading_LED__0__DR_CLR, 0x40040044)
                0x40040044                PROVIDE (Bootloading_LED__DR_CLR, 0x40040044)
                0x40040044                PROVIDE (Bootloading_LED__DR_CLR, 0x40040044)
                0x40040048                PROVIDE (Bootloader_Service_Activation__0__DR_INV, 0x40040048)
                0x40040048                PROVIDE (Bootloader_Service_Activation__0__DR_INV, 0x40040048)
                0x40040048                PROVIDE (Bootloader_Service_Activation__DR_INV, 0x40040048)
                0x40040048                PROVIDE (Bootloader_Service_Activation__DR_INV, 0x40040048)
                0x40040048                PROVIDE (Bootloading_LED__0__DR_INV, 0x40040048)
                0x40040048                PROVIDE (Bootloading_LED__0__DR_INV, 0x40040048)
                0x40040048                PROVIDE (Bootloading_LED__DR_INV, 0x40040048)
                0x40040048                PROVIDE (Bootloading_LED__DR_INV, 0x40040048)
                0x40040300                PROVIDE (Advertising_LED_1__0__DR, 0x40040300)
                0x40040300                PROVIDE (Advertising_LED_1__0__DR, 0x40040300)
                0x40040300                PROVIDE (Advertising_LED_1__DR, 0x40040300)
                0x40040300                PROVIDE (Advertising_LED_1__DR, 0x40040300)
                0x40040300                PROVIDE (Advertising_LED_2__0__DR, 0x40040300)
                0x40040300                PROVIDE (Advertising_LED_2__0__DR, 0x40040300)
                0x40040300                PROVIDE (Advertising_LED_2__DR, 0x40040300)
                0x40040300                PROVIDE (Advertising_LED_2__DR, 0x40040300)
                0x40040304                PROVIDE (Advertising_LED_1__0__PS, 0x40040304)
                0x40040304                PROVIDE (Advertising_LED_1__0__PS, 0x40040304)
                0x40040304                PROVIDE (Advertising_LED_1__PS, 0x40040304)
                0x40040304                PROVIDE (Advertising_LED_1__PS, 0x40040304)
                0x40040304                PROVIDE (Advertising_LED_2__0__PS, 0x40040304)
                0x40040304                PROVIDE (Advertising_LED_2__0__PS, 0x40040304)
                0x40040304                PROVIDE (Advertising_LED_2__PS, 0x40040304)
                0x40040304                PROVIDE (Advertising_LED_2__PS, 0x40040304)
                0x40040308                PROVIDE (Advertising_LED_1__0__PC, 0x40040308)
                0x40040308                PROVIDE (Advertising_LED_1__0__PC, 0x40040308)
                0x40040308                PROVIDE (Advertising_LED_1__PC, 0x40040308)
                0x40040308                PROVIDE (Advertising_LED_1__PC, 0x40040308)
                0x40040308                PROVIDE (Advertising_LED_2__0__PC, 0x40040308)
                0x40040308                PROVIDE (Advertising_LED_2__0__PC, 0x40040308)
                0x40040308                PROVIDE (Advertising_LED_2__PC, 0x40040308)
                0x40040308                PROVIDE (Advertising_LED_2__PC, 0x40040308)
                0x4004030c                PROVIDE (Advertising_LED_1__0__INTCFG, 0x4004030c)
                0x4004030c                PROVIDE (Advertising_LED_1__0__INTCFG, 0x4004030c)
                0x4004030c                PROVIDE (Advertising_LED_1__0__INTR_CFG, 0x4004030c)
                0x4004030c                PROVIDE (Advertising_LED_1__0__INTR_CFG, 0x4004030c)
                0x4004030c                PROVIDE (Advertising_LED_1__INTCFG, 0x4004030c)
                0x4004030c                PROVIDE (Advertising_LED_1__INTCFG, 0x4004030c)
                0x4004030c                PROVIDE (Advertising_LED_1__INTR_CFG, 0x4004030c)
                0x4004030c                PROVIDE (Advertising_LED_1__INTR_CFG, 0x4004030c)
                0x4004030c                PROVIDE (Advertising_LED_2__0__INTCFG, 0x4004030c)
                0x4004030c                PROVIDE (Advertising_LED_2__0__INTCFG, 0x4004030c)
                0x4004030c                PROVIDE (Advertising_LED_2__0__INTR_CFG, 0x4004030c)
                0x4004030c                PROVIDE (Advertising_LED_2__0__INTR_CFG, 0x4004030c)
                0x4004030c                PROVIDE (Advertising_LED_2__INTCFG, 0x4004030c)
                0x4004030c                PROVIDE (Advertising_LED_2__INTCFG, 0x4004030c)
                0x4004030c                PROVIDE (Advertising_LED_2__INTR_CFG, 0x4004030c)
                0x4004030c                PROVIDE (Advertising_LED_2__INTR_CFG, 0x4004030c)
                0x40040310                PROVIDE (Advertising_LED_1__0__INTR, 0x40040310)
                0x40040310                PROVIDE (Advertising_LED_1__0__INTR, 0x40040310)
                0x40040310                PROVIDE (Advertising_LED_1__0__INTSTAT, 0x40040310)
                0x40040310                PROVIDE (Advertising_LED_1__0__INTSTAT, 0x40040310)
                0x40040310                PROVIDE (Advertising_LED_1__INTR, 0x40040310)
                0x40040310                PROVIDE (Advertising_LED_1__INTR, 0x40040310)
                0x40040310                PROVIDE (Advertising_LED_1__INTSTAT, 0x40040310)
                0x40040310                PROVIDE (Advertising_LED_1__INTSTAT, 0x40040310)
                0x40040310                PROVIDE (Advertising_LED_2__0__INTR, 0x40040310)
                0x40040310                PROVIDE (Advertising_LED_2__0__INTR, 0x40040310)
                0x40040310                PROVIDE (Advertising_LED_2__0__INTSTAT, 0x40040310)
                0x40040310                PROVIDE (Advertising_LED_2__0__INTSTAT, 0x40040310)
                0x40040310                PROVIDE (Advertising_LED_2__INTR, 0x40040310)
                0x40040310                PROVIDE (Advertising_LED_2__INTR, 0x40040310)
                0x40040310                PROVIDE (Advertising_LED_2__INTSTAT, 0x40040310)
                0x40040310                PROVIDE (Advertising_LED_2__INTSTAT, 0x40040310)
                0x40040318                PROVIDE (Advertising_LED_1__0__PC2, 0x40040318)
                0x40040318                PROVIDE (Advertising_LED_1__0__PC2, 0x40040318)
                0x40040318                PROVIDE (Advertising_LED_1__PC2, 0x40040318)
                0x40040318                PROVIDE (Advertising_LED_1__PC2, 0x40040318)
                0x40040318                PROVIDE (Advertising_LED_2__0__PC2, 0x40040318)
                0x40040318                PROVIDE (Advertising_LED_2__0__PC2, 0x40040318)
                0x40040318                PROVIDE (Advertising_LED_2__PC2, 0x40040318)
                0x40040318                PROVIDE (Advertising_LED_2__PC2, 0x40040318)
                0x40040340                PROVIDE (Advertising_LED_1__0__DR_SET, 0x40040340)
                0x40040340                PROVIDE (Advertising_LED_1__0__DR_SET, 0x40040340)
                0x40040340                PROVIDE (Advertising_LED_1__DR_SET, 0x40040340)
                0x40040340                PROVIDE (Advertising_LED_1__DR_SET, 0x40040340)
                0x40040340                PROVIDE (Advertising_LED_2__0__DR_SET, 0x40040340)
                0x40040340                PROVIDE (Advertising_LED_2__0__DR_SET, 0x40040340)
                0x40040340                PROVIDE (Advertising_LED_2__DR_SET, 0x40040340)
                0x40040340                PROVIDE (Advertising_LED_2__DR_SET, 0x40040340)
                0x40040344                PROVIDE (Advertising_LED_1__0__DR_CLR, 0x40040344)
                0x40040344                PROVIDE (Advertising_LED_1__0__DR_CLR, 0x40040344)
                0x40040344                PROVIDE (Advertising_LED_1__DR_CLR, 0x40040344)
                0x40040344                PROVIDE (Advertising_LED_1__DR_CLR, 0x40040344)
                0x40040344                PROVIDE (Advertising_LED_2__0__DR_CLR, 0x40040344)
                0x40040344                PROVIDE (Advertising_LED_2__0__DR_CLR, 0x40040344)
                0x40040344                PROVIDE (Advertising_LED_2__DR_CLR, 0x40040344)
                0x40040344                PROVIDE (Advertising_LED_2__DR_CLR, 0x40040344)
                0x40040348                PROVIDE (Advertising_LED_1__0__DR_INV, 0x40040348)
                0x40040348                PROVIDE (Advertising_LED_1__0__DR_INV, 0x40040348)
                0x40040348                PROVIDE (Advertising_LED_1__DR_INV, 0x40040348)
                0x40040348                PROVIDE (Advertising_LED_1__DR_INV, 0x40040348)
                0x40040348                PROVIDE (Advertising_LED_2__0__DR_INV, 0x40040348)
                0x40040348                PROVIDE (Advertising_LED_2__0__DR_INV, 0x40040348)
                0x40040348                PROVIDE (Advertising_LED_2__DR_INV, 0x40040348)
                0x40040348                PROVIDE (Advertising_LED_2__DR_INV, 0x40040348)
                0x400f5000                PROVIDE (Bootloader_Service_Activation__0__PA__CFG0, 0x400f5000)
                0x400f5000                PROVIDE (Bootloader_Service_Activation__0__PA__CFG0, 0x400f5000)
                0x400f5000                PROVIDE (Bootloader_Service_Activation__PA__CFG0, 0x400f5000)
                0x400f5000                PROVIDE (Bootloader_Service_Activation__PA__CFG0, 0x400f5000)
                0x400f5000                PROVIDE (Bootloading_LED__0__PA__CFG0, 0x400f5000)
                0x400f5000                PROVIDE (Bootloading_LED__0__PA__CFG0, 0x400f5000)
                0x400f5000                PROVIDE (Bootloading_LED__PA__CFG0, 0x400f5000)
                0x400f5000                PROVIDE (Bootloading_LED__PA__CFG0, 0x400f5000)
                0x400f5001                PROVIDE (Bootloader_Service_Activation__0__PA__CFG1, 0x400f5001)
                0x400f5001                PROVIDE (Bootloader_Service_Activation__0__PA__CFG1, 0x400f5001)
                0x400f5001                PROVIDE (Bootloader_Service_Activation__PA__CFG1, 0x400f5001)
                0x400f5001                PROVIDE (Bootloader_Service_Activation__PA__CFG1, 0x400f5001)
                0x400f5001                PROVIDE (Bootloading_LED__0__PA__CFG1, 0x400f5001)
                0x400f5001                PROVIDE (Bootloading_LED__0__PA__CFG1, 0x400f5001)
                0x400f5001                PROVIDE (Bootloading_LED__PA__CFG1, 0x400f5001)
                0x400f5001                PROVIDE (Bootloading_LED__PA__CFG1, 0x400f5001)
                0x400f5002                PROVIDE (Bootloader_Service_Activation__0__PA__CFG2, 0x400f5002)
                0x400f5002                PROVIDE (Bootloader_Service_Activation__0__PA__CFG2, 0x400f5002)
                0x400f5002                PROVIDE (Bootloader_Service_Activation__PA__CFG2, 0x400f5002)
                0x400f5002                PROVIDE (Bootloader_Service_Activation__PA__CFG2, 0x400f5002)
                0x400f5002                PROVIDE (Bootloading_LED__0__PA__CFG2, 0x400f5002)
                0x400f5002                PROVIDE (Bootloading_LED__0__PA__CFG2, 0x400f5002)
                0x400f5002                PROVIDE (Bootloading_LED__PA__CFG2, 0x400f5002)
                0x400f5002                PROVIDE (Bootloading_LED__PA__CFG2, 0x400f5002)
                0x400f5003                PROVIDE (Bootloader_Service_Activation__0__PA__CFG3, 0x400f5003)
                0x400f5003                PROVIDE (Bootloader_Service_Activation__0__PA__CFG3, 0x400f5003)
                0x400f5003                PROVIDE (Bootloader_Service_Activation__PA__CFG3, 0x400f5003)
                0x400f5003                PROVIDE (Bootloader_Service_Activation__PA__CFG3, 0x400f5003)
                0x400f5003                PROVIDE (Bootloading_LED__0__PA__CFG3, 0x400f5003)
                0x400f5003                PROVIDE (Bootloading_LED__0__PA__CFG3, 0x400f5003)
                0x400f5003                PROVIDE (Bootloading_LED__PA__CFG3, 0x400f5003)
                0x400f5003                PROVIDE (Bootloading_LED__PA__CFG3, 0x400f5003)
                0x400f5004                PROVIDE (Bootloader_Service_Activation__0__PA__CFG4, 0x400f5004)
                0x400f5004                PROVIDE (Bootloader_Service_Activation__0__PA__CFG4, 0x400f5004)
                0x400f5004                PROVIDE (Bootloader_Service_Activation__PA__CFG4, 0x400f5004)
                0x400f5004                PROVIDE (Bootloader_Service_Activation__PA__CFG4, 0x400f5004)
                0x400f5004                PROVIDE (Bootloading_LED__0__PA__CFG4, 0x400f5004)
                0x400f5004                PROVIDE (Bootloading_LED__0__PA__CFG4, 0x400f5004)
                0x400f5004                PROVIDE (Bootloading_LED__PA__CFG4, 0x400f5004)
                0x400f5004                PROVIDE (Bootloading_LED__PA__CFG4, 0x400f5004)
                0x400f5005                PROVIDE (Bootloader_Service_Activation__0__PA__CFG5, 0x400f5005)
                0x400f5005                PROVIDE (Bootloader_Service_Activation__0__PA__CFG5, 0x400f5005)
                0x400f5005                PROVIDE (Bootloader_Service_Activation__PA__CFG5, 0x400f5005)
                0x400f5005                PROVIDE (Bootloader_Service_Activation__PA__CFG5, 0x400f5005)
                0x400f5005                PROVIDE (Bootloading_LED__0__PA__CFG5, 0x400f5005)
                0x400f5005                PROVIDE (Bootloading_LED__0__PA__CFG5, 0x400f5005)
                0x400f5005                PROVIDE (Bootloading_LED__PA__CFG5, 0x400f5005)
                0x400f5005                PROVIDE (Bootloading_LED__PA__CFG5, 0x400f5005)
                0x400f5006                PROVIDE (Bootloader_Service_Activation__0__PA__CFG6, 0x400f5006)
                0x400f5006                PROVIDE (Bootloader_Service_Activation__0__PA__CFG6, 0x400f5006)
                0x400f5006                PROVIDE (Bootloader_Service_Activation__PA__CFG6, 0x400f5006)
                0x400f5006                PROVIDE (Bootloader_Service_Activation__PA__CFG6, 0x400f5006)
                0x400f5006                PROVIDE (Bootloading_LED__0__PA__CFG6, 0x400f5006)
                0x400f5006                PROVIDE (Bootloading_LED__0__PA__CFG6, 0x400f5006)
                0x400f5006                PROVIDE (Bootloading_LED__PA__CFG6, 0x400f5006)
                0x400f5006                PROVIDE (Bootloading_LED__PA__CFG6, 0x400f5006)
                0x400f5007                PROVIDE (Bootloader_Service_Activation__0__PA__CFG7, 0x400f5007)
                0x400f5007                PROVIDE (Bootloader_Service_Activation__0__PA__CFG7, 0x400f5007)
                0x400f5007                PROVIDE (Bootloader_Service_Activation__PA__CFG7, 0x400f5007)
                0x400f5007                PROVIDE (Bootloader_Service_Activation__PA__CFG7, 0x400f5007)
                0x400f5007                PROVIDE (Bootloading_LED__0__PA__CFG7, 0x400f5007)
                0x400f5007                PROVIDE (Bootloading_LED__0__PA__CFG7, 0x400f5007)
                0x400f5007                PROVIDE (Bootloading_LED__PA__CFG7, 0x400f5007)
                0x400f5007                PROVIDE (Bootloading_LED__PA__CFG7, 0x400f5007)
                0x400f5008                PROVIDE (Bootloader_Service_Activation__0__PA__CFG8, 0x400f5008)
                0x400f5008                PROVIDE (Bootloader_Service_Activation__0__PA__CFG8, 0x400f5008)
                0x400f5008                PROVIDE (Bootloader_Service_Activation__PA__CFG8, 0x400f5008)
                0x400f5008                PROVIDE (Bootloader_Service_Activation__PA__CFG8, 0x400f5008)
                0x400f5008                PROVIDE (Bootloading_LED__0__PA__CFG8, 0x400f5008)
                0x400f5008                PROVIDE (Bootloading_LED__0__PA__CFG8, 0x400f5008)
                0x400f5008                PROVIDE (Bootloading_LED__PA__CFG8, 0x400f5008)
                0x400f5008                PROVIDE (Bootloading_LED__PA__CFG8, 0x400f5008)
                0x400f5009                PROVIDE (Bootloader_Service_Activation__0__PA__CFG9, 0x400f5009)
                0x400f5009                PROVIDE (Bootloader_Service_Activation__0__PA__CFG9, 0x400f5009)
                0x400f5009                PROVIDE (Bootloader_Service_Activation__PA__CFG9, 0x400f5009)
                0x400f5009                PROVIDE (Bootloader_Service_Activation__PA__CFG9, 0x400f5009)
                0x400f5009                PROVIDE (Bootloading_LED__0__PA__CFG9, 0x400f5009)
                0x400f5009                PROVIDE (Bootloading_LED__0__PA__CFG9, 0x400f5009)
                0x400f5009                PROVIDE (Bootloading_LED__PA__CFG9, 0x400f5009)
                0x400f5009                PROVIDE (Bootloading_LED__PA__CFG9, 0x400f5009)
                0x400f500a                PROVIDE (Bootloader_Service_Activation__0__PA__CFG10, 0x400f500a)
                0x400f500a                PROVIDE (Bootloader_Service_Activation__0__PA__CFG10, 0x400f500a)
                0x400f500a                PROVIDE (Bootloader_Service_Activation__PA__CFG10, 0x400f500a)
                0x400f500a                PROVIDE (Bootloader_Service_Activation__PA__CFG10, 0x400f500a)
                0x400f500a                PROVIDE (Bootloading_LED__0__PA__CFG10, 0x400f500a)
                0x400f500a                PROVIDE (Bootloading_LED__0__PA__CFG10, 0x400f500a)
                0x400f500a                PROVIDE (Bootloading_LED__PA__CFG10, 0x400f500a)
                0x400f500a                PROVIDE (Bootloading_LED__PA__CFG10, 0x400f500a)
                0x400f500b                PROVIDE (Bootloader_Service_Activation__0__PA__CFG11, 0x400f500b)
                0x400f500b                PROVIDE (Bootloader_Service_Activation__0__PA__CFG11, 0x400f500b)
                0x400f500b                PROVIDE (Bootloader_Service_Activation__PA__CFG11, 0x400f500b)
                0x400f500b                PROVIDE (Bootloader_Service_Activation__PA__CFG11, 0x400f500b)
                0x400f500b                PROVIDE (Bootloading_LED__0__PA__CFG11, 0x400f500b)
                0x400f500b                PROVIDE (Bootloading_LED__0__PA__CFG11, 0x400f500b)
                0x400f500b                PROVIDE (Bootloading_LED__PA__CFG11, 0x400f500b)
                0x400f500b                PROVIDE (Bootloading_LED__PA__CFG11, 0x400f500b)
                0x400f500c                PROVIDE (Bootloader_Service_Activation__0__PA__CFG12, 0x400f500c)
                0x400f500c                PROVIDE (Bootloader_Service_Activation__0__PA__CFG12, 0x400f500c)
                0x400f500c                PROVIDE (Bootloader_Service_Activation__PA__CFG12, 0x400f500c)
                0x400f500c                PROVIDE (Bootloader_Service_Activation__PA__CFG12, 0x400f500c)
                0x400f500c                PROVIDE (Bootloading_LED__0__PA__CFG12, 0x400f500c)
                0x400f500c                PROVIDE (Bootloading_LED__0__PA__CFG12, 0x400f500c)
                0x400f500c                PROVIDE (Bootloading_LED__PA__CFG12, 0x400f500c)
                0x400f500c                PROVIDE (Bootloading_LED__PA__CFG12, 0x400f500c)
                0x400f500d                PROVIDE (Bootloader_Service_Activation__0__PA__CFG13, 0x400f500d)
                0x400f500d                PROVIDE (Bootloader_Service_Activation__0__PA__CFG13, 0x400f500d)
                0x400f500d                PROVIDE (Bootloader_Service_Activation__PA__CFG13, 0x400f500d)
                0x400f500d                PROVIDE (Bootloader_Service_Activation__PA__CFG13, 0x400f500d)
                0x400f500d                PROVIDE (Bootloading_LED__0__PA__CFG13, 0x400f500d)
                0x400f500d                PROVIDE (Bootloading_LED__0__PA__CFG13, 0x400f500d)
                0x400f500d                PROVIDE (Bootloading_LED__PA__CFG13, 0x400f500d)
                0x400f500d                PROVIDE (Bootloading_LED__PA__CFG13, 0x400f500d)
                0x400f500e                PROVIDE (Bootloader_Service_Activation__0__PA__CFG14, 0x400f500e)
                0x400f500e                PROVIDE (Bootloader_Service_Activation__0__PA__CFG14, 0x400f500e)
                0x400f500e                PROVIDE (Bootloader_Service_Activation__PA__CFG14, 0x400f500e)
                0x400f500e                PROVIDE (Bootloader_Service_Activation__PA__CFG14, 0x400f500e)
                0x400f500e                PROVIDE (Bootloading_LED__0__PA__CFG14, 0x400f500e)
                0x400f500e                PROVIDE (Bootloading_LED__0__PA__CFG14, 0x400f500e)
                0x400f500e                PROVIDE (Bootloading_LED__PA__CFG14, 0x400f500e)
                0x400f500e                PROVIDE (Bootloading_LED__PA__CFG14, 0x400f500e)
                0x400f5030                PROVIDE (Advertising_LED_1__0__PA__CFG0, 0x400f5030)
                0x400f5030                PROVIDE (Advertising_LED_1__0__PA__CFG0, 0x400f5030)
                0x400f5030                PROVIDE (Advertising_LED_1__PA__CFG0, 0x400f5030)
                0x400f5030                PROVIDE (Advertising_LED_1__PA__CFG0, 0x400f5030)
                0x400f5030                PROVIDE (Advertising_LED_2__0__PA__CFG0, 0x400f5030)
                0x400f5030                PROVIDE (Advertising_LED_2__0__PA__CFG0, 0x400f5030)
                0x400f5030                PROVIDE (Advertising_LED_2__PA__CFG0, 0x400f5030)
                0x400f5030                PROVIDE (Advertising_LED_2__PA__CFG0, 0x400f5030)
                0x400f5031                PROVIDE (Advertising_LED_1__0__PA__CFG1, 0x400f5031)
                0x400f5031                PROVIDE (Advertising_LED_1__0__PA__CFG1, 0x400f5031)
                0x400f5031                PROVIDE (Advertising_LED_1__PA__CFG1, 0x400f5031)
                0x400f5031                PROVIDE (Advertising_LED_1__PA__CFG1, 0x400f5031)
                0x400f5031                PROVIDE (Advertising_LED_2__0__PA__CFG1, 0x400f5031)
                0x400f5031                PROVIDE (Advertising_LED_2__0__PA__CFG1, 0x400f5031)
                0x400f5031                PROVIDE (Advertising_LED_2__PA__CFG1, 0x400f5031)
                0x400f5031                PROVIDE (Advertising_LED_2__PA__CFG1, 0x400f5031)
                0x400f5032                PROVIDE (Advertising_LED_1__0__PA__CFG2, 0x400f5032)
                0x400f5032                PROVIDE (Advertising_LED_1__0__PA__CFG2, 0x400f5032)
                0x400f5032                PROVIDE (Advertising_LED_1__PA__CFG2, 0x400f5032)
                0x400f5032                PROVIDE (Advertising_LED_1__PA__CFG2, 0x400f5032)
                0x400f5032                PROVIDE (Advertising_LED_2__0__PA__CFG2, 0x400f5032)
                0x400f5032                PROVIDE (Advertising_LED_2__0__PA__CFG2, 0x400f5032)
                0x400f5032                PROVIDE (Advertising_LED_2__PA__CFG2, 0x400f5032)
                0x400f5032                PROVIDE (Advertising_LED_2__PA__CFG2, 0x400f5032)
                0x400f5033                PROVIDE (Advertising_LED_1__0__PA__CFG3, 0x400f5033)
                0x400f5033                PROVIDE (Advertising_LED_1__0__PA__CFG3, 0x400f5033)
                0x400f5033                PROVIDE (Advertising_LED_1__PA__CFG3, 0x400f5033)
                0x400f5033                PROVIDE (Advertising_LED_1__PA__CFG3, 0x400f5033)
                0x400f5033                PROVIDE (Advertising_LED_2__0__PA__CFG3, 0x400f5033)
                0x400f5033                PROVIDE (Advertising_LED_2__0__PA__CFG3, 0x400f5033)
                0x400f5033                PROVIDE (Advertising_LED_2__PA__CFG3, 0x400f5033)
                0x400f5033                PROVIDE (Advertising_LED_2__PA__CFG3, 0x400f5033)
                0x400f5034                PROVIDE (Advertising_LED_1__0__PA__CFG4, 0x400f5034)
                0x400f5034                PROVIDE (Advertising_LED_1__0__PA__CFG4, 0x400f5034)
                0x400f5034                PROVIDE (Advertising_LED_1__PA__CFG4, 0x400f5034)
                0x400f5034                PROVIDE (Advertising_LED_1__PA__CFG4, 0x400f5034)
                0x400f5034                PROVIDE (Advertising_LED_2__0__PA__CFG4, 0x400f5034)
                0x400f5034                PROVIDE (Advertising_LED_2__0__PA__CFG4, 0x400f5034)
                0x400f5034                PROVIDE (Advertising_LED_2__PA__CFG4, 0x400f5034)
                0x400f5034                PROVIDE (Advertising_LED_2__PA__CFG4, 0x400f5034)
                0x400f5035                PROVIDE (Advertising_LED_1__0__PA__CFG5, 0x400f5035)
                0x400f5035                PROVIDE (Advertising_LED_1__0__PA__CFG5, 0x400f5035)
                0x400f5035                PROVIDE (Advertising_LED_1__PA__CFG5, 0x400f5035)
                0x400f5035                PROVIDE (Advertising_LED_1__PA__CFG5, 0x400f5035)
                0x400f5035                PROVIDE (Advertising_LED_2__0__PA__CFG5, 0x400f5035)
                0x400f5035                PROVIDE (Advertising_LED_2__0__PA__CFG5, 0x400f5035)
                0x400f5035                PROVIDE (Advertising_LED_2__PA__CFG5, 0x400f5035)
                0x400f5035                PROVIDE (Advertising_LED_2__PA__CFG5, 0x400f5035)
                0x400f5036                PROVIDE (Advertising_LED_1__0__PA__CFG6, 0x400f5036)
                0x400f5036                PROVIDE (Advertising_LED_1__0__PA__CFG6, 0x400f5036)
                0x400f5036                PROVIDE (Advertising_LED_1__PA__CFG6, 0x400f5036)
                0x400f5036                PROVIDE (Advertising_LED_1__PA__CFG6, 0x400f5036)
                0x400f5036                PROVIDE (Advertising_LED_2__0__PA__CFG6, 0x400f5036)
                0x400f5036                PROVIDE (Advertising_LED_2__0__PA__CFG6, 0x400f5036)
                0x400f5036                PROVIDE (Advertising_LED_2__PA__CFG6, 0x400f5036)
                0x400f5036                PROVIDE (Advertising_LED_2__PA__CFG6, 0x400f5036)
                0x400f5037                PROVIDE (Advertising_LED_1__0__PA__CFG7, 0x400f5037)
                0x400f5037                PROVIDE (Advertising_LED_1__0__PA__CFG7, 0x400f5037)
                0x400f5037                PROVIDE (Advertising_LED_1__PA__CFG7, 0x400f5037)
                0x400f5037                PROVIDE (Advertising_LED_1__PA__CFG7, 0x400f5037)
                0x400f5037                PROVIDE (Advertising_LED_2__0__PA__CFG7, 0x400f5037)
                0x400f5037                PROVIDE (Advertising_LED_2__0__PA__CFG7, 0x400f5037)
                0x400f5037                PROVIDE (Advertising_LED_2__PA__CFG7, 0x400f5037)
                0x400f5037                PROVIDE (Advertising_LED_2__PA__CFG7, 0x400f5037)
                0x400f5038                PROVIDE (Advertising_LED_1__0__PA__CFG8, 0x400f5038)
                0x400f5038                PROVIDE (Advertising_LED_1__0__PA__CFG8, 0x400f5038)
                0x400f5038                PROVIDE (Advertising_LED_1__PA__CFG8, 0x400f5038)
                0x400f5038                PROVIDE (Advertising_LED_1__PA__CFG8, 0x400f5038)
                0x400f5038                PROVIDE (Advertising_LED_2__0__PA__CFG8, 0x400f5038)
                0x400f5038                PROVIDE (Advertising_LED_2__0__PA__CFG8, 0x400f5038)
                0x400f5038                PROVIDE (Advertising_LED_2__PA__CFG8, 0x400f5038)
                0x400f5038                PROVIDE (Advertising_LED_2__PA__CFG8, 0x400f5038)
                0x400f5039                PROVIDE (Advertising_LED_1__0__PA__CFG9, 0x400f5039)
                0x400f5039                PROVIDE (Advertising_LED_1__0__PA__CFG9, 0x400f5039)
                0x400f5039                PROVIDE (Advertising_LED_1__PA__CFG9, 0x400f5039)
                0x400f5039                PROVIDE (Advertising_LED_1__PA__CFG9, 0x400f5039)
                0x400f5039                PROVIDE (Advertising_LED_2__0__PA__CFG9, 0x400f5039)
                0x400f5039                PROVIDE (Advertising_LED_2__0__PA__CFG9, 0x400f5039)
                0x400f5039                PROVIDE (Advertising_LED_2__PA__CFG9, 0x400f5039)
                0x400f5039                PROVIDE (Advertising_LED_2__PA__CFG9, 0x400f5039)
                0x400f503a                PROVIDE (Advertising_LED_1__0__PA__CFG10, 0x400f503a)
                0x400f503a                PROVIDE (Advertising_LED_1__0__PA__CFG10, 0x400f503a)
                0x400f503a                PROVIDE (Advertising_LED_1__PA__CFG10, 0x400f503a)
                0x400f503a                PROVIDE (Advertising_LED_1__PA__CFG10, 0x400f503a)
                0x400f503a                PROVIDE (Advertising_LED_2__0__PA__CFG10, 0x400f503a)
                0x400f503a                PROVIDE (Advertising_LED_2__0__PA__CFG10, 0x400f503a)
                0x400f503a                PROVIDE (Advertising_LED_2__PA__CFG10, 0x400f503a)
                0x400f503a                PROVIDE (Advertising_LED_2__PA__CFG10, 0x400f503a)
                0x400f503b                PROVIDE (Advertising_LED_1__0__PA__CFG11, 0x400f503b)
                0x400f503b                PROVIDE (Advertising_LED_1__0__PA__CFG11, 0x400f503b)
                0x400f503b                PROVIDE (Advertising_LED_1__PA__CFG11, 0x400f503b)
                0x400f503b                PROVIDE (Advertising_LED_1__PA__CFG11, 0x400f503b)
                0x400f503b                PROVIDE (Advertising_LED_2__0__PA__CFG11, 0x400f503b)
                0x400f503b                PROVIDE (Advertising_LED_2__0__PA__CFG11, 0x400f503b)
                0x400f503b                PROVIDE (Advertising_LED_2__PA__CFG11, 0x400f503b)
                0x400f503b                PROVIDE (Advertising_LED_2__PA__CFG11, 0x400f503b)
                0x400f503c                PROVIDE (Advertising_LED_1__0__PA__CFG12, 0x400f503c)
                0x400f503c                PROVIDE (Advertising_LED_1__0__PA__CFG12, 0x400f503c)
                0x400f503c                PROVIDE (Advertising_LED_1__PA__CFG12, 0x400f503c)
                0x400f503c                PROVIDE (Advertising_LED_1__PA__CFG12, 0x400f503c)
                0x400f503c                PROVIDE (Advertising_LED_2__0__PA__CFG12, 0x400f503c)
                0x400f503c                PROVIDE (Advertising_LED_2__0__PA__CFG12, 0x400f503c)
                0x400f503c                PROVIDE (Advertising_LED_2__PA__CFG12, 0x400f503c)
                0x400f503c                PROVIDE (Advertising_LED_2__PA__CFG12, 0x400f503c)
                0x400f503d                PROVIDE (Advertising_LED_1__0__PA__CFG13, 0x400f503d)
                0x400f503d                PROVIDE (Advertising_LED_1__0__PA__CFG13, 0x400f503d)
                0x400f503d                PROVIDE (Advertising_LED_1__PA__CFG13, 0x400f503d)
                0x400f503d                PROVIDE (Advertising_LED_1__PA__CFG13, 0x400f503d)
                0x400f503d                PROVIDE (Advertising_LED_2__0__PA__CFG13, 0x400f503d)
                0x400f503d                PROVIDE (Advertising_LED_2__0__PA__CFG13, 0x400f503d)
                0x400f503d                PROVIDE (Advertising_LED_2__PA__CFG13, 0x400f503d)
                0x400f503d                PROVIDE (Advertising_LED_2__PA__CFG13, 0x400f503d)
                0x400f503e                PROVIDE (Advertising_LED_1__0__PA__CFG14, 0x400f503e)
                0x400f503e                PROVIDE (Advertising_LED_1__0__PA__CFG14, 0x400f503e)
                0x400f503e                PROVIDE (Advertising_LED_1__PA__CFG14, 0x400f503e)
                0x400f503e                PROVIDE (Advertising_LED_1__PA__CFG14, 0x400f503e)
                0x400f503e                PROVIDE (Advertising_LED_2__0__PA__CFG14, 0x400f503e)
                0x400f503e                PROVIDE (Advertising_LED_2__0__PA__CFG14, 0x400f503e)
                0x400f503e                PROVIDE (Advertising_LED_2__PA__CFG14, 0x400f503e)
                0x400f503e                PROVIDE (Advertising_LED_2__PA__CFG14, 0x400f503e)
                0x402e0000                PROVIDE (CyBle_cy_m0s8_ble__CFG1, 0x402e0000)
                0x402e0000                PROVIDE (CyBle_cy_m0s8_ble__CFG1, 0x402e0000)
                0x402e0004                PROVIDE (CyBle_cy_m0s8_ble__CFG2, 0x402e0004)
                0x402e0004                PROVIDE (CyBle_cy_m0s8_ble__CFG2, 0x402e0004)
                0x402e0008                PROVIDE (CyBle_cy_m0s8_ble__MODEM, 0x402e0008)
                0x402e0008                PROVIDE (CyBle_cy_m0s8_ble__MODEM, 0x402e0008)
                0x402e000c                PROVIDE (CyBle_cy_m0s8_ble__FSM, 0x402e000c)
                0x402e000c                PROVIDE (CyBle_cy_m0s8_ble__FSM, 0x402e000c)
                0x402e0010                PROVIDE (CyBle_cy_m0s8_ble__DBUS, 0x402e0010)
                0x402e0010                PROVIDE (CyBle_cy_m0s8_ble__DBUS, 0x402e0010)
                0x402e0014                PROVIDE (CyBle_cy_m0s8_ble__CFGCTRL, 0x402e0014)
                0x402e0014                PROVIDE (CyBle_cy_m0s8_ble__CFGCTRL, 0x402e0014)
                0x402e0018                PROVIDE (CyBle_cy_m0s8_ble__RSSI, 0x402e0018)
                0x402e0018                PROVIDE (CyBle_cy_m0s8_ble__RSSI, 0x402e0018)
                0x402e0024                PROVIDE (CyBle_cy_m0s8_ble__RMAP, 0x402e0024)
                0x402e0024                PROVIDE (CyBle_cy_m0s8_ble__RMAP, 0x402e0024)
                0x402e0028                PROVIDE (CyBle_cy_m0s8_ble__KVCAL, 0x402e0028)
                0x402e0028                PROVIDE (CyBle_cy_m0s8_ble__KVCAL, 0x402e0028)
                0x402e002c                PROVIDE (CyBle_cy_m0s8_ble__CFG_1_FCAL, 0x402e002c)
                0x402e002c                PROVIDE (CyBle_cy_m0s8_ble__CFG_1_FCAL, 0x402e002c)
                0x402e0030                PROVIDE (CyBle_cy_m0s8_ble__CFG_2_FCAL, 0x402e0030)
                0x402e0030                PROVIDE (CyBle_cy_m0s8_ble__CFG_2_FCAL, 0x402e0030)
                0x402e0034                PROVIDE (CyBle_cy_m0s8_ble__CFG_3_FCAL, 0x402e0034)
                0x402e0034                PROVIDE (CyBle_cy_m0s8_ble__CFG_3_FCAL, 0x402e0034)
                0x402e0038                PROVIDE (CyBle_cy_m0s8_ble__CFG_4_FCAL, 0x402e0038)
                0x402e0038                PROVIDE (CyBle_cy_m0s8_ble__CFG_4_FCAL, 0x402e0038)
                0x402e003c                PROVIDE (CyBle_cy_m0s8_ble__CFG_5_FCAL, 0x402e003c)
                0x402e003c                PROVIDE (CyBle_cy_m0s8_ble__CFG_5_FCAL, 0x402e003c)
                0x402e0040                PROVIDE (CyBle_cy_m0s8_ble__CFG_6_FCAL, 0x402e0040)
                0x402e0040                PROVIDE (CyBle_cy_m0s8_ble__CFG_6_FCAL, 0x402e0040)
                0x402e0044                PROVIDE (CyBle_cy_m0s8_ble__FCAL_TEST, 0x402e0044)
                0x402e0044                PROVIDE (CyBle_cy_m0s8_ble__FCAL_TEST, 0x402e0044)
                0x402e0048                PROVIDE (CyBle_cy_m0s8_ble__TEST, 0x402e0048)
                0x402e0048                PROVIDE (CyBle_cy_m0s8_ble__TEST, 0x402e0048)
                0x402e004c                PROVIDE (CyBle_cy_m0s8_ble__FPD_TEST, 0x402e004c)
                0x402e004c                PROVIDE (CyBle_cy_m0s8_ble__FPD_TEST, 0x402e004c)
                0x402e0050                PROVIDE (CyBle_cy_m0s8_ble__SY, 0x402e0050)
                0x402e0050                PROVIDE (CyBle_cy_m0s8_ble__SY, 0x402e0050)
                0x402e0054                PROVIDE (CyBle_cy_m0s8_ble__TEST2_SY, 0x402e0054)
                0x402e0054                PROVIDE (CyBle_cy_m0s8_ble__TEST2_SY, 0x402e0054)
                0x402e0058                PROVIDE (CyBle_cy_m0s8_ble__TX, 0x402e0058)
                0x402e0058                PROVIDE (CyBle_cy_m0s8_ble__TX, 0x402e0058)
                0x402e005c                PROVIDE (CyBle_cy_m0s8_ble__RX, 0x402e005c)
                0x402e005c                PROVIDE (CyBle_cy_m0s8_ble__RX, 0x402e005c)
                0x402e0060                PROVIDE (CyBle_cy_m0s8_ble__DIAG1, 0x402e0060)
                0x402e0060                PROVIDE (CyBle_cy_m0s8_ble__DIAG1, 0x402e0060)
                0x402e0064                PROVIDE (CyBle_cy_m0s8_ble__IM, 0x402e0064)
                0x402e0064                PROVIDE (CyBle_cy_m0s8_ble__IM, 0x402e0064)
                0x402e0068                PROVIDE (CyBle_cy_m0s8_ble__LDO_BYPASS, 0x402e0068)
                0x402e0068                PROVIDE (CyBle_cy_m0s8_ble__LDO_BYPASS, 0x402e0068)
                0x402e006c                PROVIDE (CyBle_cy_m0s8_ble__LDO, 0x402e006c)
                0x402e006c                PROVIDE (CyBle_cy_m0s8_ble__LDO, 0x402e006c)
                0x402e0070                PROVIDE (CyBle_cy_m0s8_ble__BB_BUMP1, 0x402e0070)
                0x402e0070                PROVIDE (CyBle_cy_m0s8_ble__BB_BUMP1, 0x402e0070)
                0x402e0074                PROVIDE (CyBle_cy_m0s8_ble__BB_BUMP2, 0x402e0074)
                0x402e0074                PROVIDE (CyBle_cy_m0s8_ble__BB_BUMP2, 0x402e0074)
                0x402e0078                PROVIDE (CyBle_cy_m0s8_ble__BB_XO, 0x402e0078)
                0x402e0078                PROVIDE (CyBle_cy_m0s8_ble__BB_XO, 0x402e0078)
                0x402e007c                PROVIDE (CyBle_cy_m0s8_ble__BB_XO_CAPTRIM, 0x402e007c)
                0x402e007c                PROVIDE (CyBle_cy_m0s8_ble__BB_XO_CAPTRIM, 0x402e007c)
                0x402e0080                PROVIDE (CyBle_cy_m0s8_ble__SY_BUMP1, 0x402e0080)
                0x402e0080                PROVIDE (CyBle_cy_m0s8_ble__SY_BUMP1, 0x402e0080)
                0x402e0084                PROVIDE (CyBle_cy_m0s8_ble__SY_BUMP2, 0x402e0084)
                0x402e0084                PROVIDE (CyBle_cy_m0s8_ble__SY_BUMP2, 0x402e0084)
                0x402e0088                PROVIDE (CyBle_cy_m0s8_ble__TX_BUMP1, 0x402e0088)
                0x402e0088                PROVIDE (CyBle_cy_m0s8_ble__TX_BUMP1, 0x402e0088)
                0x402e008c                PROVIDE (CyBle_cy_m0s8_ble__TX_BUMP2, 0x402e008c)
                0x402e008c                PROVIDE (CyBle_cy_m0s8_ble__TX_BUMP2, 0x402e008c)
                0x402e0090                PROVIDE (CyBle_cy_m0s8_ble__RX_BUMP1, 0x402e0090)
                0x402e0090                PROVIDE (CyBle_cy_m0s8_ble__RX_BUMP1, 0x402e0090)
                0x402e0094                PROVIDE (CyBle_cy_m0s8_ble__RX_BUMP2, 0x402e0094)
                0x402e0094                PROVIDE (CyBle_cy_m0s8_ble__RX_BUMP2, 0x402e0094)
                0x402e0098                PROVIDE (CyBle_cy_m0s8_ble__ADC_BUMP1, 0x402e0098)
                0x402e0098                PROVIDE (CyBle_cy_m0s8_ble__ADC_BUMP1, 0x402e0098)
                0x402e009c                PROVIDE (CyBle_cy_m0s8_ble__ADC_BUMP2, 0x402e009c)
                0x402e009c                PROVIDE (CyBle_cy_m0s8_ble__ADC_BUMP2, 0x402e009c)
                0x402e00a0                PROVIDE (CyBle_cy_m0s8_ble__BALUN, 0x402e00a0)
                0x402e00a0                PROVIDE (CyBle_cy_m0s8_ble__BALUN, 0x402e00a0)
                0x402e00a4                PROVIDE (CyBle_cy_m0s8_ble__CTR1, 0x402e00a4)
                0x402e00a4                PROVIDE (CyBle_cy_m0s8_ble__CTR1, 0x402e00a4)
                0x402e00a8                PROVIDE (CyBle_cy_m0s8_ble__AGC, 0x402e00a8)
                0x402e00a8                PROVIDE (CyBle_cy_m0s8_ble__AGC, 0x402e00a8)
                0x402e00ac                PROVIDE (CyBle_cy_m0s8_ble__THRSHD1, 0x402e00ac)
                0x402e00ac                PROVIDE (CyBle_cy_m0s8_ble__THRSHD1, 0x402e00ac)
                0x402e00b0                PROVIDE (CyBle_cy_m0s8_ble__THRSHD2, 0x402e00b0)
                0x402e00b0                PROVIDE (CyBle_cy_m0s8_ble__THRSHD2, 0x402e00b0)
                0x402e00b4                PROVIDE (CyBle_cy_m0s8_ble__THRSHD3, 0x402e00b4)
                0x402e00b4                PROVIDE (CyBle_cy_m0s8_ble__THRSHD3, 0x402e00b4)
                0x402e00b8                PROVIDE (CyBle_cy_m0s8_ble__THRSHD4, 0x402e00b8)
                0x402e00b8                PROVIDE (CyBle_cy_m0s8_ble__THRSHD4, 0x402e00b8)
                0x402e00bc                PROVIDE (CyBle_cy_m0s8_ble__THRSHD5, 0x402e00bc)
                0x402e00bc                PROVIDE (CyBle_cy_m0s8_ble__THRSHD5, 0x402e00bc)
                0x402e00c0                PROVIDE (CyBle_cy_m0s8_ble__DC, 0x402e00c0)
                0x402e00c0                PROVIDE (CyBle_cy_m0s8_ble__DC, 0x402e00c0)
                0x402e00c4                PROVIDE (CyBle_cy_m0s8_ble__IQMIS, 0x402e00c4)
                0x402e00c4                PROVIDE (CyBle_cy_m0s8_ble__IQMIS, 0x402e00c4)
                0x402e00c8                PROVIDE (CyBle_cy_m0s8_ble__DCCAL, 0x402e00c8)
                0x402e00c8                PROVIDE (CyBle_cy_m0s8_ble__DCCAL, 0x402e00c8)
                0x402e00cc                PROVIDE (CyBle_cy_m0s8_ble__RCCAL, 0x402e00cc)
                0x402e00cc                PROVIDE (CyBle_cy_m0s8_ble__RCCAL, 0x402e00cc)
                0x402e00d0                PROVIDE (CyBle_cy_m0s8_ble__DSM1, 0x402e00d0)
                0x402e00d0                PROVIDE (CyBle_cy_m0s8_ble__DSM1, 0x402e00d0)
                0x402e00d4                PROVIDE (CyBle_cy_m0s8_ble__DSM2, 0x402e00d4)
                0x402e00d4                PROVIDE (CyBle_cy_m0s8_ble__DSM2, 0x402e00d4)
                0x402e00d8                PROVIDE (CyBle_cy_m0s8_ble__DSM3, 0x402e00d8)
                0x402e00d8                PROVIDE (CyBle_cy_m0s8_ble__DSM3, 0x402e00d8)
                0x402e00dc                PROVIDE (CyBle_cy_m0s8_ble__DSM4, 0x402e00dc)
                0x402e00dc                PROVIDE (CyBle_cy_m0s8_ble__DSM4, 0x402e00dc)
                0x402e00e0                PROVIDE (CyBle_cy_m0s8_ble__DSM5, 0x402e00e0)
                0x402e00e0                PROVIDE (CyBle_cy_m0s8_ble__DSM5, 0x402e00e0)
                0x402e00e4                PROVIDE (CyBle_cy_m0s8_ble__DSM6, 0x402e00e4)
                0x402e00e4                PROVIDE (CyBle_cy_m0s8_ble__DSM6, 0x402e00e4)
                0x402e00e8                PROVIDE (CyBle_cy_m0s8_ble__MONI, 0x402e00e8)
                0x402e00e8                PROVIDE (CyBle_cy_m0s8_ble__MONI, 0x402e00e8)
                0x402e00ec                PROVIDE (CyBle_cy_m0s8_ble__DBG_BB, 0x402e00ec)
                0x402e00ec                PROVIDE (CyBle_cy_m0s8_ble__DBG_BB, 0x402e00ec)
                0x402e00f0                PROVIDE (CyBle_cy_m0s8_ble__DBG_1, 0x402e00f0)
                0x402e00f0                PROVIDE (CyBle_cy_m0s8_ble__DBG_1, 0x402e00f0)
                0x402e00f4                PROVIDE (CyBle_cy_m0s8_ble__DBG_2, 0x402e00f4)
                0x402e00f4                PROVIDE (CyBle_cy_m0s8_ble__DBG_2, 0x402e00f4)
                0x402e00f8                PROVIDE (CyBle_cy_m0s8_ble__DBG_3, 0x402e00f8)
                0x402e00f8                PROVIDE (CyBle_cy_m0s8_ble__DBG_3, 0x402e00f8)
                0x402e0100                PROVIDE (CyBle_cy_m0s8_ble__READ_IQ_1, 0x402e0100)
                0x402e0100                PROVIDE (CyBle_cy_m0s8_ble__READ_IQ_1, 0x402e0100)
                0x402e0104                PROVIDE (CyBle_cy_m0s8_ble__READ_IQ_2, 0x402e0104)
                0x402e0104                PROVIDE (CyBle_cy_m0s8_ble__READ_IQ_2, 0x402e0104)
                0x402e0108                PROVIDE (CyBle_cy_m0s8_ble__READ_IQ_3, 0x402e0108)
                0x402e0108                PROVIDE (CyBle_cy_m0s8_ble__READ_IQ_3, 0x402e0108)
                0x402e010c                PROVIDE (CyBle_cy_m0s8_ble__READ_IQ_4, 0x402e010c)
                0x402e010c                PROVIDE (CyBle_cy_m0s8_ble__READ_IQ_4, 0x402e010c)
                0x402e1000                PROVIDE (CyBle_cy_m0s8_ble__COMMAND_REGISTER, 0x402e1000)
                0x402e1000                PROVIDE (CyBle_cy_m0s8_ble__COMMAND_REGISTER, 0x402e1000)
                0x402e1008                PROVIDE (CyBle_cy_m0s8_ble__EVENT_INTR, 0x402e1008)
                0x402e1008                PROVIDE (CyBle_cy_m0s8_ble__EVENT_INTR, 0x402e1008)
                0x402e1010                PROVIDE (CyBle_cy_m0s8_ble__EVENT_ENABLE, 0x402e1010)
                0x402e1010                PROVIDE (CyBle_cy_m0s8_ble__EVENT_ENABLE, 0x402e1010)
                0x402e1018                PROVIDE (CyBle_cy_m0s8_ble__ADV_PARAMS, 0x402e1018)
                0x402e1018                PROVIDE (CyBle_cy_m0s8_ble__ADV_PARAMS, 0x402e1018)
                0x402e101c                PROVIDE (CyBle_cy_m0s8_ble__ADV_INTERVAL_TIMEOUT, 0x402e101c)
                0x402e101c                PROVIDE (CyBle_cy_m0s8_ble__ADV_INTERVAL_TIMEOUT, 0x402e101c)
                0x402e1020                PROVIDE (CyBle_cy_m0s8_ble__ADV_INTR, 0x402e1020)
                0x402e1020                PROVIDE (CyBle_cy_m0s8_ble__ADV_INTR, 0x402e1020)
                0x402e1024                PROVIDE (CyBle_cy_m0s8_ble__ADV_NEXT_INSTANT, 0x402e1024)
                0x402e1024                PROVIDE (CyBle_cy_m0s8_ble__ADV_NEXT_INSTANT, 0x402e1024)
                0x402e1028                PROVIDE (CyBle_cy_m0s8_ble__SCAN_INTERVAL, 0x402e1028)
                0x402e1028                PROVIDE (CyBle_cy_m0s8_ble__SCAN_INTERVAL, 0x402e1028)
                0x402e102c                PROVIDE (CyBle_cy_m0s8_ble__SCAN_WINDOW, 0x402e102c)
                0x402e102c                PROVIDE (CyBle_cy_m0s8_ble__SCAN_WINDOW, 0x402e102c)
                0x402e1030                PROVIDE (CyBle_cy_m0s8_ble__SCAN_PARAM, 0x402e1030)
                0x402e1030                PROVIDE (CyBle_cy_m0s8_ble__SCAN_PARAM, 0x402e1030)
                0x402e1038                PROVIDE (CyBle_cy_m0s8_ble__SCAN_INTR, 0x402e1038)
                0x402e1038                PROVIDE (CyBle_cy_m0s8_ble__SCAN_INTR, 0x402e1038)
                0x402e103c                PROVIDE (CyBle_cy_m0s8_ble__SCAN_NEXT_INSTANT, 0x402e103c)
                0x402e103c                PROVIDE (CyBle_cy_m0s8_ble__SCAN_NEXT_INSTANT, 0x402e103c)
                0x402e1040                PROVIDE (CyBle_cy_m0s8_ble__INIT_INTERVAL, 0x402e1040)
                0x402e1040                PROVIDE (CyBle_cy_m0s8_ble__INIT_INTERVAL, 0x402e1040)
                0x402e1044                PROVIDE (CyBle_cy_m0s8_ble__INIT_WINDOW, 0x402e1044)
                0x402e1044                PROVIDE (CyBle_cy_m0s8_ble__INIT_WINDOW, 0x402e1044)
                0x402e1048                PROVIDE (CyBle_cy_m0s8_ble__INIT_PARAM, 0x402e1048)
                0x402e1048                PROVIDE (CyBle_cy_m0s8_ble__INIT_PARAM, 0x402e1048)
                0x402e1050                PROVIDE (CyBle_cy_m0s8_ble__INIT_INTR, 0x402e1050)
                0x402e1050                PROVIDE (CyBle_cy_m0s8_ble__INIT_INTR, 0x402e1050)
                0x402e1054                PROVIDE (CyBle_cy_m0s8_ble__INIT_NEXT_INSTANT, 0x402e1054)
                0x402e1054                PROVIDE (CyBle_cy_m0s8_ble__INIT_NEXT_INSTANT, 0x402e1054)
                0x402e1058                PROVIDE (CyBle_cy_m0s8_ble__DEVICE_RAND_ADDR_L, 0x402e1058)
                0x402e1058                PROVIDE (CyBle_cy_m0s8_ble__DEVICE_RAND_ADDR_L, 0x402e1058)
                0x402e105c                PROVIDE (CyBle_cy_m0s8_ble__DEVICE_RAND_ADDR_M, 0x402e105c)
                0x402e105c                PROVIDE (CyBle_cy_m0s8_ble__DEVICE_RAND_ADDR_M, 0x402e105c)
                0x402e1060                PROVIDE (CyBle_cy_m0s8_ble__DEVICE_RAND_ADDR_H, 0x402e1060)
                0x402e1060                PROVIDE (CyBle_cy_m0s8_ble__DEVICE_RAND_ADDR_H, 0x402e1060)
                0x402e1068                PROVIDE (CyBle_cy_m0s8_ble__PEER_ADDR_L, 0x402e1068)
                0x402e1068                PROVIDE (CyBle_cy_m0s8_ble__PEER_ADDR_L, 0x402e1068)
                0x402e106c                PROVIDE (CyBle_cy_m0s8_ble__PEER_ADDR_M, 0x402e106c)
                0x402e106c                PROVIDE (CyBle_cy_m0s8_ble__PEER_ADDR_M, 0x402e106c)
                0x402e1070                PROVIDE (CyBle_cy_m0s8_ble__PEER_ADDR_H, 0x402e1070)
                0x402e1070                PROVIDE (CyBle_cy_m0s8_ble__PEER_ADDR_H, 0x402e1070)
                0x402e1078                PROVIDE (CyBle_cy_m0s8_ble__WL_ADDR_TYPE, 0x402e1078)
                0x402e1078                PROVIDE (CyBle_cy_m0s8_ble__WL_ADDR_TYPE, 0x402e1078)
                0x402e107c                PROVIDE (CyBle_cy_m0s8_ble__WL_ENABLE, 0x402e107c)
                0x402e107c                PROVIDE (CyBle_cy_m0s8_ble__WL_ENABLE, 0x402e107c)
                0x402e1080                PROVIDE (CyBle_cy_m0s8_ble__TRANSMIT_WINDOW_OFFSET, 0x402e1080)
                0x402e1080                PROVIDE (CyBle_cy_m0s8_ble__TRANSMIT_WINDOW_OFFSET, 0x402e1080)
                0x402e1084                PROVIDE (CyBle_cy_m0s8_ble__TRANSMIT_WINDOW_SIZE, 0x402e1084)
                0x402e1084                PROVIDE (CyBle_cy_m0s8_ble__TRANSMIT_WINDOW_SIZE, 0x402e1084)
                0x402e1088                PROVIDE (CyBle_cy_m0s8_ble__DATA_CHANNELS_L0, 0x402e1088)
                0x402e1088                PROVIDE (CyBle_cy_m0s8_ble__DATA_CHANNELS_L0, 0x402e1088)
                0x402e108c                PROVIDE (CyBle_cy_m0s8_ble__DATA_CHANNELS_M0, 0x402e108c)
                0x402e108c                PROVIDE (CyBle_cy_m0s8_ble__DATA_CHANNELS_M0, 0x402e108c)
                0x402e1090                PROVIDE (CyBle_cy_m0s8_ble__DATA_CHANNELS_H0, 0x402e1090)
                0x402e1090                PROVIDE (CyBle_cy_m0s8_ble__DATA_CHANNELS_H0, 0x402e1090)
                0x402e1098                PROVIDE (CyBle_cy_m0s8_ble__DATA_CHANNELS_L1, 0x402e1098)
                0x402e1098                PROVIDE (CyBle_cy_m0s8_ble__DATA_CHANNELS_L1, 0x402e1098)
                0x402e109c                PROVIDE (CyBle_cy_m0s8_ble__DATA_CHANNELS_M1, 0x402e109c)
                0x402e109c                PROVIDE (CyBle_cy_m0s8_ble__DATA_CHANNELS_M1, 0x402e109c)
                0x402e10a0                PROVIDE (CyBle_cy_m0s8_ble__DATA_CHANNELS_H1, 0x402e10a0)
                0x402e10a0                PROVIDE (CyBle_cy_m0s8_ble__DATA_CHANNELS_H1, 0x402e10a0)
                0x402e10a8                PROVIDE (CyBle_cy_m0s8_ble__CONN_INTR, 0x402e10a8)
                0x402e10a8                PROVIDE (CyBle_cy_m0s8_ble__CONN_INTR, 0x402e10a8)
                0x402e10ac                PROVIDE (CyBle_cy_m0s8_ble__CONN_STATUS, 0x402e10ac)
                0x402e10ac                PROVIDE (CyBle_cy_m0s8_ble__CONN_STATUS, 0x402e10ac)
                0x402e10b0                PROVIDE (CyBle_cy_m0s8_ble__CONN_INDEX, 0x402e10b0)
                0x402e10b0                PROVIDE (CyBle_cy_m0s8_ble__CONN_INDEX, 0x402e10b0)
                0x402e10b8                PROVIDE (CyBle_cy_m0s8_ble__WAKEUP_CONFIG, 0x402e10b8)
                0x402e10b8                PROVIDE (CyBle_cy_m0s8_ble__WAKEUP_CONFIG, 0x402e10b8)