ARM GAS  C:\Users\ADMINI~1\AppData\Local\Temp\ccn3o3Tz.s 			page 1


   1              		.cpu cortex-m0
   2              		.fpu softvfp
   3              		.eabi_attribute 20, 1
   4              		.eabi_attribute 21, 1
   5              		.eabi_attribute 23, 3
   6              		.eabi_attribute 24, 1
   7              		.eabi_attribute 25, 1
   8              		.eabi_attribute 26, 1
   9              		.eabi_attribute 30, 4
  10              		.eabi_attribute 34, 0
  11              		.eabi_attribute 18, 4
  12              		.code	16
  13              		.file	"dmp3Default_20608D.c"
  14              		.text
  15              	.Ltext0:
  16              		.cfi_sections	.debug_frame
  17              	.Letext0:
  18              		.section	.debug_line,"",%progbits
  19              	.Ldebug_line0:
  20              		.section	.debug_str,"MS",%progbits,1
  21              	.LASF0:
  22 0000 2E5C3230 		.ascii	".\\20648_driver\\dmp3a\\dmp3Default_20608D.c\000"
  22      3634385F 
  22      64726976 
  22      65725C64 
  22      6D703361 
  23              	.LASF1:
  24 002a 433A5C55 		.ascii	"C:\\Users\\Administrator\\Desktop\\Temp\\BackBone.c"
  24      73657273 
  24      5C41646D 
  24      696E6973 
  24      74726174 
  25 0058 7977726B 		.ascii	"ywrk.Archive_modified\\BackBone.cywrk.Archive 09302"
  25      2E417263 
  25      68697665 
  25      5F6D6F64 
  25      69666965 
  26 008a 3031365C 		.ascii	"016\\BackBone\\BackBone_Bootloadable.cydsn\000"
  26      4261636B 
  26      426F6E65 
  26      5C426163 
  26      6B426F6E 
  27              	.LASF2:
  28 00b3 474E5520 		.ascii	"GNU C 4.9.3 20150303 (release) [ARM/embedded-4_9-br"
  28      4320342E 
  28      392E3320 
  28      32303135 
  28      30333033 
  29 00e6 616E6368 		.ascii	"anch revision 221220] -mcpu=cortex-m0 -mthumb -g -O"
  29      20726576 
  29      6973696F 
  29      6E203232 
  29      31323230 
  30 0119 73202D66 		.ascii	"s -ffunction-sections -ffat-lto-objects\000"
  30      66756E63 
  30      74696F6E 
  30      2D736563 
ARM GAS  C:\Users\ADMINI~1\AppData\Local\Temp\ccn3o3Tz.s 			page 2


  30      74696F6E 
  31              		.ident	"GCC: (GNU Tools for ARM Embedded Processors) 4.9.3 20150303 (release) [ARM/embedded-4_9-br
