ARM GAS  C:\Users\ADMINI~1\AppData\Local\Temp\ccUEnGW2.s 			page 1


   1              		.cpu cortex-m0
   2              		.fpu softvfp
   3              		.eabi_attribute 20, 1
   4              		.eabi_attribute 21, 1
   5              		.eabi_attribute 23, 3
   6              		.eabi_attribute 24, 1
   7              		.eabi_attribute 25, 1
   8              		.eabi_attribute 26, 1
   9              		.eabi_attribute 30, 4
  10              		.eabi_attribute 34, 0
  11              		.eabi_attribute 18, 4
  12              		.code	16
  13              		.file	"dmp3Default_20608D.c"
  14              		.text
  15              	.Ltext0:
  16              		.cfi_sections	.debug_frame
  17              	.Letext0:
  18              		.section	.debug_line,"",%progbits
  19              	.Ldebug_line0:
  20              		.section	.debug_str,"MS",%progbits,1
  21              	.LASF0:
  22 0000 433A5C44 		.ascii	"C:\\Dropbox\\Projects\\George Posture Correction Pr"
  22      726F7062 
  22      6F785C50 
  22      726F6A65 
  22      6374735C 
  23 0030 6F6A6563 		.ascii	"oject\\BackBone\\BackBone_Bootloadable.cydsn\000"
  23      745C4261 
  23      636B426F 
  23      6E655C42 
  23      61636B42 
  24              	.LASF1:
  25 005b 2E5C3230 		.ascii	".\\20648_driver\\dmp3a\\dmp3Default_20608D.c\000"
  25      3634385F 
  25      64726976 
  25      65725C64 
  25      6D703361 
  26              	.LASF2:
  27 0085 474E5520 		.ascii	"GNU C 4.9.3 20150303 (release) [ARM/embedded-4_9-br"
  27      4320342E 
  27      392E3320 
  27      32303135 
  27      30333033 
  28 00b8 616E6368 		.ascii	"anch revision 221220] -mcpu=cortex-m0 -mthumb -g -O"
  28      20726576 
  28      6973696F 
  28      6E203232 
  28      31323230 
  29 00eb 73202D66 		.ascii	"s -ffunction-sections -ffat-lto-objects\000"
  29      66756E63 
  29      74696F6E 
  29      2D736563 
  29      74696F6E 
  30              		.ident	"GCC: (GNU Tools for ARM Embedded Processors) 4.9.3 20150303 (release) [ARM/embedded-4_9-br
