ARM GAS  C:\Users\ADMINI~1\AppData\Local\Temp\ccXD5ckK.s 			page 1


   1              		.cpu cortex-m0
   2              		.fpu softvfp
   3              		.eabi_attribute 20, 1
   4              		.eabi_attribute 21, 1
   5              		.eabi_attribute 23, 3
   6              		.eabi_attribute 24, 1
   7              		.eabi_attribute 25, 1
   8              		.eabi_attribute 26, 1
   9              		.eabi_attribute 30, 1
  10              		.eabi_attribute 34, 0
  11              		.eabi_attribute 18, 4
  12              		.code	16
  13              		.file	"cyfitter_cfg.c"
  14              		.text
  15              	.Ltext0:
  16              		.cfi_sections	.debug_frame
  17              		.section	.text.AnalogSetDefault,"ax",%progbits
  18              		.align	2
  19              		.code	16
  20              		.thumb_func
  21              		.type	AnalogSetDefault, %function
  22              	AnalogSetDefault:
  23              	.LFB6:
  24              		.file 1 ".\\Generated_Source\\PSoC4\\cyfitter_cfg.c"
   1:.\Generated_Source\PSoC4/cyfitter_cfg.c **** /*******************************************************************************
   2:.\Generated_Source\PSoC4/cyfitter_cfg.c **** * File Name: cyfitter_cfg.c
   3:.\Generated_Source\PSoC4/cyfitter_cfg.c **** * 
   4:.\Generated_Source\PSoC4/cyfitter_cfg.c **** * PSoC Creator  3.3 CP3
   5:.\Generated_Source\PSoC4/cyfitter_cfg.c **** *
   6:.\Generated_Source\PSoC4/cyfitter_cfg.c **** * Description:
   7:.\Generated_Source\PSoC4/cyfitter_cfg.c **** * This file contains device initialization code.
   8:.\Generated_Source\PSoC4/cyfitter_cfg.c **** * Except for the user defined sections in CyClockStartupError(), this file should not be modified.
   9:.\Generated_Source\PSoC4/cyfitter_cfg.c **** * This file is automatically generated by PSoC Creator.
  10:.\Generated_Source\PSoC4/cyfitter_cfg.c **** *
  11:.\Generated_Source\PSoC4/cyfitter_cfg.c **** ********************************************************************************
  12:.\Generated_Source\PSoC4/cyfitter_cfg.c **** * Copyright (c) 2007-2016 Cypress Semiconductor.  All rights reserved.
  13:.\Generated_Source\PSoC4/cyfitter_cfg.c **** * You may use this file only in accordance with the license, terms, conditions, 
  14:.\Generated_Source\PSoC4/cyfitter_cfg.c **** * disclaimers, and limitations in the end user license agreement accompanying 
  15:.\Generated_Source\PSoC4/cyfitter_cfg.c **** * the software package with which this file was provided.
  16:.\Generated_Source\PSoC4/cyfitter_cfg.c **** ********************************************************************************/
  17:.\Generated_Source\PSoC4/cyfitter_cfg.c **** 
  18:.\Generated_Source\PSoC4/cyfitter_cfg.c **** #include <string.h>
  19:.\Generated_Source\PSoC4/cyfitter_cfg.c **** #include "cytypes.h"
  20:.\Generated_Source\PSoC4/cyfitter_cfg.c **** #include "cydevice_trm.h"
  21:.\Generated_Source\PSoC4/cyfitter_cfg.c **** #include "cyfitter.h"
  22:.\Generated_Source\PSoC4/cyfitter_cfg.c **** #include "CyLib.h"
  23:.\Generated_Source\PSoC4/cyfitter_cfg.c **** #include "cyfitter_cfg.h"
  24:.\Generated_Source\PSoC4/cyfitter_cfg.c **** 
  25:.\Generated_Source\PSoC4/cyfitter_cfg.c **** 
  26:.\Generated_Source\PSoC4/cyfitter_cfg.c **** #if defined(__GNUC__) || defined(__ARMCC_VERSION)
  27:.\Generated_Source\PSoC4/cyfitter_cfg.c ****     #define CYPACKED 
  28:.\Generated_Source\PSoC4/cyfitter_cfg.c ****     #define CYPACKED_ATTR __attribute__ ((packed))
  29:.\Generated_Source\PSoC4/cyfitter_cfg.c ****     #define CYALIGNED __attribute__ ((aligned))
  30:.\Generated_Source\PSoC4/cyfitter_cfg.c ****     #define CY_CFG_UNUSED __attribute__ ((unused))
  31:.\Generated_Source\PSoC4/cyfitter_cfg.c ****     #ifndef CY_CFG_SECTION
  32:.\Generated_Source\PSoC4/cyfitter_cfg.c ****         #define CY_CFG_SECTION __attribute__ ((section(".psocinit")))
  33:.\Generated_Source\PSoC4/cyfitter_cfg.c ****     #endif
ARM GAS  C:\Users\ADMINI~1\AppData\Local\Temp\ccXD5ckK.s 			page 2


  34:.\Generated_Source\PSoC4/cyfitter_cfg.c ****     
  35:.\Generated_Source\PSoC4/cyfitter_cfg.c ****     #if defined(__ARMCC_VERSION)
  36:.\Generated_Source\PSoC4/cyfitter_cfg.c ****         #define CY_CFG_MEMORY_BARRIER() __memory_changed()
  37:.\Generated_Source\PSoC4/cyfitter_cfg.c ****     #else
  38:.\Generated_Source\PSoC4/cyfitter_cfg.c ****         #define CY_CFG_MEMORY_BARRIER() __sync_synchronize()
  39:.\Generated_Source\PSoC4/cyfitter_cfg.c ****     #endif
  40:.\Generated_Source\PSoC4/cyfitter_cfg.c ****     
  41:.\Generated_Source\PSoC4/cyfitter_cfg.c **** #elif defined(__ICCARM__)
  42:.\Generated_Source\PSoC4/cyfitter_cfg.c ****     #include <intrinsics.h>
  43:.\Generated_Source\PSoC4/cyfitter_cfg.c **** 
  44:.\Generated_Source\PSoC4/cyfitter_cfg.c ****     #define CYPACKED __packed
  45:.\Generated_Source\PSoC4/cyfitter_cfg.c ****     #define CYPACKED_ATTR 
  46:.\Generated_Source\PSoC4/cyfitter_cfg.c ****     #define CYALIGNED _Pragma("data_alignment=4")
  47:.\Generated_Source\PSoC4/cyfitter_cfg.c ****     #define CY_CFG_UNUSED _Pragma("diag_suppress=Pe177")
  48:.\Generated_Source\PSoC4/cyfitter_cfg.c ****     #define CY_CFG_SECTION _Pragma("location=\".psocinit\"")
  49:.\Generated_Source\PSoC4/cyfitter_cfg.c ****     
  50:.\Generated_Source\PSoC4/cyfitter_cfg.c ****     #define CY_CFG_MEMORY_BARRIER() __DMB()
  51:.\Generated_Source\PSoC4/cyfitter_cfg.c ****     
  52:.\Generated_Source\PSoC4/cyfitter_cfg.c **** #else
  53:.\Generated_Source\PSoC4/cyfitter_cfg.c ****     #error Unsupported toolchain
  54:.\Generated_Source\PSoC4/cyfitter_cfg.c **** #endif
  55:.\Generated_Source\PSoC4/cyfitter_cfg.c **** 
  56:.\Generated_Source\PSoC4/cyfitter_cfg.c **** 
  57:.\Generated_Source\PSoC4/cyfitter_cfg.c **** CY_CFG_UNUSED
  58:.\Generated_Source\PSoC4/cyfitter_cfg.c **** static void CYMEMZERO(void *s, size_t n);
  59:.\Generated_Source\PSoC4/cyfitter_cfg.c **** CY_CFG_UNUSED
  60:.\Generated_Source\PSoC4/cyfitter_cfg.c **** static void CYMEMZERO(void *s, size_t n)
  61:.\Generated_Source\PSoC4/cyfitter_cfg.c **** {
  62:.\Generated_Source\PSoC4/cyfitter_cfg.c **** 	(void)memset(s, 0, n);
  63:.\Generated_Source\PSoC4/cyfitter_cfg.c **** }
  64:.\Generated_Source\PSoC4/cyfitter_cfg.c **** CY_CFG_UNUSED
  65:.\Generated_Source\PSoC4/cyfitter_cfg.c **** static void CYCONFIGCPY(void *dest, const void *src, size_t n);
  66:.\Generated_Source\PSoC4/cyfitter_cfg.c **** CY_CFG_UNUSED
  67:.\Generated_Source\PSoC4/cyfitter_cfg.c **** static void CYCONFIGCPY(void *dest, const void *src, size_t n)
  68:.\Generated_Source\PSoC4/cyfitter_cfg.c **** {
  69:.\Generated_Source\PSoC4/cyfitter_cfg.c **** 	(void)memcpy(dest, src, n);
  70:.\Generated_Source\PSoC4/cyfitter_cfg.c **** }
  71:.\Generated_Source\PSoC4/cyfitter_cfg.c **** CY_CFG_UNUSED
  72:.\Generated_Source\PSoC4/cyfitter_cfg.c **** static void CYCONFIGCPYCODE(void *dest, const void *src, size_t n);
  73:.\Generated_Source\PSoC4/cyfitter_cfg.c **** CY_CFG_UNUSED
  74:.\Generated_Source\PSoC4/cyfitter_cfg.c **** static void CYCONFIGCPYCODE(void *dest, const void *src, size_t n)
  75:.\Generated_Source\PSoC4/cyfitter_cfg.c **** {
  76:.\Generated_Source\PSoC4/cyfitter_cfg.c **** 	(void)memcpy(dest, src, n);
  77:.\Generated_Source\PSoC4/cyfitter_cfg.c **** }
  78:.\Generated_Source\PSoC4/cyfitter_cfg.c **** 
  79:.\Generated_Source\PSoC4/cyfitter_cfg.c **** 
  80:.\Generated_Source\PSoC4/cyfitter_cfg.c **** 
  81:.\Generated_Source\PSoC4/cyfitter_cfg.c **** /* Clock startup error codes                                                   */
  82:.\Generated_Source\PSoC4/cyfitter_cfg.c **** #define CYCLOCKSTART_NO_ERROR    0u
  83:.\Generated_Source\PSoC4/cyfitter_cfg.c **** #define CYCLOCKSTART_XTAL_ERROR  1u
  84:.\Generated_Source\PSoC4/cyfitter_cfg.c **** #define CYCLOCKSTART_32KHZ_ERROR 2u
  85:.\Generated_Source\PSoC4/cyfitter_cfg.c **** #define CYCLOCKSTART_PLL_ERROR   3u
  86:.\Generated_Source\PSoC4/cyfitter_cfg.c **** 
  87:.\Generated_Source\PSoC4/cyfitter_cfg.c **** #ifdef CY_NEED_CYCLOCKSTARTUPERROR
  88:.\Generated_Source\PSoC4/cyfitter_cfg.c **** /*******************************************************************************
  89:.\Generated_Source\PSoC4/cyfitter_cfg.c **** * Function Name: CyClockStartupError
  90:.\Generated_Source\PSoC4/cyfitter_cfg.c **** ********************************************************************************
ARM GAS  C:\Users\ADMINI~1\AppData\Local\Temp\ccXD5ckK.s 			page 3


  91:.\Generated_Source\PSoC4/cyfitter_cfg.c **** * Summary:
  92:.\Generated_Source\PSoC4/cyfitter_cfg.c **** *  If an error is encountered during clock configuration (crystal startup error,
  93:.\Generated_Source\PSoC4/cyfitter_cfg.c **** *  PLL lock error, etc.), the system will end up here.  Unless reimplemented by
  94:.\Generated_Source\PSoC4/cyfitter_cfg.c **** *  the customer, this function will stop in an infinite loop.
  95:.\Generated_Source\PSoC4/cyfitter_cfg.c **** *
  96:.\Generated_Source\PSoC4/cyfitter_cfg.c **** * Parameters:
  97:.\Generated_Source\PSoC4/cyfitter_cfg.c **** *   void
  98:.\Generated_Source\PSoC4/cyfitter_cfg.c **** *
  99:.\Generated_Source\PSoC4/cyfitter_cfg.c **** * Return:
 100:.\Generated_Source\PSoC4/cyfitter_cfg.c **** *   void
 101:.\Generated_Source\PSoC4/cyfitter_cfg.c **** *
 102:.\Generated_Source\PSoC4/cyfitter_cfg.c **** *******************************************************************************/
 103:.\Generated_Source\PSoC4/cyfitter_cfg.c **** CY_CFG_UNUSED
 104:.\Generated_Source\PSoC4/cyfitter_cfg.c **** static void CyClockStartupError(uint8 errorCode);
 105:.\Generated_Source\PSoC4/cyfitter_cfg.c **** CY_CFG_UNUSED
 106:.\Generated_Source\PSoC4/cyfitter_cfg.c **** static void CyClockStartupError(uint8 errorCode)
 107:.\Generated_Source\PSoC4/cyfitter_cfg.c **** {
 108:.\Generated_Source\PSoC4/cyfitter_cfg.c ****     /* To remove the compiler warning if errorCode not used.                */
 109:.\Generated_Source\PSoC4/cyfitter_cfg.c ****     errorCode = errorCode;
 110:.\Generated_Source\PSoC4/cyfitter_cfg.c **** 
 111:.\Generated_Source\PSoC4/cyfitter_cfg.c ****     /* `#START CyClockStartupError` */
 112:.\Generated_Source\PSoC4/cyfitter_cfg.c **** 
 113:.\Generated_Source\PSoC4/cyfitter_cfg.c ****     /* If we have a clock startup error (bad MHz crystal, PLL lock, etc.),  */
 114:.\Generated_Source\PSoC4/cyfitter_cfg.c ****     /* we will end up here to allow the customer to implement something to  */
 115:.\Generated_Source\PSoC4/cyfitter_cfg.c ****     /* deal with the clock condition.                                       */
 116:.\Generated_Source\PSoC4/cyfitter_cfg.c **** 
 117:.\Generated_Source\PSoC4/cyfitter_cfg.c ****     /* `#END` */
 118:.\Generated_Source\PSoC4/cyfitter_cfg.c **** 
 119:.\Generated_Source\PSoC4/cyfitter_cfg.c ****     /* If nothing else, stop here since the clocks have not started         */
 120:.\Generated_Source\PSoC4/cyfitter_cfg.c ****     /* correctly.                                                           */
 121:.\Generated_Source\PSoC4/cyfitter_cfg.c ****     while(1) {}
 122:.\Generated_Source\PSoC4/cyfitter_cfg.c **** }
 123:.\Generated_Source\PSoC4/cyfitter_cfg.c **** #endif
 124:.\Generated_Source\PSoC4/cyfitter_cfg.c **** 
 125:.\Generated_Source\PSoC4/cyfitter_cfg.c **** 
 126:.\Generated_Source\PSoC4/cyfitter_cfg.c **** 
 127:.\Generated_Source\PSoC4/cyfitter_cfg.c **** /*******************************************************************************
 128:.\Generated_Source\PSoC4/cyfitter_cfg.c **** * Function Name: ClockSetup
 129:.\Generated_Source\PSoC4/cyfitter_cfg.c **** ********************************************************************************
 130:.\Generated_Source\PSoC4/cyfitter_cfg.c **** *
 131:.\Generated_Source\PSoC4/cyfitter_cfg.c **** * Summary:
 132:.\Generated_Source\PSoC4/cyfitter_cfg.c **** *   Performs the initialization of all of the clocks in the device based on the
 133:.\Generated_Source\PSoC4/cyfitter_cfg.c **** *   settings in the Clock tab of the DWR.  This includes enabling the requested
 134:.\Generated_Source\PSoC4/cyfitter_cfg.c **** *   clocks and setting the necessary dividers to produce the desired frequency. 
 135:.\Generated_Source\PSoC4/cyfitter_cfg.c **** *
 136:.\Generated_Source\PSoC4/cyfitter_cfg.c **** * Parameters:
 137:.\Generated_Source\PSoC4/cyfitter_cfg.c **** *   void
 138:.\Generated_Source\PSoC4/cyfitter_cfg.c **** *
 139:.\Generated_Source\PSoC4/cyfitter_cfg.c **** * Return:
 140:.\Generated_Source\PSoC4/cyfitter_cfg.c **** *   void
 141:.\Generated_Source\PSoC4/cyfitter_cfg.c **** *
 142:.\Generated_Source\PSoC4/cyfitter_cfg.c **** *******************************************************************************/
 143:.\Generated_Source\PSoC4/cyfitter_cfg.c **** static void ClockSetup(void);
 144:.\Generated_Source\PSoC4/cyfitter_cfg.c **** CY_CFG_SECTION
 145:.\Generated_Source\PSoC4/cyfitter_cfg.c **** static void ClockSetup(void)
 146:.\Generated_Source\PSoC4/cyfitter_cfg.c **** {
 147:.\Generated_Source\PSoC4/cyfitter_cfg.c **** 
ARM GAS  C:\Users\ADMINI~1\AppData\Local\Temp\ccXD5ckK.s 			page 4


 148:.\Generated_Source\PSoC4/cyfitter_cfg.c **** 	/* Set Flash Cycles based on max possible frequency in case a glitch occurs during ClockSetup(). *
 149:.\Generated_Source\PSoC4/cyfitter_cfg.c **** 	CY_SET_REG32((void CYXDATA *)(CYREG_CPUSS_FLASH_CTL), (0x0012u));
 150:.\Generated_Source\PSoC4/cyfitter_cfg.c **** 
 151:.\Generated_Source\PSoC4/cyfitter_cfg.c **** 	/* Start the WCO */
 152:.\Generated_Source\PSoC4/cyfitter_cfg.c **** 	CySysClkWcoStart();
 153:.\Generated_Source\PSoC4/cyfitter_cfg.c **** 	CyDelayCycles(12000000u); /* WCO may take up to 500ms to start */
 154:.\Generated_Source\PSoC4/cyfitter_cfg.c **** 	(void)CySysClkWcoSetPowerMode(CY_SYS_CLK_WCO_LPM);    /* Switch to the low power mode */
 155:.\Generated_Source\PSoC4/cyfitter_cfg.c **** 
 156:.\Generated_Source\PSoC4/cyfitter_cfg.c **** 	/* Setup and trim IMO based on desired frequency. */
 157:.\Generated_Source\PSoC4/cyfitter_cfg.c **** 	CySysClkWriteImoFreq(48u);
 158:.\Generated_Source\PSoC4/cyfitter_cfg.c **** 	/* CYDEV_CLK_ILO_CONFIG Starting address: CYDEV_CLK_ILO_CONFIG */
 159:.\Generated_Source\PSoC4/cyfitter_cfg.c **** 	CY_SET_XTND_REG32((void CYFAR *)(CYREG_CLK_ILO_CONFIG), 0x80000006u);
 160:.\Generated_Source\PSoC4/cyfitter_cfg.c **** 
 161:.\Generated_Source\PSoC4/cyfitter_cfg.c **** 	/* CYDEV_WDT_CONFIG Starting address: CYDEV_WDT_CONFIG */
 162:.\Generated_Source\PSoC4/cyfitter_cfg.c **** 	CY_SET_XTND_REG32((void CYFAR *)(CYREG_WDT_CONFIG), 0x40000000u);
 163:.\Generated_Source\PSoC4/cyfitter_cfg.c **** 
 164:.\Generated_Source\PSoC4/cyfitter_cfg.c **** 
 165:.\Generated_Source\PSoC4/cyfitter_cfg.c **** 	/* Enable fast start mode for XO */
 166:.\Generated_Source\PSoC4/cyfitter_cfg.c **** 	CY_SET_REG32((void*)CYREG_BLE_BLERD_BB_XO, CY_GET_REG32((void*)CYREG_BLE_BLERD_BB_XO) | (uint32)0x
 167:.\Generated_Source\PSoC4/cyfitter_cfg.c **** 	CY_SET_XTND_REG32((void CYFAR *)(CYREG_BLE_BLERD_BB_XO_CAPTRIM), 0x00002D6Au);
 168:.\Generated_Source\PSoC4/cyfitter_cfg.c **** 	/* Disable Crystal Stable Interrupt before enabling ECO */
 169:.\Generated_Source\PSoC4/cyfitter_cfg.c **** 	CY_SET_REG32((void*)CYREG_BLE_BLESS_LL_DSM_CTRL, CY_GET_REG32((void*)CYREG_BLE_BLESS_LL_DSM_CTRL) 
 170:.\Generated_Source\PSoC4/cyfitter_cfg.c **** 	/* Start the ECO and do not check status since it is not needed for HFCLK */
 171:.\Generated_Source\PSoC4/cyfitter_cfg.c **** 	(void)CySysClkEcoStart(2000u);
 172:.\Generated_Source\PSoC4/cyfitter_cfg.c **** 	CyDelayUs(1500u); /* Wait to stabalize */
 173:.\Generated_Source\PSoC4/cyfitter_cfg.c **** 
 174:.\Generated_Source\PSoC4/cyfitter_cfg.c **** 	/* Setup phase aligned clocks */
 175:.\Generated_Source\PSoC4/cyfitter_cfg.c **** 
 176:.\Generated_Source\PSoC4/cyfitter_cfg.c **** 	/* CYDEV_CLK_IMO_CONFIG Starting address: CYDEV_CLK_IMO_CONFIG */
 177:.\Generated_Source\PSoC4/cyfitter_cfg.c **** 	CY_SET_XTND_REG32((void CYFAR *)(CYREG_CLK_IMO_CONFIG), 0x80000000u);
 178:.\Generated_Source\PSoC4/cyfitter_cfg.c **** 
 179:.\Generated_Source\PSoC4/cyfitter_cfg.c **** 	/* CYDEV_CLK_SELECT Starting address: CYDEV_CLK_SELECT */
 180:.\Generated_Source\PSoC4/cyfitter_cfg.c **** 	CY_SET_XTND_REG32((void CYFAR *)(CYREG_CLK_SELECT), 0x00080000u);
 181:.\Generated_Source\PSoC4/cyfitter_cfg.c **** 
 182:.\Generated_Source\PSoC4/cyfitter_cfg.c **** 	CY_SET_XTND_REG32((void CYFAR *)(CYREG_WDT_CONFIG), 0x40000000u);
 183:.\Generated_Source\PSoC4/cyfitter_cfg.c **** }
 184:.\Generated_Source\PSoC4/cyfitter_cfg.c **** 
 185:.\Generated_Source\PSoC4/cyfitter_cfg.c **** 
 186:.\Generated_Source\PSoC4/cyfitter_cfg.c **** /* Analog API Functions */
 187:.\Generated_Source\PSoC4/cyfitter_cfg.c **** 
 188:.\Generated_Source\PSoC4/cyfitter_cfg.c **** 
 189:.\Generated_Source\PSoC4/cyfitter_cfg.c **** /*******************************************************************************
 190:.\Generated_Source\PSoC4/cyfitter_cfg.c **** * Function Name: AnalogSetDefault
 191:.\Generated_Source\PSoC4/cyfitter_cfg.c **** ********************************************************************************
 192:.\Generated_Source\PSoC4/cyfitter_cfg.c **** *
 193:.\Generated_Source\PSoC4/cyfitter_cfg.c **** * Summary:
 194:.\Generated_Source\PSoC4/cyfitter_cfg.c **** *  Sets up the analog portions of the chip to default values based on chip
 195:.\Generated_Source\PSoC4/cyfitter_cfg.c **** *  configuration options from the project.
 196:.\Generated_Source\PSoC4/cyfitter_cfg.c **** *
 197:.\Generated_Source\PSoC4/cyfitter_cfg.c **** * Parameters:
 198:.\Generated_Source\PSoC4/cyfitter_cfg.c **** *  void
 199:.\Generated_Source\PSoC4/cyfitter_cfg.c **** *
 200:.\Generated_Source\PSoC4/cyfitter_cfg.c **** * Return:
 201:.\Generated_Source\PSoC4/cyfitter_cfg.c **** *  void
 202:.\Generated_Source\PSoC4/cyfitter_cfg.c **** *
 203:.\Generated_Source\PSoC4/cyfitter_cfg.c **** *******************************************************************************/
 204:.\Generated_Source\PSoC4/cyfitter_cfg.c **** static void AnalogSetDefault(void);
ARM GAS  C:\Users\ADMINI~1\AppData\Local\Temp\ccXD5ckK.s 			page 5


 205:.\Generated_Source\PSoC4/cyfitter_cfg.c **** static void AnalogSetDefault(void)
 206:.\Generated_Source\PSoC4/cyfitter_cfg.c **** {
  25              		.loc 1 206 0
  26              		.cfi_startproc
 207:.\Generated_Source\PSoC4/cyfitter_cfg.c **** 	CY_SET_XTND_REG32((void CYFAR *)CYREG_CTBM0_DFT_CTRL, 0x00000003u);
  27              		.loc 1 207 0
  28 0000 0323     		mov	r3, #3
  29 0002 044A     		ldr	r2, .L2
  30 0004 1360     		str	r3, [r2]
 208:.\Generated_Source\PSoC4/cyfitter_cfg.c **** 	CY_SET_XTND_REG32((void CYFAR *)CYREG_CTBM1_DFT_CTRL, 0x00000003u);
  31              		.loc 1 208 0
  32 0006 044A     		ldr	r2, .L2+4
  33 0008 1360     		str	r3, [r2]
 209:.\Generated_Source\PSoC4/cyfitter_cfg.c **** 	CY_SET_XTND_REG32((void CYFAR *)CYREG_PASS_DSAB_DSAB_CTRL, 0x00000000u);
  34              		.loc 1 209 0
  35 000a 0022     		mov	r2, #0
  36 000c 034B     		ldr	r3, .L2+8
  37 000e 1A60     		str	r2, [r3]
 210:.\Generated_Source\PSoC4/cyfitter_cfg.c **** }
  38              		.loc 1 210 0
  39              		@ sp needed
  40 0010 7047     		bx	lr
  41              	.L3:
  42 0012 C046     		.align	2
  43              	.L2:
  44 0014 30003040 		.word	1076887600
  45 0018 30003140 		.word	1076953136
  46 001c 000E3F40 		.word	1077874176
  47              		.cfi_endproc
  48              	.LFE6:
  49              		.size	AnalogSetDefault, .-AnalogSetDefault
  50              		.section	.text.CYMEMZERO,"ax",%progbits
  51              		.align	2
  52              		.code	16
  53              		.thumb_func
  54              		.type	CYMEMZERO, %function
  55              	CYMEMZERO:
  56              	.LFB2:
  61:.\Generated_Source\PSoC4/cyfitter_cfg.c **** 	(void)memset(s, 0, n);
  57              		.loc 1 61 0
  58              		.cfi_startproc
  59              	.LVL0:
  60 0000 08B5     		push	{r3, lr}
  61              		.cfi_def_cfa_offset 8
  62              		.cfi_offset 3, -8
  63              		.cfi_offset 14, -4
  64 0002 0A1C     		mov	r2, r1
  62:.\Generated_Source\PSoC4/cyfitter_cfg.c **** }
  65              		.loc 1 62 0
  66 0004 0021     		mov	r1, #0
  67              	.LVL1:
  68 0006 FFF7FEFF 		bl	memset
  69              	.LVL2:
  63:.\Generated_Source\PSoC4/cyfitter_cfg.c **** CY_CFG_UNUSED
  70              		.loc 1 63 0
  71              		@ sp needed
  72 000a 08BD     		pop	{r3, pc}
ARM GAS  C:\Users\ADMINI~1\AppData\Local\Temp\ccXD5ckK.s 			page 6


  73              		.cfi_endproc
  74              	.LFE2:
  75              		.size	CYMEMZERO, .-CYMEMZERO
  76              		.section	.psocinit,"ax",%progbits
  77              		.align	2
  78              		.code	16
  79              		.thumb_func
  80              		.type	ClockSetup, %function
  81              	ClockSetup:
  82              	.LFB5:
 146:.\Generated_Source\PSoC4/cyfitter_cfg.c **** 
  83              		.loc 1 146 0
  84              		.cfi_startproc
  85 0000 38B5     		push	{r3, r4, r5, lr}
  86              		.cfi_def_cfa_offset 16
  87              		.cfi_offset 3, -16
  88              		.cfi_offset 4, -12
  89              		.cfi_offset 5, -8
  90              		.cfi_offset 14, -4
 149:.\Generated_Source\PSoC4/cyfitter_cfg.c **** 
  91              		.loc 1 149 0
  92 0002 1222     		mov	r2, #18
  93 0004 184B     		ldr	r3, .L6
  94 0006 1A60     		str	r2, [r3]
 152:.\Generated_Source\PSoC4/cyfitter_cfg.c **** 	CyDelayCycles(12000000u); /* WCO may take up to 500ms to start */
  95              		.loc 1 152 0
  96 0008 FFF7FEFF 		bl	CySysClkWcoStart
  97              	.LVL3:
 153:.\Generated_Source\PSoC4/cyfitter_cfg.c **** 	(void)CySysClkWcoSetPowerMode(CY_SYS_CLK_WCO_LPM);    /* Switch to the low power mode */
  98              		.loc 1 153 0
  99 000c 1748     		ldr	r0, .L6+4
 100 000e FFF7FEFF 		bl	CyDelayCycles
 101              	.LVL4:
 154:.\Generated_Source\PSoC4/cyfitter_cfg.c **** 
 102              		.loc 1 154 0
 103 0012 0120     		mov	r0, #1
 104 0014 FFF7FEFF 		bl	CySysClkWcoSetPowerMode
 105              	.LVL5:
 157:.\Generated_Source\PSoC4/cyfitter_cfg.c **** 	/* CYDEV_CLK_ILO_CONFIG Starting address: CYDEV_CLK_ILO_CONFIG */
 106              		.loc 1 157 0
 107 0018 3020     		mov	r0, #48
 108 001a FFF7FEFF 		bl	CySysClkWriteImoFreq
 109              	.LVL6:
 159:.\Generated_Source\PSoC4/cyfitter_cfg.c **** 
 110              		.loc 1 159 0
 111 001e 144A     		ldr	r2, .L6+8
 112 0020 144B     		ldr	r3, .L6+12
 113 0022 1A60     		str	r2, [r3]
 162:.\Generated_Source\PSoC4/cyfitter_cfg.c **** 
 114              		.loc 1 162 0
 115 0024 144C     		ldr	r4, .L6+16
 116 0026 8025     		mov	r5, #128
 117 0028 ED05     		lsl	r5, r5, #23
 118 002a 2560     		str	r5, [r4]
 166:.\Generated_Source\PSoC4/cyfitter_cfg.c **** 	CY_SET_XTND_REG32((void CYFAR *)(CYREG_BLE_BLERD_BB_XO_CAPTRIM), 0x00002D6Au);
 119              		.loc 1 166 0
 120 002c 134A     		ldr	r2, .L6+20
ARM GAS  C:\Users\ADMINI~1\AppData\Local\Temp\ccXD5ckK.s 			page 7


 121 002e 1168     		ldr	r1, [r2]
 122 0030 0223     		mov	r3, #2
 123 0032 0B43     		orr	r3, r1
 124 0034 1360     		str	r3, [r2]
 167:.\Generated_Source\PSoC4/cyfitter_cfg.c **** 	/* Disable Crystal Stable Interrupt before enabling ECO */
 125              		.loc 1 167 0
 126 0036 124A     		ldr	r2, .L6+24
 127 0038 124B     		ldr	r3, .L6+28
 128 003a 1A60     		str	r2, [r3]
 169:.\Generated_Source\PSoC4/cyfitter_cfg.c **** 	/* Start the ECO and do not check status since it is not needed for HFCLK */
 129              		.loc 1 169 0
 130 003c 124A     		ldr	r2, .L6+32
 131 003e 1368     		ldr	r3, [r2]
 132 0040 0821     		mov	r1, #8
 133 0042 8B43     		bic	r3, r1
 134 0044 1360     		str	r3, [r2]
 171:.\Generated_Source\PSoC4/cyfitter_cfg.c **** 	CyDelayUs(1500u); /* Wait to stabalize */
 135              		.loc 1 171 0
 136 0046 FA20     		mov	r0, #250
 137 0048 C000     		lsl	r0, r0, #3
 138 004a FFF7FEFF 		bl	CySysClkEcoStart
 139              	.LVL7:
 172:.\Generated_Source\PSoC4/cyfitter_cfg.c **** 
 140              		.loc 1 172 0
 141 004e 0F48     		ldr	r0, .L6+36
 142 0050 FFF7FEFF 		bl	CyDelayUs
 143              	.LVL8:
 177:.\Generated_Source\PSoC4/cyfitter_cfg.c **** 
 144              		.loc 1 177 0
 145 0054 8022     		mov	r2, #128
 146 0056 1206     		lsl	r2, r2, #24
 147 0058 0D4B     		ldr	r3, .L6+40
 148 005a 1A60     		str	r2, [r3]
 180:.\Generated_Source\PSoC4/cyfitter_cfg.c **** 
 149              		.loc 1 180 0
 150 005c 8022     		mov	r2, #128
 151 005e 1203     		lsl	r2, r2, #12
 152 0060 0C4B     		ldr	r3, .L6+44
 153 0062 1A60     		str	r2, [r3]
 182:.\Generated_Source\PSoC4/cyfitter_cfg.c **** }
 154              		.loc 1 182 0
 155 0064 2560     		str	r5, [r4]
 183:.\Generated_Source\PSoC4/cyfitter_cfg.c **** 
 156              		.loc 1 183 0
 157              		@ sp needed
 158 0066 38BD     		pop	{r3, r4, r5, pc}
 159              	.L7:
 160              		.align	2
 161              	.L6:
 162 0068 30001040 		.word	1074790448
 163 006c 001BB700 		.word	12000000
 164 0070 06000080 		.word	-2147483642
 165 0074 04010B40 		.word	1074462980
 166 0078 0C020B40 		.word	1074463244
 167 007c 78002E40 		.word	1076756600
 168 0080 6A2D0000 		.word	11626
 169 0084 7C002E40 		.word	1076756604
ARM GAS  C:\Users\ADMINI~1\AppData\Local\Temp\ccXD5ckK.s 			page 8


 170 0088 6CF02E40 		.word	1076818028
 171 008c DC050000 		.word	1500
 172 0090 08010B40 		.word	1074462984
 173 0094 00010B40 		.word	1074462976
 174              		.cfi_endproc
 175              	.LFE5:
 176              		.size	ClockSetup, .-ClockSetup
 177              		.align	2
 178              		.global	cyfitter_cfg
 179              		.code	16
 180              		.thumb_func
 181              		.type	cyfitter_cfg, %function
 182              	cyfitter_cfg:
 183              	.LFB7:
 211:.\Generated_Source\PSoC4/cyfitter_cfg.c **** 
 212:.\Generated_Source\PSoC4/cyfitter_cfg.c **** #define CY_AMUX_UNUSED CYREG_CM0_ROM_DWT
 213:.\Generated_Source\PSoC4/cyfitter_cfg.c **** 
 214:.\Generated_Source\PSoC4/cyfitter_cfg.c **** 
 215:.\Generated_Source\PSoC4/cyfitter_cfg.c **** /*******************************************************************************
 216:.\Generated_Source\PSoC4/cyfitter_cfg.c **** * Function Name: cyfitter_cfg
 217:.\Generated_Source\PSoC4/cyfitter_cfg.c **** ********************************************************************************
 218:.\Generated_Source\PSoC4/cyfitter_cfg.c **** * Summary:
 219:.\Generated_Source\PSoC4/cyfitter_cfg.c **** *  This function is called by the start-up code for the selected device. It
 220:.\Generated_Source\PSoC4/cyfitter_cfg.c **** *  performs all of the necessary device configuration based on the design
 221:.\Generated_Source\PSoC4/cyfitter_cfg.c **** *  settings.  This includes settings from the Design Wide Resources (DWR) such
 222:.\Generated_Source\PSoC4/cyfitter_cfg.c **** *  as Clocks and Pins as well as any component configuration that is necessary.
 223:.\Generated_Source\PSoC4/cyfitter_cfg.c **** *
 224:.\Generated_Source\PSoC4/cyfitter_cfg.c **** * Parameters:  
 225:.\Generated_Source\PSoC4/cyfitter_cfg.c **** *   void
 226:.\Generated_Source\PSoC4/cyfitter_cfg.c **** *
 227:.\Generated_Source\PSoC4/cyfitter_cfg.c **** * Return:
 228:.\Generated_Source\PSoC4/cyfitter_cfg.c **** *   void
 229:.\Generated_Source\PSoC4/cyfitter_cfg.c **** *
 230:.\Generated_Source\PSoC4/cyfitter_cfg.c **** *******************************************************************************/
 231:.\Generated_Source\PSoC4/cyfitter_cfg.c **** CY_CFG_SECTION
 232:.\Generated_Source\PSoC4/cyfitter_cfg.c **** void cyfitter_cfg(void)
 233:.\Generated_Source\PSoC4/cyfitter_cfg.c **** {
 184              		.loc 1 233 0
 185              		.cfi_startproc
 186 0098 10B5     		push	{r4, lr}
 187              		.cfi_def_cfa_offset 8
 188              		.cfi_offset 4, -8
 189              		.cfi_offset 14, -4
 234:.\Generated_Source\PSoC4/cyfitter_cfg.c **** 	/* Disable interrupts by default. Let user enable if/when they want. */
 235:.\Generated_Source\PSoC4/cyfitter_cfg.c **** 	CyGlobalIntDisable;
 190              		.loc 1 235 0
 191              	@ 235 ".\Generated_Source\PSoC4\cyfitter_cfg.c" 1
 192 009a 72B6     		CPSID   i
 193              	@ 0 "" 2
 236:.\Generated_Source\PSoC4/cyfitter_cfg.c **** 
 237:.\Generated_Source\PSoC4/cyfitter_cfg.c **** 	CY_SET_XTND_REG32((void CYFAR *)(CYREG_BLE_BLESS_LL_DSM_CTRL), 0x00000000u);
 194              		.loc 1 237 0
 195              		.code	16
 196 009c 0022     		mov	r2, #0
 197 009e 284B     		ldr	r3, .L11
 198 00a0 1A60     		str	r2, [r3]
 199              	.LVL9:
ARM GAS  C:\Users\ADMINI~1\AppData\Local\Temp\ccXD5ckK.s 			page 9


 200              	.LBB2:
 238:.\Generated_Source\PSoC4/cyfitter_cfg.c **** 
 239:.\Generated_Source\PSoC4/cyfitter_cfg.c **** 	{
 240:.\Generated_Source\PSoC4/cyfitter_cfg.c **** 
 241:.\Generated_Source\PSoC4/cyfitter_cfg.c **** 		CYPACKED typedef struct {
 242:.\Generated_Source\PSoC4/cyfitter_cfg.c **** 			void CYFAR *address;
 243:.\Generated_Source\PSoC4/cyfitter_cfg.c **** 			uint16 size;
 244:.\Generated_Source\PSoC4/cyfitter_cfg.c **** 		} CYPACKED_ATTR cfg_memset_t;
 245:.\Generated_Source\PSoC4/cyfitter_cfg.c **** 
 246:.\Generated_Source\PSoC4/cyfitter_cfg.c **** 		static const cfg_memset_t CYCODE cfg_memset_list [] = {
 247:.\Generated_Source\PSoC4/cyfitter_cfg.c **** 			/* address, size */
 248:.\Generated_Source\PSoC4/cyfitter_cfg.c **** 			{(void CYFAR *)(CYDEV_UDB_P0_U0_BASE), 1024u},
 249:.\Generated_Source\PSoC4/cyfitter_cfg.c **** 			{(void CYFAR *)(CYDEV_UDB_DSI0_BASE), 1024u},
 250:.\Generated_Source\PSoC4/cyfitter_cfg.c **** 		};
 251:.\Generated_Source\PSoC4/cyfitter_cfg.c **** 
 252:.\Generated_Source\PSoC4/cyfitter_cfg.c **** 		uint8 CYDATA i;
 253:.\Generated_Source\PSoC4/cyfitter_cfg.c **** 
 254:.\Generated_Source\PSoC4/cyfitter_cfg.c **** 		/* Zero out critical memory blocks before beginning configuration */
 255:.\Generated_Source\PSoC4/cyfitter_cfg.c **** 		for (i = 0u; i < (sizeof(cfg_memset_list)/sizeof(cfg_memset_list[0])); i++)
 201              		.loc 1 255 0
 202 00a2 0024     		mov	r4, #0
 203 00a4 10E0     		b	.L9
 204              	.LVL10:
 205              	.L10:
 206              	.LBB3:
 256:.\Generated_Source\PSoC4/cyfitter_cfg.c **** 		{
 257:.\Generated_Source\PSoC4/cyfitter_cfg.c **** 			const cfg_memset_t CYCODE * CYDATA ms = &cfg_memset_list[i];
 258:.\Generated_Source\PSoC4/cyfitter_cfg.c **** 			CYMEMZERO(ms->address, (size_t)(uint32)(ms->size));
 207              		.loc 1 258 0 discriminator 3
 208 00a6 2748     		ldr	r0, .L11+4
 209 00a8 6300     		lsl	r3, r4, #1
 210 00aa 1A19     		add	r2, r3, r4
 211 00ac 5200     		lsl	r2, r2, #1
 212 00ae 8218     		add	r2, r0, r2
 213 00b0 9188     		ldrh	r1, [r2, #4]
 214 00b2 1B19     		add	r3, r3, r4
 215 00b4 5B00     		lsl	r3, r3, #1
 216 00b6 1A5A     		ldrh	r2, [r3, r0]
 217 00b8 C318     		add	r3, r0, r3
 218 00ba 5888     		ldrh	r0, [r3, #2]
 219 00bc 0004     		lsl	r0, r0, #16
 220 00be 1043     		orr	r0, r2
 221 00c0 FFF7FEFF 		bl	CYMEMZERO
 222              	.LVL11:
 223              	.LBE3:
 255:.\Generated_Source\PSoC4/cyfitter_cfg.c **** 		{
 224              		.loc 1 255 0 discriminator 3
 225 00c4 0134     		add	r4, r4, #1
 226              	.LVL12:
 227 00c6 E4B2     		uxtb	r4, r4
 228              	.LVL13:
 229              	.L9:
 255:.\Generated_Source\PSoC4/cyfitter_cfg.c **** 		{
 230              		.loc 1 255 0 is_stmt 0 discriminator 1
 231 00c8 012C     		cmp	r4, #1
 232 00ca ECD9     		bls	.L10
 259:.\Generated_Source\PSoC4/cyfitter_cfg.c **** 		}
ARM GAS  C:\Users\ADMINI~1\AppData\Local\Temp\ccXD5ckK.s 			page 10


 260:.\Generated_Source\PSoC4/cyfitter_cfg.c **** 
 261:.\Generated_Source\PSoC4/cyfitter_cfg.c **** 		/* HSIOM Starting address: CYDEV_HSIOM_BASE */
 262:.\Generated_Source\PSoC4/cyfitter_cfg.c **** 		CY_SET_XTND_REG32((void CYFAR *)(CYDEV_HSIOM_BASE), 0xEE000000u);
 233              		.loc 1 262 0 is_stmt 1
 234 00cc EE22     		mov	r2, #238
 235 00ce 1206     		lsl	r2, r2, #24
 236 00d0 1D4B     		ldr	r3, .L11+8
 237 00d2 1A60     		str	r2, [r3]
 263:.\Generated_Source\PSoC4/cyfitter_cfg.c **** 
 264:.\Generated_Source\PSoC4/cyfitter_cfg.c **** 		/* UDB_PA_0 Starting address: CYDEV_UDB_PA0_BASE */
 265:.\Generated_Source\PSoC4/cyfitter_cfg.c **** 		CY_SET_XTND_REG32((void CYFAR *)(CYDEV_UDB_PA0_BASE), 0x00990000u);
 238              		.loc 1 265 0
 239 00d4 9923     		mov	r3, #153
 240 00d6 1B04     		lsl	r3, r3, #16
 241 00d8 1C4A     		ldr	r2, .L11+12
 242 00da 1360     		str	r3, [r2]
 266:.\Generated_Source\PSoC4/cyfitter_cfg.c **** 
 267:.\Generated_Source\PSoC4/cyfitter_cfg.c **** 		/* UDB_PA_1 Starting address: CYDEV_UDB_PA1_BASE */
 268:.\Generated_Source\PSoC4/cyfitter_cfg.c **** 		CY_SET_XTND_REG32((void CYFAR *)(CYDEV_UDB_PA1_BASE), 0x00990000u);
 243              		.loc 1 268 0
 244 00dc 1C4A     		ldr	r2, .L11+16
 245 00de 1360     		str	r3, [r2]
 269:.\Generated_Source\PSoC4/cyfitter_cfg.c **** 
 270:.\Generated_Source\PSoC4/cyfitter_cfg.c **** 		/* UDB_PA_3 Starting address: CYDEV_UDB_PA3_BASE */
 271:.\Generated_Source\PSoC4/cyfitter_cfg.c **** 		CY_SET_XTND_REG32((void CYFAR *)(CYDEV_UDB_PA3_BASE), 0x00990000u);
 246              		.loc 1 271 0
 247 00e0 1C4A     		ldr	r2, .L11+20
 248 00e2 1360     		str	r3, [r2]
 272:.\Generated_Source\PSoC4/cyfitter_cfg.c **** 
 273:.\Generated_Source\PSoC4/cyfitter_cfg.c **** 		/* Enable digital routing */
 274:.\Generated_Source\PSoC4/cyfitter_cfg.c **** 		CY_SET_XTND_REG8((void *)CYREG_UDB_UDBIF_BANK_CTL, CY_GET_XTND_REG8((void *)CYREG_UDB_UDBIF_BANK_
 249              		.loc 1 274 0
 250 00e4 1C4B     		ldr	r3, .L11+24
 251 00e6 1978     		ldrb	r1, [r3]
 252 00e8 0222     		mov	r2, #2
 253 00ea 0A43     		orr	r2, r1
 254 00ec 1A70     		strb	r2, [r3]
 275:.\Generated_Source\PSoC4/cyfitter_cfg.c **** 
 276:.\Generated_Source\PSoC4/cyfitter_cfg.c **** 		/* Enable UDB array */
 277:.\Generated_Source\PSoC4/cyfitter_cfg.c **** 		CY_SET_XTND_REG8((void *)CYREG_UDB_UDBIF_WAIT_CFG, (uint8)((CY_GET_XTND_REG8((void *)CYREG_UDB_UD
 255              		.loc 1 277 0
 256 00ee 1B48     		ldr	r0, .L11+28
 257 00f0 0278     		ldrb	r2, [r0]
 258 00f2 3C21     		mov	r1, #60
 259 00f4 8A43     		bic	r2, r1
 260 00f6 2839     		sub	r1, r1, #40
 261 00f8 0A43     		orr	r2, r1
 262 00fa 0270     		strb	r2, [r0]
 278:.\Generated_Source\PSoC4/cyfitter_cfg.c **** 		CY_SET_XTND_REG8((void *)CYREG_UDB_UDBIF_BANK_CTL, (uint8)(CY_GET_XTND_REG8((void *)CYREG_UDB_UDB
 263              		.loc 1 278 0
 264 00fc 1978     		ldrb	r1, [r3]
 265 00fe 1622     		mov	r2, #22
 266 0100 0A43     		orr	r2, r1
 267 0102 1A70     		strb	r2, [r3]
 268              	.LBE2:
 279:.\Generated_Source\PSoC4/cyfitter_cfg.c **** 	}
 280:.\Generated_Source\PSoC4/cyfitter_cfg.c **** 
ARM GAS  C:\Users\ADMINI~1\AppData\Local\Temp\ccXD5ckK.s 			page 11


 281:.\Generated_Source\PSoC4/cyfitter_cfg.c **** 	/* Perform second pass device configuration. These items must be configured in specific order afte
 282:.\Generated_Source\PSoC4/cyfitter_cfg.c **** 	/* IOPINS0_0 Starting address: CYDEV_GPIO_PRT0_BASE */
 283:.\Generated_Source\PSoC4/cyfitter_cfg.c **** 	CY_SET_XTND_REG32((void CYFAR *)(CYDEV_GPIO_PRT0_BASE), 0x00000030u);
 269              		.loc 1 283 0
 270 0104 3022     		mov	r2, #48
 271 0106 164B     		ldr	r3, .L11+32
 272 0108 1A60     		str	r2, [r3]
 284:.\Generated_Source\PSoC4/cyfitter_cfg.c **** 	CY_SET_XTND_REG32((void CYFAR *)(CYREG_GPIO_PRT0_PC), 0x00DB2000u);
 273              		.loc 1 284 0
 274 010a 164A     		ldr	r2, .L11+36
 275 010c 164B     		ldr	r3, .L11+40
 276 010e 1A60     		str	r2, [r3]
 285:.\Generated_Source\PSoC4/cyfitter_cfg.c **** 	CY_SET_XTND_REG32((void CYFAR *)(CYREG_GPIO_PRT0_INTR_CFG), 0x00000200u);
 277              		.loc 1 285 0
 278 0110 8022     		mov	r2, #128
 279 0112 9200     		lsl	r2, r2, #2
 280 0114 154B     		ldr	r3, .L11+44
 281 0116 1A60     		str	r2, [r3]
 286:.\Generated_Source\PSoC4/cyfitter_cfg.c **** 
 287:.\Generated_Source\PSoC4/cyfitter_cfg.c **** 	/* IOPINS0_1 Starting address: CYDEV_GPIO_PRT1_BASE */
 288:.\Generated_Source\PSoC4/cyfitter_cfg.c **** 	CY_SET_XTND_REG32((void CYFAR *)(CYDEV_GPIO_PRT1_BASE), 0x00000020u);
 282              		.loc 1 288 0
 283 0118 E13A     		sub	r2, r2, #225
 284 011a FF3A     		sub	r2, r2, #255
 285 011c 144B     		ldr	r3, .L11+48
 286 011e 1A60     		str	r2, [r3]
 289:.\Generated_Source\PSoC4/cyfitter_cfg.c **** 	CY_SET_XTND_REG32((void CYFAR *)(CYREG_GPIO_PRT1_PC), 0x00030000u);
 287              		.loc 1 289 0
 288 0120 C022     		mov	r2, #192
 289 0122 9202     		lsl	r2, r2, #10
 290 0124 134B     		ldr	r3, .L11+52
 291 0126 1A60     		str	r2, [r3]
 290:.\Generated_Source\PSoC4/cyfitter_cfg.c **** 
 291:.\Generated_Source\PSoC4/cyfitter_cfg.c **** 	/* IOPINS0_3 Starting address: CYDEV_GPIO_PRT3_BASE */
 292:.\Generated_Source\PSoC4/cyfitter_cfg.c **** 	CY_SET_XTND_REG32((void CYFAR *)(CYDEV_GPIO_PRT3_BASE), 0x000000C0u);
 292              		.loc 1 292 0
 293 0128 C022     		mov	r2, #192
 294 012a 134B     		ldr	r3, .L11+56
 295 012c 1A60     		str	r2, [r3]
 293:.\Generated_Source\PSoC4/cyfitter_cfg.c **** 	CY_SET_XTND_REG32((void CYFAR *)(CYREG_GPIO_PRT3_PC), 0x00D80000u);
 296              		.loc 1 293 0
 297 012e D822     		mov	r2, #216
 298 0130 1204     		lsl	r2, r2, #16
 299 0132 124B     		ldr	r3, .L11+60
 300 0134 1A60     		str	r2, [r3]
 294:.\Generated_Source\PSoC4/cyfitter_cfg.c **** 
 295:.\Generated_Source\PSoC4/cyfitter_cfg.c **** 
 296:.\Generated_Source\PSoC4/cyfitter_cfg.c **** 	/* Setup clocks based on selections from Clock DWR */
 297:.\Generated_Source\PSoC4/cyfitter_cfg.c **** 	ClockSetup();
 301              		.loc 1 297 0
 302 0136 FFF763FF 		bl	ClockSetup
 303              	.LVL14:
 298:.\Generated_Source\PSoC4/cyfitter_cfg.c **** 
 299:.\Generated_Source\PSoC4/cyfitter_cfg.c **** 	/* Perform basic analog initialization to defaults */
 300:.\Generated_Source\PSoC4/cyfitter_cfg.c **** 	AnalogSetDefault();
 304              		.loc 1 300 0
 305 013a FFF7FEFF 		bl	AnalogSetDefault
ARM GAS  C:\Users\ADMINI~1\AppData\Local\Temp\ccXD5ckK.s 			page 12


 306              	.LVL15:
 301:.\Generated_Source\PSoC4/cyfitter_cfg.c **** 
 302:.\Generated_Source\PSoC4/cyfitter_cfg.c **** }
 307              		.loc 1 302 0
 308              		@ sp needed
 309              	.LVL16:
 310 013e 10BD     		pop	{r4, pc}
 311              	.L12:
 312              		.align	2
 313              	.L11:
 314 0140 6CF02E40 		.word	1076818028
 315 0144 00000000 		.word	.LANCHOR0
 316 0148 00000240 		.word	1073872896
 317 014c 00500F40 		.word	1074745344
 318 0150 10500F40 		.word	1074745360
 319 0154 30500F40 		.word	1074745392
 320 0158 00700F40 		.word	1074753536
 321 015c 01700F40 		.word	1074753537
 322 0160 00000440 		.word	1074003968
 323 0164 0020DB00 		.word	14360576
 324 0168 08000440 		.word	1074003976
 325 016c 0C000440 		.word	1074003980
 326 0170 00010440 		.word	1074004224
 327 0174 08010440 		.word	1074004232
 328 0178 00030440 		.word	1074004736
 329 017c 08030440 		.word	1074004744
 330              		.cfi_endproc
 331              	.LFE7:
 332              		.size	cyfitter_cfg, .-cyfitter_cfg
 333              		.section	.rodata
 334              		.align	2
 335              		.set	.LANCHOR0,. + 0
 336              		.type	cfg_memset_list.4758, %object
 337              		.size	cfg_memset_list.4758, 12
 338              	cfg_memset_list.4758:
 339 0000 00300F40 		.word	1074737152
 340 0004 0004     		.short	1024
 341 0006 00400F40 		.4byte	1074741248
 342 000a 0004     		.short	1024
 343              		.text
 344              	.Letext0:
 345              		.file 2 "c:\\program files (x86)\\cypress\\psoc creator\\3.3\\psoc creator\\import\\gnu\\arm\\4.9.
 346              		.file 3 ".\\Generated_Source\\PSoC4\\cytypes.h"
 347              		.file 4 ".\\Generated_Source\\PSoC4\\CyLib.h"
 348              		.file 5 ".\\Generated_Source\\PSoC4\\CyLFClk.h"
 349              		.section	.debug_info,"",%progbits
 350              	.Ldebug_info0:
 351 0000 03030000 		.4byte	0x303
 352 0004 0400     		.2byte	0x4
 353 0006 00000000 		.4byte	.Ldebug_abbrev0
 354 000a 04       		.byte	0x4
 355 000b 01       		.uleb128 0x1
 356 000c F2010000 		.4byte	.LASF31
 357 0010 01       		.byte	0x1
 358 0011 93010000 		.4byte	.LASF32
 359 0015 47000000 		.4byte	.LASF33
 360 0019 00000000 		.4byte	.Ldebug_ranges0+0
ARM GAS  C:\Users\ADMINI~1\AppData\Local\Temp\ccXD5ckK.s 			page 13


 361 001d 00000000 		.4byte	0
 362 0021 00000000 		.4byte	.Ldebug_line0
 363 0025 02       		.uleb128 0x2
 364 0026 04       		.byte	0x4
 365 0027 05       		.byte	0x5
 366 0028 696E7400 		.ascii	"int\000"
 367 002c 03       		.uleb128 0x3
 368 002d 14000000 		.4byte	.LASF11
 369 0031 02       		.byte	0x2
 370 0032 D4       		.byte	0xd4
 371 0033 37000000 		.4byte	0x37
 372 0037 04       		.uleb128 0x4
 373 0038 04       		.byte	0x4
 374 0039 07       		.byte	0x7
 375 003a 5A010000 		.4byte	.LASF0
 376 003e 04       		.uleb128 0x4
 377 003f 01       		.byte	0x1
 378 0040 06       		.byte	0x6
 379 0041 A8020000 		.4byte	.LASF1
 380 0045 04       		.uleb128 0x4
 381 0046 01       		.byte	0x1
 382 0047 08       		.byte	0x8
 383 0048 1A010000 		.4byte	.LASF2
 384 004c 04       		.uleb128 0x4
 385 004d 02       		.byte	0x2
 386 004e 05       		.byte	0x5
 387 004f 80020000 		.4byte	.LASF3
 388 0053 04       		.uleb128 0x4
 389 0054 02       		.byte	0x2
 390 0055 07       		.byte	0x7
 391 0056 AC000000 		.4byte	.LASF4
 392 005a 04       		.uleb128 0x4
 393 005b 04       		.byte	0x4
 394 005c 05       		.byte	0x5
 395 005d 9F020000 		.4byte	.LASF5
 396 0061 04       		.uleb128 0x4
 397 0062 04       		.byte	0x4
 398 0063 07       		.byte	0x7
 399 0064 E7000000 		.4byte	.LASF6
 400 0068 04       		.uleb128 0x4
 401 0069 08       		.byte	0x8
 402 006a 05       		.byte	0x5
 403 006b C4010000 		.4byte	.LASF7
 404 006f 04       		.uleb128 0x4
 405 0070 08       		.byte	0x8
 406 0071 07       		.byte	0x7
 407 0072 6F010000 		.4byte	.LASF8
 408 0076 04       		.uleb128 0x4
 409 0077 04       		.byte	0x4
 410 0078 07       		.byte	0x7
 411 0079 BB010000 		.4byte	.LASF9
 412 007d 05       		.uleb128 0x5
 413 007e 04       		.byte	0x4
 414 007f 04       		.uleb128 0x4
 415 0080 01       		.byte	0x1
 416 0081 08       		.byte	0x8
 417 0082 DC010000 		.4byte	.LASF10
ARM GAS  C:\Users\ADMINI~1\AppData\Local\Temp\ccXD5ckK.s 			page 14


 418 0086 06       		.uleb128 0x6
 419 0087 F9000000 		.4byte	.LASF12
 420 008b 03       		.byte	0x3
 421 008c 9801     		.2byte	0x198
 422 008e 45000000 		.4byte	0x45
 423 0092 06       		.uleb128 0x6
 424 0093 43010000 		.4byte	.LASF13
 425 0097 03       		.byte	0x3
 426 0098 9901     		.2byte	0x199
 427 009a 53000000 		.4byte	0x53
 428 009e 06       		.uleb128 0x6
 429 009f 53010000 		.4byte	.LASF14
 430 00a3 03       		.byte	0x3
 431 00a4 9A01     		.2byte	0x19a
 432 00a6 61000000 		.4byte	0x61
 433 00aa 04       		.uleb128 0x4
 434 00ab 04       		.byte	0x4
 435 00ac 04       		.byte	0x4
 436 00ad BF000000 		.4byte	.LASF15
 437 00b1 04       		.uleb128 0x4
 438 00b2 08       		.byte	0x8
 439 00b3 04       		.byte	0x4
 440 00b4 2F010000 		.4byte	.LASF16
 441 00b8 06       		.uleb128 0x6
 442 00b9 4A010000 		.4byte	.LASF17
 443 00bd 03       		.byte	0x3
 444 00be 3A02     		.2byte	0x23a
 445 00c0 61000000 		.4byte	0x61
 446 00c4 06       		.uleb128 0x6
 447 00c5 E2000000 		.4byte	.LASF18
 448 00c9 03       		.byte	0x3
 449 00ca 4202     		.2byte	0x242
 450 00cc D0000000 		.4byte	0xd0
 451 00d0 07       		.uleb128 0x7
 452 00d1 86000000 		.4byte	0x86
 453 00d5 06       		.uleb128 0x6
 454 00d6 0E000000 		.4byte	.LASF19
 455 00da 03       		.byte	0x3
 456 00db 4402     		.2byte	0x244
 457 00dd E1000000 		.4byte	0xe1
 458 00e1 07       		.uleb128 0x7
 459 00e2 9E000000 		.4byte	0x9e
 460 00e6 08       		.uleb128 0x8
 461 00e7 1B000000 		.4byte	.LASF34
 462 00eb 01       		.byte	0x1
 463 00ec CD       		.byte	0xcd
 464 00ed 00000000 		.4byte	.LFB6
 465 00f1 20000000 		.4byte	.LFE6-.LFB6
 466 00f5 01       		.uleb128 0x1
 467 00f6 9C       		.byte	0x9c
 468 00f7 09       		.uleb128 0x9
 469 00f8 10010000 		.4byte	.LASF20
 470 00fc 01       		.byte	0x1
 471 00fd 3C       		.byte	0x3c
 472 00fe 00000000 		.4byte	.LFB2
 473 0102 0C000000 		.4byte	.LFE2-.LFB2
 474 0106 01       		.uleb128 0x1
ARM GAS  C:\Users\ADMINI~1\AppData\Local\Temp\ccXD5ckK.s 			page 15


 475 0107 9C       		.byte	0x9c
 476 0108 44010000 		.4byte	0x144
 477 010c 0A       		.uleb128 0xa
 478 010d 7300     		.ascii	"s\000"
 479 010f 01       		.byte	0x1
 480 0110 3C       		.byte	0x3c
 481 0111 7D000000 		.4byte	0x7d
 482 0115 00000000 		.4byte	.LLST0
 483 0119 0A       		.uleb128 0xa
 484 011a 6E00     		.ascii	"n\000"
 485 011c 01       		.byte	0x1
 486 011d 3C       		.byte	0x3c
 487 011e 2C000000 		.4byte	0x2c
 488 0122 21000000 		.4byte	.LLST1
 489 0126 0B       		.uleb128 0xb
 490 0127 0A000000 		.4byte	.LVL2
 491 012b 89020000 		.4byte	0x289
 492 012f 0C       		.uleb128 0xc
 493 0130 01       		.uleb128 0x1
 494 0131 52       		.byte	0x52
 495 0132 03       		.uleb128 0x3
 496 0133 F3       		.byte	0xf3
 497 0134 01       		.uleb128 0x1
 498 0135 51       		.byte	0x51
 499 0136 0C       		.uleb128 0xc
 500 0137 01       		.uleb128 0x1
 501 0138 51       		.byte	0x51
 502 0139 01       		.uleb128 0x1
 503 013a 30       		.byte	0x30
 504 013b 0C       		.uleb128 0xc
 505 013c 01       		.uleb128 0x1
 506 013d 50       		.byte	0x50
 507 013e 03       		.uleb128 0x3
 508 013f F3       		.byte	0xf3
 509 0140 01       		.uleb128 0x1
 510 0141 50       		.byte	0x50
 511 0142 00       		.byte	0
 512 0143 00       		.byte	0
 513 0144 09       		.uleb128 0x9
 514 0145 3C000000 		.4byte	.LASF21
 515 0149 01       		.byte	0x1
 516 014a 91       		.byte	0x91
 517 014b 00000000 		.4byte	.LFB5
 518 014f 98000000 		.4byte	.LFE5-.LFB5
 519 0153 01       		.uleb128 0x1
 520 0154 9C       		.byte	0x9c
 521 0155 C7010000 		.4byte	0x1c7
 522 0159 0D       		.uleb128 0xd
 523 015a 0C000000 		.4byte	.LVL3
 524 015e A6020000 		.4byte	0x2a6
 525 0162 0E       		.uleb128 0xe
 526 0163 12000000 		.4byte	.LVL4
 527 0167 AD020000 		.4byte	0x2ad
 528 016b 79010000 		.4byte	0x179
 529 016f 0C       		.uleb128 0xc
 530 0170 01       		.uleb128 0x1
 531 0171 50       		.byte	0x50
ARM GAS  C:\Users\ADMINI~1\AppData\Local\Temp\ccXD5ckK.s 			page 16


 532 0172 05       		.uleb128 0x5
 533 0173 0C       		.byte	0xc
 534 0174 001BB700 		.4byte	0xb71b00
 535 0178 00       		.byte	0
 536 0179 0E       		.uleb128 0xe
 537 017a 18000000 		.4byte	.LVL5
 538 017e BE020000 		.4byte	0x2be
 539 0182 8C010000 		.4byte	0x18c
 540 0186 0C       		.uleb128 0xc
 541 0187 01       		.uleb128 0x1
 542 0188 50       		.byte	0x50
 543 0189 01       		.uleb128 0x1
 544 018a 31       		.byte	0x31
 545 018b 00       		.byte	0
 546 018c 0E       		.uleb128 0xe
 547 018d 1E000000 		.4byte	.LVL6
 548 0191 D3020000 		.4byte	0x2d3
 549 0195 A0010000 		.4byte	0x1a0
 550 0199 0C       		.uleb128 0xc
 551 019a 01       		.uleb128 0x1
 552 019b 50       		.byte	0x50
 553 019c 02       		.uleb128 0x2
 554 019d 08       		.byte	0x8
 555 019e 30       		.byte	0x30
 556 019f 00       		.byte	0
 557 01a0 0E       		.uleb128 0xe
 558 01a1 4E000000 		.4byte	.LVL7
 559 01a5 E4020000 		.4byte	0x2e4
 560 01a9 B5010000 		.4byte	0x1b5
 561 01ad 0C       		.uleb128 0xc
 562 01ae 01       		.uleb128 0x1
 563 01af 50       		.byte	0x50
 564 01b0 03       		.uleb128 0x3
 565 01b1 0A       		.byte	0xa
 566 01b2 D007     		.2byte	0x7d0
 567 01b4 00       		.byte	0
 568 01b5 0B       		.uleb128 0xb
 569 01b6 54000000 		.4byte	.LVL8
 570 01ba F9020000 		.4byte	0x2f9
 571 01be 0C       		.uleb128 0xc
 572 01bf 01       		.uleb128 0x1
 573 01c0 50       		.byte	0x50
 574 01c1 03       		.uleb128 0x3
 575 01c2 0A       		.byte	0xa
 576 01c3 DC05     		.2byte	0x5dc
 577 01c5 00       		.byte	0
 578 01c6 00       		.byte	0
 579 01c7 0F       		.uleb128 0xf
 580 01c8 36010000 		.4byte	.LASF35
 581 01cc 01       		.byte	0x1
 582 01cd E8       		.byte	0xe8
 583 01ce 98000000 		.4byte	.LFB7
 584 01d2 E8000000 		.4byte	.LFE7-.LFB7
 585 01d6 01       		.uleb128 0x1
 586 01d7 9C       		.byte	0x9c
 587 01d8 89020000 		.4byte	0x289
 588 01dc 10       		.uleb128 0x10
ARM GAS  C:\Users\ADMINI~1\AppData\Local\Temp\ccXD5ckK.s 			page 17


 589 01dd A2000000 		.4byte	.LBB2
 590 01e1 62000000 		.4byte	.LBE2-.LBB2
 591 01e5 76020000 		.4byte	0x276
 592 01e9 11       		.uleb128 0x11
 593 01ea 06       		.byte	0x6
 594 01eb 01       		.byte	0x1
 595 01ec F1       		.byte	0xf1
 596 01ed 0A020000 		.4byte	0x20a
 597 01f1 12       		.uleb128 0x12
 598 01f2 67010000 		.4byte	.LASF22
 599 01f6 01       		.byte	0x1
 600 01f7 F2       		.byte	0xf2
 601 01f8 7D000000 		.4byte	0x7d
 602 01fc 00       		.byte	0
 603 01fd 12       		.uleb128 0x12
 604 01fe C5000000 		.4byte	.LASF23
 605 0202 01       		.byte	0x1
 606 0203 F3       		.byte	0xf3
 607 0204 92000000 		.4byte	0x92
 608 0208 04       		.byte	0x4
 609 0209 00       		.byte	0
 610 020a 03       		.uleb128 0x3
 611 020b 86010000 		.4byte	.LASF24
 612 020f 01       		.byte	0x1
 613 0210 F4       		.byte	0xf4
 614 0211 E9010000 		.4byte	0x1e9
 615 0215 13       		.uleb128 0x13
 616 0216 0A020000 		.4byte	0x20a
 617 021a 25020000 		.4byte	0x225
 618 021e 14       		.uleb128 0x14
 619 021f 76000000 		.4byte	0x76
 620 0223 01       		.byte	0x1
 621 0224 00       		.byte	0
 622 0225 15       		.uleb128 0x15
 623 0226 2C000000 		.4byte	.LASF25
 624 022a 01       		.byte	0x1
 625 022b F6       		.byte	0xf6
 626 022c 36020000 		.4byte	0x236
 627 0230 05       		.uleb128 0x5
 628 0231 03       		.byte	0x3
 629 0232 00000000 		.4byte	cfg_memset_list.4758
 630 0236 16       		.uleb128 0x16
 631 0237 15020000 		.4byte	0x215
 632 023b 17       		.uleb128 0x17
 633 023c 6900     		.ascii	"i\000"
 634 023e 01       		.byte	0x1
 635 023f FC       		.byte	0xfc
 636 0240 86000000 		.4byte	0x86
 637 0244 4D000000 		.4byte	.LLST2
 638 0248 18       		.uleb128 0x18
 639 0249 A6000000 		.4byte	.LBB3
 640 024d 1E000000 		.4byte	.LBE3-.LBB3
 641 0251 19       		.uleb128 0x19
 642 0252 6D7300   		.ascii	"ms\000"
 643 0255 01       		.byte	0x1
 644 0256 0101     		.2byte	0x101
 645 0258 60020000 		.4byte	0x260
ARM GAS  C:\Users\ADMINI~1\AppData\Local\Temp\ccXD5ckK.s 			page 18


 646 025c 77000000 		.4byte	.LLST3
 647 0260 1A       		.uleb128 0x1a
 648 0261 04       		.byte	0x4
 649 0262 66020000 		.4byte	0x266
 650 0266 16       		.uleb128 0x16
 651 0267 0A020000 		.4byte	0x20a
 652 026b 0D       		.uleb128 0xd
 653 026c C4000000 		.4byte	.LVL11
 654 0270 F7000000 		.4byte	0xf7
 655 0274 00       		.byte	0
 656 0275 00       		.byte	0
 657 0276 0D       		.uleb128 0xd
 658 0277 3A010000 		.4byte	.LVL14
 659 027b 44010000 		.4byte	0x144
 660 027f 0D       		.uleb128 0xd
 661 0280 3E010000 		.4byte	.LVL15
 662 0284 E6000000 		.4byte	0xe6
 663 0288 00       		.byte	0
 664 0289 1B       		.uleb128 0x1b
 665 028a 28010000 		.4byte	.LASF26
 666 028e 7D000000 		.4byte	0x7d
 667 0292 A6020000 		.4byte	0x2a6
 668 0296 1C       		.uleb128 0x1c
 669 0297 7D000000 		.4byte	0x7d
 670 029b 1C       		.uleb128 0x1c
 671 029c 25000000 		.4byte	0x25
 672 02a0 1C       		.uleb128 0x1c
 673 02a1 76000000 		.4byte	0x76
 674 02a5 00       		.byte	0
 675 02a6 1D       		.uleb128 0x1d
 676 02a7 FF000000 		.4byte	.LASF36
 677 02ab 05       		.byte	0x5
 678 02ac 4F       		.byte	0x4f
 679 02ad 1E       		.uleb128 0x1e
 680 02ae 00000000 		.4byte	.LASF27
 681 02b2 04       		.byte	0x4
 682 02b3 DA       		.byte	0xda
 683 02b4 BE020000 		.4byte	0x2be
 684 02b8 1C       		.uleb128 0x1c
 685 02b9 9E000000 		.4byte	0x9e
 686 02bd 00       		.byte	0
 687 02be 1F       		.uleb128 0x1f
 688 02bf CA000000 		.4byte	.LASF29
 689 02c3 05       		.byte	0x5
 690 02c4 51       		.byte	0x51
 691 02c5 9E000000 		.4byte	0x9e
 692 02c9 D3020000 		.4byte	0x2d3
 693 02cd 1C       		.uleb128 0x1c
 694 02ce 9E000000 		.4byte	0x9e
 695 02d2 00       		.byte	0
 696 02d3 1E       		.uleb128 0x1e
 697 02d4 8A020000 		.4byte	.LASF28
 698 02d8 04       		.byte	0x4
 699 02d9 6C       		.byte	0x6c
 700 02da E4020000 		.4byte	0x2e4
 701 02de 1C       		.uleb128 0x1c
 702 02df 9E000000 		.4byte	0x9e
ARM GAS  C:\Users\ADMINI~1\AppData\Local\Temp\ccXD5ckK.s 			page 19


 703 02e3 00       		.byte	0
 704 02e4 1F       		.uleb128 0x1f
 705 02e5 E1010000 		.4byte	.LASF30
 706 02e9 04       		.byte	0x4
 707 02ea 82       		.byte	0x82
 708 02eb B8000000 		.4byte	0xb8
 709 02ef F9020000 		.4byte	0x2f9
 710 02f3 1C       		.uleb128 0x1c
 711 02f4 9E000000 		.4byte	0x9e
 712 02f8 00       		.byte	0
 713 02f9 20       		.uleb128 0x20
 714 02fa D2010000 		.4byte	.LASF37
 715 02fe 04       		.byte	0x4
 716 02ff D8       		.byte	0xd8
 717 0300 1C       		.uleb128 0x1c
 718 0301 92000000 		.4byte	0x92
 719 0305 00       		.byte	0
 720 0306 00       		.byte	0
 721              		.section	.debug_abbrev,"",%progbits
 722              	.Ldebug_abbrev0:
 723 0000 01       		.uleb128 0x1
 724 0001 11       		.uleb128 0x11
 725 0002 01       		.byte	0x1
 726 0003 25       		.uleb128 0x25
 727 0004 0E       		.uleb128 0xe
 728 0005 13       		.uleb128 0x13
 729 0006 0B       		.uleb128 0xb
 730 0007 03       		.uleb128 0x3
 731 0008 0E       		.uleb128 0xe
 732 0009 1B       		.uleb128 0x1b
 733 000a 0E       		.uleb128 0xe
 734 000b 55       		.uleb128 0x55
 735 000c 17       		.uleb128 0x17
 736 000d 11       		.uleb128 0x11
 737 000e 01       		.uleb128 0x1
 738 000f 10       		.uleb128 0x10
 739 0010 17       		.uleb128 0x17
 740 0011 00       		.byte	0
 741 0012 00       		.byte	0
 742 0013 02       		.uleb128 0x2
 743 0014 24       		.uleb128 0x24
 744 0015 00       		.byte	0
 745 0016 0B       		.uleb128 0xb
 746 0017 0B       		.uleb128 0xb
 747 0018 3E       		.uleb128 0x3e
 748 0019 0B       		.uleb128 0xb
 749 001a 03       		.uleb128 0x3
 750 001b 08       		.uleb128 0x8
 751 001c 00       		.byte	0
 752 001d 00       		.byte	0
 753 001e 03       		.uleb128 0x3
 754 001f 16       		.uleb128 0x16
 755 0020 00       		.byte	0
 756 0021 03       		.uleb128 0x3
 757 0022 0E       		.uleb128 0xe
 758 0023 3A       		.uleb128 0x3a
 759 0024 0B       		.uleb128 0xb
ARM GAS  C:\Users\ADMINI~1\AppData\Local\Temp\ccXD5ckK.s 			page 20


 760 0025 3B       		.uleb128 0x3b
 761 0026 0B       		.uleb128 0xb
 762 0027 49       		.uleb128 0x49
 763 0028 13       		.uleb128 0x13
 764 0029 00       		.byte	0
 765 002a 00       		.byte	0
 766 002b 04       		.uleb128 0x4
 767 002c 24       		.uleb128 0x24
 768 002d 00       		.byte	0
 769 002e 0B       		.uleb128 0xb
 770 002f 0B       		.uleb128 0xb
 771 0030 3E       		.uleb128 0x3e
 772 0031 0B       		.uleb128 0xb
 773 0032 03       		.uleb128 0x3
 774 0033 0E       		.uleb128 0xe
 775 0034 00       		.byte	0
 776 0035 00       		.byte	0
 777 0036 05       		.uleb128 0x5
 778 0037 0F       		.uleb128 0xf
 779 0038 00       		.byte	0
 780 0039 0B       		.uleb128 0xb
 781 003a 0B       		.uleb128 0xb
 782 003b 00       		.byte	0
 783 003c 00       		.byte	0
 784 003d 06       		.uleb128 0x6
 785 003e 16       		.uleb128 0x16
 786 003f 00       		.byte	0
 787 0040 03       		.uleb128 0x3
 788 0041 0E       		.uleb128 0xe
 789 0042 3A       		.uleb128 0x3a
 790 0043 0B       		.uleb128 0xb
 791 0044 3B       		.uleb128 0x3b
 792 0045 05       		.uleb128 0x5
 793 0046 49       		.uleb128 0x49
 794 0047 13       		.uleb128 0x13
 795 0048 00       		.byte	0
 796 0049 00       		.byte	0
 797 004a 07       		.uleb128 0x7
 798 004b 35       		.uleb128 0x35
 799 004c 00       		.byte	0
 800 004d 49       		.uleb128 0x49
 801 004e 13       		.uleb128 0x13
 802 004f 00       		.byte	0
 803 0050 00       		.byte	0
 804 0051 08       		.uleb128 0x8
 805 0052 2E       		.uleb128 0x2e
 806 0053 00       		.byte	0
 807 0054 03       		.uleb128 0x3
 808 0055 0E       		.uleb128 0xe
 809 0056 3A       		.uleb128 0x3a
 810 0057 0B       		.uleb128 0xb
 811 0058 3B       		.uleb128 0x3b
 812 0059 0B       		.uleb128 0xb
 813 005a 27       		.uleb128 0x27
 814 005b 19       		.uleb128 0x19
 815 005c 11       		.uleb128 0x11
 816 005d 01       		.uleb128 0x1
ARM GAS  C:\Users\ADMINI~1\AppData\Local\Temp\ccXD5ckK.s 			page 21


 817 005e 12       		.uleb128 0x12
 818 005f 06       		.uleb128 0x6
 819 0060 40       		.uleb128 0x40
 820 0061 18       		.uleb128 0x18
 821 0062 9742     		.uleb128 0x2117
 822 0064 19       		.uleb128 0x19
 823 0065 00       		.byte	0
 824 0066 00       		.byte	0
 825 0067 09       		.uleb128 0x9
 826 0068 2E       		.uleb128 0x2e
 827 0069 01       		.byte	0x1
 828 006a 03       		.uleb128 0x3
 829 006b 0E       		.uleb128 0xe
 830 006c 3A       		.uleb128 0x3a
 831 006d 0B       		.uleb128 0xb
 832 006e 3B       		.uleb128 0x3b
 833 006f 0B       		.uleb128 0xb
 834 0070 27       		.uleb128 0x27
 835 0071 19       		.uleb128 0x19
 836 0072 11       		.uleb128 0x11
 837 0073 01       		.uleb128 0x1
 838 0074 12       		.uleb128 0x12
 839 0075 06       		.uleb128 0x6
 840 0076 40       		.uleb128 0x40
 841 0077 18       		.uleb128 0x18
 842 0078 9742     		.uleb128 0x2117
 843 007a 19       		.uleb128 0x19
 844 007b 01       		.uleb128 0x1
 845 007c 13       		.uleb128 0x13
 846 007d 00       		.byte	0
 847 007e 00       		.byte	0
 848 007f 0A       		.uleb128 0xa
 849 0080 05       		.uleb128 0x5
 850 0081 00       		.byte	0
 851 0082 03       		.uleb128 0x3
 852 0083 08       		.uleb128 0x8
 853 0084 3A       		.uleb128 0x3a
 854 0085 0B       		.uleb128 0xb
 855 0086 3B       		.uleb128 0x3b
 856 0087 0B       		.uleb128 0xb
 857 0088 49       		.uleb128 0x49
 858 0089 13       		.uleb128 0x13
 859 008a 02       		.uleb128 0x2
 860 008b 17       		.uleb128 0x17
 861 008c 00       		.byte	0
 862 008d 00       		.byte	0
 863 008e 0B       		.uleb128 0xb
 864 008f 898201   		.uleb128 0x4109
 865 0092 01       		.byte	0x1
 866 0093 11       		.uleb128 0x11
 867 0094 01       		.uleb128 0x1
 868 0095 31       		.uleb128 0x31
 869 0096 13       		.uleb128 0x13
 870 0097 00       		.byte	0
 871 0098 00       		.byte	0
 872 0099 0C       		.uleb128 0xc
 873 009a 8A8201   		.uleb128 0x410a
ARM GAS  C:\Users\ADMINI~1\AppData\Local\Temp\ccXD5ckK.s 			page 22


 874 009d 00       		.byte	0
 875 009e 02       		.uleb128 0x2
 876 009f 18       		.uleb128 0x18
 877 00a0 9142     		.uleb128 0x2111
 878 00a2 18       		.uleb128 0x18
 879 00a3 00       		.byte	0
 880 00a4 00       		.byte	0
 881 00a5 0D       		.uleb128 0xd
 882 00a6 898201   		.uleb128 0x4109
 883 00a9 00       		.byte	0
 884 00aa 11       		.uleb128 0x11
 885 00ab 01       		.uleb128 0x1
 886 00ac 31       		.uleb128 0x31
 887 00ad 13       		.uleb128 0x13
 888 00ae 00       		.byte	0
 889 00af 00       		.byte	0
 890 00b0 0E       		.uleb128 0xe
 891 00b1 898201   		.uleb128 0x4109
 892 00b4 01       		.byte	0x1
 893 00b5 11       		.uleb128 0x11
 894 00b6 01       		.uleb128 0x1
 895 00b7 31       		.uleb128 0x31
 896 00b8 13       		.uleb128 0x13
 897 00b9 01       		.uleb128 0x1
 898 00ba 13       		.uleb128 0x13
 899 00bb 00       		.byte	0
 900 00bc 00       		.byte	0
 901 00bd 0F       		.uleb128 0xf
 902 00be 2E       		.uleb128 0x2e
 903 00bf 01       		.byte	0x1
 904 00c0 3F       		.uleb128 0x3f
 905 00c1 19       		.uleb128 0x19
 906 00c2 03       		.uleb128 0x3
 907 00c3 0E       		.uleb128 0xe
 908 00c4 3A       		.uleb128 0x3a
 909 00c5 0B       		.uleb128 0xb
 910 00c6 3B       		.uleb128 0x3b
 911 00c7 0B       		.uleb128 0xb
 912 00c8 27       		.uleb128 0x27
 913 00c9 19       		.uleb128 0x19
 914 00ca 11       		.uleb128 0x11
 915 00cb 01       		.uleb128 0x1
 916 00cc 12       		.uleb128 0x12
 917 00cd 06       		.uleb128 0x6
 918 00ce 40       		.uleb128 0x40
 919 00cf 18       		.uleb128 0x18
 920 00d0 9742     		.uleb128 0x2117
 921 00d2 19       		.uleb128 0x19
 922 00d3 01       		.uleb128 0x1
 923 00d4 13       		.uleb128 0x13
 924 00d5 00       		.byte	0
 925 00d6 00       		.byte	0
 926 00d7 10       		.uleb128 0x10
 927 00d8 0B       		.uleb128 0xb
 928 00d9 01       		.byte	0x1
 929 00da 11       		.uleb128 0x11
 930 00db 01       		.uleb128 0x1
ARM GAS  C:\Users\ADMINI~1\AppData\Local\Temp\ccXD5ckK.s 			page 23


 931 00dc 12       		.uleb128 0x12
 932 00dd 06       		.uleb128 0x6
 933 00de 01       		.uleb128 0x1
 934 00df 13       		.uleb128 0x13
 935 00e0 00       		.byte	0
 936 00e1 00       		.byte	0
 937 00e2 11       		.uleb128 0x11
 938 00e3 13       		.uleb128 0x13
 939 00e4 01       		.byte	0x1
 940 00e5 0B       		.uleb128 0xb
 941 00e6 0B       		.uleb128 0xb
 942 00e7 3A       		.uleb128 0x3a
 943 00e8 0B       		.uleb128 0xb
 944 00e9 3B       		.uleb128 0x3b
 945 00ea 0B       		.uleb128 0xb
 946 00eb 01       		.uleb128 0x1
 947 00ec 13       		.uleb128 0x13
 948 00ed 00       		.byte	0
 949 00ee 00       		.byte	0
 950 00ef 12       		.uleb128 0x12
 951 00f0 0D       		.uleb128 0xd
 952 00f1 00       		.byte	0
 953 00f2 03       		.uleb128 0x3
 954 00f3 0E       		.uleb128 0xe
 955 00f4 3A       		.uleb128 0x3a
 956 00f5 0B       		.uleb128 0xb
 957 00f6 3B       		.uleb128 0x3b
 958 00f7 0B       		.uleb128 0xb
 959 00f8 49       		.uleb128 0x49
 960 00f9 13       		.uleb128 0x13
 961 00fa 38       		.uleb128 0x38
 962 00fb 0B       		.uleb128 0xb
 963 00fc 00       		.byte	0
 964 00fd 00       		.byte	0
 965 00fe 13       		.uleb128 0x13
 966 00ff 01       		.uleb128 0x1
 967 0100 01       		.byte	0x1
 968 0101 49       		.uleb128 0x49
 969 0102 13       		.uleb128 0x13
 970 0103 01       		.uleb128 0x1
 971 0104 13       		.uleb128 0x13
 972 0105 00       		.byte	0
 973 0106 00       		.byte	0
 974 0107 14       		.uleb128 0x14
 975 0108 21       		.uleb128 0x21
 976 0109 00       		.byte	0
 977 010a 49       		.uleb128 0x49
 978 010b 13       		.uleb128 0x13
 979 010c 2F       		.uleb128 0x2f
 980 010d 0B       		.uleb128 0xb
 981 010e 00       		.byte	0
 982 010f 00       		.byte	0
 983 0110 15       		.uleb128 0x15
 984 0111 34       		.uleb128 0x34
 985 0112 00       		.byte	0
 986 0113 03       		.uleb128 0x3
 987 0114 0E       		.uleb128 0xe
ARM GAS  C:\Users\ADMINI~1\AppData\Local\Temp\ccXD5ckK.s 			page 24


 988 0115 3A       		.uleb128 0x3a
 989 0116 0B       		.uleb128 0xb
 990 0117 3B       		.uleb128 0x3b
 991 0118 0B       		.uleb128 0xb
 992 0119 49       		.uleb128 0x49
 993 011a 13       		.uleb128 0x13
 994 011b 02       		.uleb128 0x2
 995 011c 18       		.uleb128 0x18
 996 011d 00       		.byte	0
 997 011e 00       		.byte	0
 998 011f 16       		.uleb128 0x16
 999 0120 26       		.uleb128 0x26
 1000 0121 00       		.byte	0
 1001 0122 49       		.uleb128 0x49
 1002 0123 13       		.uleb128 0x13
 1003 0124 00       		.byte	0
 1004 0125 00       		.byte	0
 1005 0126 17       		.uleb128 0x17
 1006 0127 34       		.uleb128 0x34
 1007 0128 00       		.byte	0
 1008 0129 03       		.uleb128 0x3
 1009 012a 08       		.uleb128 0x8
 1010 012b 3A       		.uleb128 0x3a
 1011 012c 0B       		.uleb128 0xb
 1012 012d 3B       		.uleb128 0x3b
 1013 012e 0B       		.uleb128 0xb
 1014 012f 49       		.uleb128 0x49
 1015 0130 13       		.uleb128 0x13
 1016 0131 02       		.uleb128 0x2
 1017 0132 17       		.uleb128 0x17
 1018 0133 00       		.byte	0
 1019 0134 00       		.byte	0
 1020 0135 18       		.uleb128 0x18
 1021 0136 0B       		.uleb128 0xb
 1022 0137 01       		.byte	0x1
 1023 0138 11       		.uleb128 0x11
 1024 0139 01       		.uleb128 0x1
 1025 013a 12       		.uleb128 0x12
 1026 013b 06       		.uleb128 0x6
 1027 013c 00       		.byte	0
 1028 013d 00       		.byte	0
 1029 013e 19       		.uleb128 0x19
 1030 013f 34       		.uleb128 0x34
 1031 0140 00       		.byte	0
 1032 0141 03       		.uleb128 0x3
 1033 0142 08       		.uleb128 0x8
 1034 0143 3A       		.uleb128 0x3a
 1035 0144 0B       		.uleb128 0xb
 1036 0145 3B       		.uleb128 0x3b
 1037 0146 05       		.uleb128 0x5
 1038 0147 49       		.uleb128 0x49
 1039 0148 13       		.uleb128 0x13
 1040 0149 02       		.uleb128 0x2
 1041 014a 17       		.uleb128 0x17
 1042 014b 00       		.byte	0
 1043 014c 00       		.byte	0
 1044 014d 1A       		.uleb128 0x1a
ARM GAS  C:\Users\ADMINI~1\AppData\Local\Temp\ccXD5ckK.s 			page 25


 1045 014e 0F       		.uleb128 0xf
 1046 014f 00       		.byte	0
 1047 0150 0B       		.uleb128 0xb
 1048 0151 0B       		.uleb128 0xb
 1049 0152 49       		.uleb128 0x49
 1050 0153 13       		.uleb128 0x13
 1051 0154 00       		.byte	0
 1052 0155 00       		.byte	0
 1053 0156 1B       		.uleb128 0x1b
 1054 0157 2E       		.uleb128 0x2e
 1055 0158 01       		.byte	0x1
 1056 0159 3F       		.uleb128 0x3f
 1057 015a 19       		.uleb128 0x19
 1058 015b 03       		.uleb128 0x3
 1059 015c 0E       		.uleb128 0xe
 1060 015d 27       		.uleb128 0x27
 1061 015e 19       		.uleb128 0x19
 1062 015f 49       		.uleb128 0x49
 1063 0160 13       		.uleb128 0x13
 1064 0161 34       		.uleb128 0x34
 1065 0162 19       		.uleb128 0x19
 1066 0163 3C       		.uleb128 0x3c
 1067 0164 19       		.uleb128 0x19
 1068 0165 01       		.uleb128 0x1
 1069 0166 13       		.uleb128 0x13
 1070 0167 00       		.byte	0
 1071 0168 00       		.byte	0
 1072 0169 1C       		.uleb128 0x1c
 1073 016a 05       		.uleb128 0x5
 1074 016b 00       		.byte	0
 1075 016c 49       		.uleb128 0x49
 1076 016d 13       		.uleb128 0x13
 1077 016e 00       		.byte	0
 1078 016f 00       		.byte	0
 1079 0170 1D       		.uleb128 0x1d
 1080 0171 2E       		.uleb128 0x2e
 1081 0172 00       		.byte	0
 1082 0173 3F       		.uleb128 0x3f
 1083 0174 19       		.uleb128 0x19
 1084 0175 03       		.uleb128 0x3
 1085 0176 0E       		.uleb128 0xe
 1086 0177 3A       		.uleb128 0x3a
 1087 0178 0B       		.uleb128 0xb
 1088 0179 3B       		.uleb128 0x3b
 1089 017a 0B       		.uleb128 0xb
 1090 017b 27       		.uleb128 0x27
 1091 017c 19       		.uleb128 0x19
 1092 017d 3C       		.uleb128 0x3c
 1093 017e 19       		.uleb128 0x19
 1094 017f 00       		.byte	0
 1095 0180 00       		.byte	0
 1096 0181 1E       		.uleb128 0x1e
 1097 0182 2E       		.uleb128 0x2e
 1098 0183 01       		.byte	0x1
 1099 0184 3F       		.uleb128 0x3f
 1100 0185 19       		.uleb128 0x19
 1101 0186 03       		.uleb128 0x3
ARM GAS  C:\Users\ADMINI~1\AppData\Local\Temp\ccXD5ckK.s 			page 26


 1102 0187 0E       		.uleb128 0xe
 1103 0188 3A       		.uleb128 0x3a
 1104 0189 0B       		.uleb128 0xb
 1105 018a 3B       		.uleb128 0x3b
 1106 018b 0B       		.uleb128 0xb
 1107 018c 27       		.uleb128 0x27
 1108 018d 19       		.uleb128 0x19
 1109 018e 3C       		.uleb128 0x3c
 1110 018f 19       		.uleb128 0x19
 1111 0190 01       		.uleb128 0x1
 1112 0191 13       		.uleb128 0x13
 1113 0192 00       		.byte	0
 1114 0193 00       		.byte	0
 1115 0194 1F       		.uleb128 0x1f
 1116 0195 2E       		.uleb128 0x2e
 1117 0196 01       		.byte	0x1
 1118 0197 3F       		.uleb128 0x3f
 1119 0198 19       		.uleb128 0x19
 1120 0199 03       		.uleb128 0x3
 1121 019a 0E       		.uleb128 0xe
 1122 019b 3A       		.uleb128 0x3a
 1123 019c 0B       		.uleb128 0xb
 1124 019d 3B       		.uleb128 0x3b
 1125 019e 0B       		.uleb128 0xb
 1126 019f 27       		.uleb128 0x27
 1127 01a0 19       		.uleb128 0x19
 1128 01a1 49       		.uleb128 0x49
 1129 01a2 13       		.uleb128 0x13
 1130 01a3 3C       		.uleb128 0x3c
 1131 01a4 19       		.uleb128 0x19
 1132 01a5 01       		.uleb128 0x1
 1133 01a6 13       		.uleb128 0x13
 1134 01a7 00       		.byte	0
 1135 01a8 00       		.byte	0
 1136 01a9 20       		.uleb128 0x20
 1137 01aa 2E       		.uleb128 0x2e
 1138 01ab 01       		.byte	0x1
 1139 01ac 3F       		.uleb128 0x3f
 1140 01ad 19       		.uleb128 0x19
 1141 01ae 03       		.uleb128 0x3
 1142 01af 0E       		.uleb128 0xe
 1143 01b0 3A       		.uleb128 0x3a
 1144 01b1 0B       		.uleb128 0xb
 1145 01b2 3B       		.uleb128 0x3b
 1146 01b3 0B       		.uleb128 0xb
 1147 01b4 27       		.uleb128 0x27
 1148 01b5 19       		.uleb128 0x19
 1149 01b6 3C       		.uleb128 0x3c
 1150 01b7 19       		.uleb128 0x19
 1151 01b8 00       		.byte	0
 1152 01b9 00       		.byte	0
 1153 01ba 00       		.byte	0
 1154              		.section	.debug_loc,"",%progbits
 1155              	.Ldebug_loc0:
 1156              	.LLST0:
 1157 0000 00000000 		.4byte	.LVL0
 1158 0004 09000000 		.4byte	.LVL2-1
ARM GAS  C:\Users\ADMINI~1\AppData\Local\Temp\ccXD5ckK.s 			page 27


 1159 0008 0100     		.2byte	0x1
 1160 000a 50       		.byte	0x50
 1161 000b 09000000 		.4byte	.LVL2-1
 1162 000f 0C000000 		.4byte	.LFE2
 1163 0013 0400     		.2byte	0x4
 1164 0015 F3       		.byte	0xf3
 1165 0016 01       		.uleb128 0x1
 1166 0017 50       		.byte	0x50
 1167 0018 9F       		.byte	0x9f
 1168 0019 00000000 		.4byte	0
 1169 001d 00000000 		.4byte	0
 1170              	.LLST1:
 1171 0021 00000000 		.4byte	.LVL0
 1172 0025 06000000 		.4byte	.LVL1
 1173 0029 0100     		.2byte	0x1
 1174 002b 51       		.byte	0x51
 1175 002c 06000000 		.4byte	.LVL1
 1176 0030 09000000 		.4byte	.LVL2-1
 1177 0034 0100     		.2byte	0x1
 1178 0036 52       		.byte	0x52
 1179 0037 09000000 		.4byte	.LVL2-1
 1180 003b 0C000000 		.4byte	.LFE2
 1181 003f 0400     		.2byte	0x4
 1182 0041 F3       		.byte	0xf3
 1183 0042 01       		.uleb128 0x1
 1184 0043 51       		.byte	0x51
 1185 0044 9F       		.byte	0x9f
 1186 0045 00000000 		.4byte	0
 1187 0049 00000000 		.4byte	0
 1188              	.LLST2:
 1189 004d A2000000 		.4byte	.LVL9
 1190 0051 A6000000 		.4byte	.LVL10
 1191 0055 0200     		.2byte	0x2
 1192 0057 30       		.byte	0x30
 1193 0058 9F       		.byte	0x9f
 1194 0059 A6000000 		.4byte	.LVL10
 1195 005d C6000000 		.4byte	.LVL12
 1196 0061 0100     		.2byte	0x1
 1197 0063 54       		.byte	0x54
 1198 0064 C8000000 		.4byte	.LVL13
 1199 0068 3E010000 		.4byte	.LVL16
 1200 006c 0100     		.2byte	0x1
 1201 006e 54       		.byte	0x54
 1202 006f 00000000 		.4byte	0
 1203 0073 00000000 		.4byte	0
 1204              	.LLST3:
 1205 0077 A6000000 		.4byte	.LVL10
 1206 007b C6000000 		.4byte	.LVL12
 1207 007f 0B00     		.2byte	0xb
 1208 0081 74       		.byte	0x74
 1209 0082 00       		.sleb128 0
 1210 0083 36       		.byte	0x36
 1211 0084 1E       		.byte	0x1e
 1212 0085 03       		.byte	0x3
 1213 0086 00000000 		.4byte	cfg_memset_list.4758
 1214 008a 22       		.byte	0x22
 1215 008b 9F       		.byte	0x9f
ARM GAS  C:\Users\ADMINI~1\AppData\Local\Temp\ccXD5ckK.s 			page 28


 1216 008c C6000000 		.4byte	.LVL12
 1217 0090 C8000000 		.4byte	.LVL13
 1218 0094 0B00     		.2byte	0xb
 1219 0096 74       		.byte	0x74
 1220 0097 7F       		.sleb128 -1
 1221 0098 36       		.byte	0x36
 1222 0099 1E       		.byte	0x1e
 1223 009a 03       		.byte	0x3
 1224 009b 00000000 		.4byte	cfg_memset_list.4758
 1225 009f 22       		.byte	0x22
 1226 00a0 9F       		.byte	0x9f
 1227 00a1 00000000 		.4byte	0
 1228 00a5 00000000 		.4byte	0
 1229              		.section	.debug_aranges,"",%progbits
 1230 0000 34000000 		.4byte	0x34
 1231 0004 0200     		.2byte	0x2
 1232 0006 00000000 		.4byte	.Ldebug_info0
 1233 000a 04       		.byte	0x4
 1234 000b 00       		.byte	0
 1235 000c 0000     		.2byte	0
 1236 000e 0000     		.2byte	0
 1237 0010 00000000 		.4byte	.LFB6
 1238 0014 20000000 		.4byte	.LFE6-.LFB6
 1239 0018 00000000 		.4byte	.LFB2
 1240 001c 0C000000 		.4byte	.LFE2-.LFB2
 1241 0020 00000000 		.4byte	.LFB5
 1242 0024 98000000 		.4byte	.LFE5-.LFB5
 1243 0028 98000000 		.4byte	.LFB7
 1244 002c E8000000 		.4byte	.LFE7-.LFB7
 1245 0030 00000000 		.4byte	0
 1246 0034 00000000 		.4byte	0
 1247              		.section	.debug_ranges,"",%progbits
 1248              	.Ldebug_ranges0:
 1249 0000 00000000 		.4byte	.LFB6
 1250 0004 20000000 		.4byte	.LFE6
 1251 0008 00000000 		.4byte	.LFB2
 1252 000c 0C000000 		.4byte	.LFE2
 1253 0010 00000000 		.4byte	.LFB5
 1254 0014 98000000 		.4byte	.LFE5
 1255 0018 98000000 		.4byte	.LFB7
 1256 001c 80010000 		.4byte	.LFE7
 1257 0020 00000000 		.4byte	0
 1258 0024 00000000 		.4byte	0
 1259              		.section	.debug_line,"",%progbits
 1260              	.Ldebug_line0:
 1261 0000 5B010000 		.section	.debug_str,"MS",%progbits,1
 1261      0200E500 
 1261      00000201 
 1261      FB0E0D00 
 1261      01010101 
 1262              	.LASF27:
 1263 0000 43794465 		.ascii	"CyDelayCycles\000"
 1263      6C617943 
 1263      79636C65 
 1263      7300
 1264              	.LASF19:
 1265 000e 72656733 		.ascii	"reg32\000"
ARM GAS  C:\Users\ADMINI~1\AppData\Local\Temp\ccXD5ckK.s 			page 29


 1265      3200
 1266              	.LASF11:
 1267 0014 73697A65 		.ascii	"size_t\000"
 1267      5F7400
 1268              	.LASF34:
 1269 001b 416E616C 		.ascii	"AnalogSetDefault\000"
 1269      6F675365 
 1269      74446566 
 1269      61756C74 
 1269      00
 1270              	.LASF25:
 1271 002c 6366675F 		.ascii	"cfg_memset_list\000"
 1271      6D656D73 
 1271      65745F6C 
 1271      69737400 
 1272              	.LASF21:
 1273 003c 436C6F63 		.ascii	"ClockSetup\000"
 1273      6B536574 
 1273      757000
 1274              	.LASF33:
 1275 0047 433A5C44 		.ascii	"C:\\Dropbox\\Projects\\George Posture Correction Pr"
 1275      726F7062 
 1275      6F785C50 
 1275      726F6A65 
 1275      6374735C 
 1276 0077 6F6A6563 		.ascii	"oject\\BackBone\\BLE_OTA_FixedStack_Bootloader01.cy"
 1276      745C4261 
 1276      636B426F 
 1276      6E655C42 
 1276      4C455F4F 
 1277 00a8 64736E00 		.ascii	"dsn\000"
 1278              	.LASF4:
 1279 00ac 73686F72 		.ascii	"short unsigned int\000"
 1279      7420756E 
 1279      7369676E 
 1279      65642069 
 1279      6E7400
 1280              	.LASF15:
 1281 00bf 666C6F61 		.ascii	"float\000"
 1281      7400
 1282              	.LASF23:
 1283 00c5 73697A65 		.ascii	"size\000"
 1283      00
 1284              	.LASF29:
 1285 00ca 43795379 		.ascii	"CySysClkWcoSetPowerMode\000"
 1285      73436C6B 
 1285      57636F53 
 1285      6574506F 
 1285      7765724D 
 1286              	.LASF18:
 1287 00e2 72656738 		.ascii	"reg8\000"
 1287      00
 1288              	.LASF6:
 1289 00e7 6C6F6E67 		.ascii	"long unsigned int\000"
 1289      20756E73 
 1289      69676E65 
 1289      6420696E 
ARM GAS  C:\Users\ADMINI~1\AppData\Local\Temp\ccXD5ckK.s 			page 30


 1289      7400
 1290              	.LASF12:
 1291 00f9 75696E74 		.ascii	"uint8\000"
 1291      3800
 1292              	.LASF36:
 1293 00ff 43795379 		.ascii	"CySysClkWcoStart\000"
 1293      73436C6B 
 1293      57636F53 
 1293      74617274 
 1293      00
 1294              	.LASF20:
 1295 0110 43594D45 		.ascii	"CYMEMZERO\000"
 1295      4D5A4552 
 1295      4F00
 1296              	.LASF2:
 1297 011a 756E7369 		.ascii	"unsigned char\000"
 1297      676E6564 
 1297      20636861 
 1297      7200
 1298              	.LASF26:
 1299 0128 6D656D73 		.ascii	"memset\000"
 1299      657400
 1300              	.LASF16:
 1301 012f 646F7562 		.ascii	"double\000"
 1301      6C6500
 1302              	.LASF35:
 1303 0136 63796669 		.ascii	"cyfitter_cfg\000"
 1303      74746572 
 1303      5F636667 
 1303      00
 1304              	.LASF13:
 1305 0143 75696E74 		.ascii	"uint16\000"
 1305      313600
 1306              	.LASF17:
 1307 014a 63797374 		.ascii	"cystatus\000"
 1307      61747573 
 1307      00
 1308              	.LASF14:
 1309 0153 75696E74 		.ascii	"uint32\000"
 1309      333200
 1310              	.LASF0:
 1311 015a 756E7369 		.ascii	"unsigned int\000"
 1311      676E6564 
 1311      20696E74 
 1311      00
 1312              	.LASF22:
 1313 0167 61646472 		.ascii	"address\000"
 1313      65737300 
 1314              	.LASF8:
 1315 016f 6C6F6E67 		.ascii	"long long unsigned int\000"
 1315      206C6F6E 
 1315      6720756E 
 1315      7369676E 
 1315      65642069 
 1316              	.LASF24:
 1317 0186 6366675F 		.ascii	"cfg_memset_t\000"
 1317      6D656D73 
ARM GAS  C:\Users\ADMINI~1\AppData\Local\Temp\ccXD5ckK.s 			page 31


 1317      65745F74 
 1317      00
 1318              	.LASF32:
 1319 0193 2E5C4765 		.ascii	".\\Generated_Source\\PSoC4\\cyfitter_cfg.c\000"
 1319      6E657261 
 1319      7465645F 
 1319      536F7572 
 1319      63655C50 
 1320              	.LASF9:
 1321 01bb 73697A65 		.ascii	"sizetype\000"
 1321      74797065 
 1321      00
 1322              	.LASF7:
 1323 01c4 6C6F6E67 		.ascii	"long long int\000"
 1323      206C6F6E 
 1323      6720696E 
 1323      7400
 1324              	.LASF37:
 1325 01d2 43794465 		.ascii	"CyDelayUs\000"
 1325      6C617955 
 1325      7300
 1326              	.LASF10:
 1327 01dc 63686172 		.ascii	"char\000"
 1327      00
 1328              	.LASF30:
 1329 01e1 43795379 		.ascii	"CySysClkEcoStart\000"
 1329      73436C6B 
 1329      45636F53 
 1329      74617274 
 1329      00
 1330              	.LASF31:
 1331 01f2 474E5520 		.ascii	"GNU C 4.9.3 20150303 (release) [ARM/embedded-4_9-br"
 1331      4320342E 
 1331      392E3320 
 1331      32303135 
 1331      30333033 
 1332 0225 616E6368 		.ascii	"anch revision 221220] -mcpu=cortex-m0 -mthumb -g -O"
 1332      20726576 
 1332      6973696F 
 1332      6E203232 
 1332      31323230 
 1333 0258 67202D66 		.ascii	"g -ffunction-sections -ffat-lto-objects\000"
 1333      66756E63 
 1333      74696F6E 
 1333      2D736563 
 1333      74696F6E 
 1334              	.LASF3:
 1335 0280 73686F72 		.ascii	"short int\000"
 1335      7420696E 
 1335      7400
 1336              	.LASF28:
 1337 028a 43795379 		.ascii	"CySysClkWriteImoFreq\000"
 1337      73436C6B 
 1337      57726974 
 1337      65496D6F 
 1337      46726571 
 1338              	.LASF5:
ARM GAS  C:\Users\ADMINI~1\AppData\Local\Temp\ccXD5ckK.s 			page 32


 1339 029f 6C6F6E67 		.ascii	"long int\000"
 1339      20696E74 
 1339      00
 1340              	.LASF1:
 1341 02a8 7369676E 		.ascii	"signed char\000"
 1341      65642063 
 1341      68617200 
 1342              		.ident	"GCC: (GNU Tools for ARM Embedded Processors) 4.9.3 20150303 (release) [ARM/embedded-4_9-br
